Component: ARM Compiler 5.06 update 4 (build 422) Tool: armlink [4d35d2]

==============================================================================

Section Cross References

    stm32f10x_adc.o(i.ADC_DeInit) refers to stm32f10x_rcc.o(i.RCC_APB2PeriphResetCmd) for RCC_APB2PeriphResetCmd
    stm32f10x_bkp.o(i.BKP_DeInit) refers to stm32f10x_rcc.o(i.RCC_BackupResetCmd) for RCC_BackupResetCmd
    stm32f10x_can.o(i.CAN_DeInit) refers to stm32f10x_rcc.o(i.RCC_APB1PeriphResetCmd) for RCC_APB1PeriphResetCmd
    stm32f10x_can.o(i.CAN_GetITStatus) refers to stm32f10x_can.o(i.CheckITStatus) for CheckITStatus
    stm32f10x_cec.o(i.CEC_DeInit) refers to stm32f10x_rcc.o(i.RCC_APB1PeriphResetCmd) for RCC_APB1PeriphResetCmd
    stm32f10x_dac.o(i.DAC_DeInit) refers to stm32f10x_rcc.o(i.RCC_APB1PeriphResetCmd) for RCC_APB1PeriphResetCmd
    stm32f10x_flash.o(i.FLASH_EnableWriteProtection) refers to stm32f10x_flash.o(i.FLASH_WaitForLastOperation) for FLASH_WaitForLastOperation
    stm32f10x_flash.o(i.FLASH_EraseAllBank1Pages) refers to stm32f10x_flash.o(i.FLASH_WaitForLastBank1Operation) for FLASH_WaitForLastBank1Operation
    stm32f10x_flash.o(i.FLASH_EraseAllPages) refers to stm32f10x_flash.o(i.FLASH_WaitForLastOperation) for FLASH_WaitForLastOperation
    stm32f10x_flash.o(i.FLASH_EraseOptionBytes) refers to stm32f10x_flash.o(i.FLASH_GetReadOutProtectionStatus) for FLASH_GetReadOutProtectionStatus
    stm32f10x_flash.o(i.FLASH_EraseOptionBytes) refers to stm32f10x_flash.o(i.FLASH_WaitForLastOperation) for FLASH_WaitForLastOperation
    stm32f10x_flash.o(i.FLASH_ErasePage) refers to stm32f10x_flash.o(i.FLASH_WaitForLastOperation) for FLASH_WaitForLastOperation
    stm32f10x_flash.o(i.FLASH_ProgramHalfWord) refers to stm32f10x_flash.o(i.FLASH_WaitForLastOperation) for FLASH_WaitForLastOperation
    stm32f10x_flash.o(i.FLASH_ProgramOptionByteData) refers to stm32f10x_flash.o(i.FLASH_WaitForLastOperation) for FLASH_WaitForLastOperation
    stm32f10x_flash.o(i.FLASH_ProgramWord) refers to stm32f10x_flash.o(i.FLASH_WaitForLastOperation) for FLASH_WaitForLastOperation
    stm32f10x_flash.o(i.FLASH_ReadOutProtection) refers to stm32f10x_flash.o(i.FLASH_WaitForLastOperation) for FLASH_WaitForLastOperation
    stm32f10x_flash.o(i.FLASH_UserOptionByteConfig) refers to stm32f10x_flash.o(i.FLASH_WaitForLastOperation) for FLASH_WaitForLastOperation
    stm32f10x_flash.o(i.FLASH_WaitForLastBank1Operation) refers to stm32f10x_flash.o(i.FLASH_GetBank1Status) for FLASH_GetBank1Status
    stm32f10x_flash.o(i.FLASH_WaitForLastOperation) refers to stm32f10x_flash.o(i.FLASH_GetBank1Status) for FLASH_GetBank1Status
    stm32f10x_gpio.o(i.GPIO_AFIODeInit) refers to stm32f10x_rcc.o(i.RCC_APB2PeriphResetCmd) for RCC_APB2PeriphResetCmd
    stm32f10x_gpio.o(i.GPIO_DeInit) refers to stm32f10x_rcc.o(i.RCC_APB2PeriphResetCmd) for RCC_APB2PeriphResetCmd
    stm32f10x_i2c.o(i.I2C_DeInit) refers to stm32f10x_rcc.o(i.RCC_APB1PeriphResetCmd) for RCC_APB1PeriphResetCmd
    stm32f10x_i2c.o(i.I2C_Init) refers to stm32f10x_rcc.o(i.RCC_GetClocksFreq) for RCC_GetClocksFreq
    stm32f10x_pwr.o(i.PWR_DeInit) refers to stm32f10x_rcc.o(i.RCC_APB1PeriphResetCmd) for RCC_APB1PeriphResetCmd
    stm32f10x_rcc.o(i.RCC_GetClocksFreq) refers to stm32f10x_rcc.o(.data) for APBAHBPrescTable
    stm32f10x_rcc.o(i.RCC_WaitForHSEStartUp) refers to stm32f10x_rcc.o(i.RCC_GetFlagStatus) for RCC_GetFlagStatus
    stm32f10x_rtc.o(i.RTC_SetAlarm) refers to stm32f10x_rtc.o(i.RTC_EnterConfigMode) for RTC_EnterConfigMode
    stm32f10x_rtc.o(i.RTC_SetAlarm) refers to stm32f10x_rtc.o(i.RTC_ExitConfigMode) for RTC_ExitConfigMode
    stm32f10x_rtc.o(i.RTC_SetCounter) refers to stm32f10x_rtc.o(i.RTC_EnterConfigMode) for RTC_EnterConfigMode
    stm32f10x_rtc.o(i.RTC_SetCounter) refers to stm32f10x_rtc.o(i.RTC_ExitConfigMode) for RTC_ExitConfigMode
    stm32f10x_rtc.o(i.RTC_SetPrescaler) refers to stm32f10x_rtc.o(i.RTC_EnterConfigMode) for RTC_EnterConfigMode
    stm32f10x_rtc.o(i.RTC_SetPrescaler) refers to stm32f10x_rtc.o(i.RTC_ExitConfigMode) for RTC_ExitConfigMode
    stm32f10x_spi.o(i.I2S_Init) refers to stm32f10x_rcc.o(i.RCC_GetClocksFreq) for RCC_GetClocksFreq
    stm32f10x_spi.o(i.SPI_I2S_DeInit) refers to stm32f10x_rcc.o(i.RCC_APB2PeriphResetCmd) for RCC_APB2PeriphResetCmd
    stm32f10x_spi.o(i.SPI_I2S_DeInit) refers to stm32f10x_rcc.o(i.RCC_APB1PeriphResetCmd) for RCC_APB1PeriphResetCmd
    stm32f10x_tim.o(i.TIM_DeInit) refers to stm32f10x_rcc.o(i.RCC_APB2PeriphResetCmd) for RCC_APB2PeriphResetCmd
    stm32f10x_tim.o(i.TIM_DeInit) refers to stm32f10x_rcc.o(i.RCC_APB1PeriphResetCmd) for RCC_APB1PeriphResetCmd
    stm32f10x_tim.o(i.TIM_ETRClockMode1Config) refers to stm32f10x_tim.o(i.TIM_ETRConfig) for TIM_ETRConfig
    stm32f10x_tim.o(i.TIM_ETRClockMode2Config) refers to stm32f10x_tim.o(i.TIM_ETRConfig) for TIM_ETRConfig
    stm32f10x_tim.o(i.TIM_ICInit) refers to stm32f10x_tim.o(i.TI1_Config) for TI1_Config
[...]
    Removing stm32f10x_rtc.o(i.RTC_WaitForSynchro), (36 bytes).
    Removing stm32f10x_sdio.o(i.SDIO_CEATAITCmd), (16 bytes).
    Removing stm32f10x_sdio.o(i.SDIO_ClearFlag), (12 bytes).
    Removing stm32f10x_sdio.o(i.SDIO_ClearITPendingBit), (12 bytes).
    Removing stm32f10x_sdio.o(i.SDIO_ClockCmd), (12 bytes).
    Removing stm32f10x_sdio.o(i.SDIO_CmdStructInit), (14 bytes).
    Removing stm32f10x_sdio.o(i.SDIO_CommandCompletionCmd), (12 bytes).
    Removing stm32f10x_sdio.o(i.SDIO_DMACmd), (12 bytes).
    Removing stm32f10x_sdio.o(i.SDIO_DataConfig), (48 bytes).
    Removing stm32f10x_sdio.o(i.SDIO_DataStructInit), (20 bytes).
    Removing stm32f10x_sdio.o(i.SDIO_DeInit), (36 bytes).
    Removing stm32f10x_sdio.o(i.SDIO_GetCommandResponse), (12 bytes).
    Removing stm32f10x_sdio.o(i.SDIO_GetDataCounter), (12 bytes).
    Removing stm32f10x_sdio.o(i.SDIO_GetFIFOCount), (12 bytes).
    Removing stm32f10x_sdio.o(i.SDIO_GetFlagStatus), (24 bytes).
    Removing stm32f10x_sdio.o(i.SDIO_GetITStatus), (24 bytes).
    Removing stm32f10x_sdio.o(i.SDIO_GetPowerState), (16 bytes).
    Removing stm32f10x_sdio.o(i.SDIO_GetResponse), (24 bytes).
    Removing stm32f10x_sdio.o(i.SDIO_ITConfig), (32 bytes).
    Removing stm32f10x_sdio.o(i.SDIO_Init), (48 bytes).
    Removing stm32f10x_sdio.o(i.SDIO_ReadData), (12 bytes).
    Removing stm32f10x_sdio.o(i.SDIO_SendCEATACmd), (12 bytes).
    Removing stm32f10x_sdio.o(i.SDIO_SendCommand), (44 bytes).
    Removing stm32f10x_sdio.o(i.SDIO_SendSDIOSuspendCmd), (12 bytes).
    Removing stm32f10x_sdio.o(i.SDIO_SetPowerState), (28 bytes).
    Removing stm32f10x_sdio.o(i.SDIO_SetSDIOOperation), (12 bytes).
    Removing stm32f10x_sdio.o(i.SDIO_SetSDIOReadWaitMode), (12 bytes).
    Removing stm32f10x_sdio.o(i.SDIO_StartSDIOReadWait), (12 bytes).
    Removing stm32f10x_sdio.o(i.SDIO_StopSDIOReadWait), (12 bytes).
    Removing stm32f10x_sdio.o(i.SDIO_StructInit), (16 bytes).
    Removing stm32f10x_sdio.o(i.SDIO_WriteData), (12 bytes).
    Removing stm32f10x_spi.o(i.I2S_Cmd), (24 bytes).
    Removing stm32f10x_spi.o(i.I2S_Init), (232 bytes).
    Removing stm32f10x_spi.o(i.I2S_StructInit), (20 bytes).
    Removing stm32f10x_spi.o(i.SPI_BiDirectionalLineConfig), (28 bytes).
    Removing stm32f10x_spi.o(i.SPI_CalculateCRC), (24 bytes).
    Removing stm32f10x_spi.o(i.SPI_Cmd), (24 bytes).
    Removing stm32f10x_spi.o(i.SPI_DataSizeConfig), (18 bytes).
    Removing stm32f10x_spi.o(i.SPI_GetCRC), (16 bytes).
    Removing stm32f10x_spi.o(i.SPI_GetCRCPolynomial), (6 bytes).
    Removing stm32f10x_spi.o(i.SPI_I2S_ClearFlag), (6 bytes).
    Removing stm32f10x_spi.o(i.SPI_I2S_ClearITPendingBit), (20 bytes).
    Removing stm32f10x_spi.o(i.SPI_I2S_DMACmd), (18 bytes).
    Removing stm32f10x_spi.o(i.SPI_I2S_DeInit), (88 bytes).
    Removing stm32f10x_spi.o(i.SPI_I2S_GetFlagStatus), (18 bytes).
    Removing stm32f10x_spi.o(i.SPI_I2S_GetITStatus), (52 bytes).
    Removing stm32f10x_spi.o(i.SPI_I2S_ITConfig), (32 bytes).
    Removing stm32f10x_spi.o(i.SPI_I2S_ReceiveData), (6 bytes).
    Removing stm32f10x_spi.o(i.SPI_I2S_SendData), (4 bytes).
    Removing stm32f10x_spi.o(i.SPI_Init), (60 bytes).
    Removing stm32f10x_spi.o(i.SPI_NSSInternalSoftwareConfig), (30 bytes).
    Removing stm32f10x_spi.o(i.SPI_SSOutputCmd), (24 bytes).
    Removing stm32f10x_spi.o(i.SPI_StructInit), (24 bytes).
    Removing stm32f10x_spi.o(i.SPI_TransmitCRC), (10 bytes).
    Removing stm32f10x_tim.o(i.TI1_Config), (128 bytes).
    Removing stm32f10x_tim.o(i.TI2_Config), (152 bytes).
    Removing stm32f10x_tim.o(i.TI3_Config), (144 bytes).
    Removing stm32f10x_tim.o(i.TI4_Config), (152 bytes).
    Removing stm32f10x_tim.o(i.TIM_ARRPreloadConfig), (24 bytes).
    Removing stm32f10x_tim.o(i.TIM_BDTRConfig), (32 bytes).
    Removing stm32f10x_tim.o(i.TIM_BDTRStructInit), (18 bytes).
    Removing stm32f10x_tim.o(i.TIM_CCPreloadControl), (24 bytes).
    Removing stm32f10x_tim.o(i.TIM_CCxCmd), (30 bytes).
    Removing stm32f10x_tim.o(i.TIM_CCxNCmd), (30 bytes).
    Removing stm32f10x_tim.o(i.TIM_ClearFlag), (6 bytes).
    Removing stm32f10x_tim.o(i.TIM_ClearITPendingBit), (6 bytes).
    Removing stm32f10x_tim.o(i.TIM_ClearOC1Ref), (18 bytes).
    Removing stm32f10x_tim.o(i.TIM_ClearOC2Ref), (24 bytes).
    Removing stm32f10x_tim.o(i.TIM_ClearOC3Ref), (18 bytes).
    Removing stm32f10x_tim.o(i.TIM_ClearOC4Ref), (24 bytes).
    Removing stm32f10x_tim.o(i.TIM_Cmd), (24 bytes).
    Removing stm32f10x_tim.o(i.TIM_CounterModeConfig), (18 bytes).
    Removing stm32f10x_tim.o(i.TIM_CtrlPWMOutputs), (30 bytes).
    Removing stm32f10x_tim.o(i.TIM_DMACmd), (18 bytes).
    Removing stm32f10x_tim.o(i.TIM_DMAConfig), (10 bytes).
    Removing stm32f10x_tim.o(i.TIM_DeInit), (488 bytes).
    Removing stm32f10x_tim.o(i.TIM_ETRClockMode1Config), (54 bytes).
    Removing stm32f10x_tim.o(i.TIM_ETRClockMode2Config), (32 bytes).
    Removing stm32f10x_tim.o(i.TIM_ETRConfig), (28 bytes).
    Removing stm32f10x_tim.o(i.TIM_EncoderInterfaceConfig), (66 bytes).
    Removing stm32f10x_tim.o(i.TIM_ForcedOC1Config), (18 bytes).
    Removing stm32f10x_tim.o(i.TIM_ForcedOC2Config), (26 bytes).
    Removing stm32f10x_tim.o(i.TIM_ForcedOC3Config), (18 bytes).
    Removing stm32f10x_tim.o(i.TIM_ForcedOC4Config), (26 bytes).
    Removing stm32f10x_tim.o(i.TIM_GenerateEvent), (4 bytes).
    Removing stm32f10x_tim.o(i.TIM_GetCapture1), (6 bytes).
    Removing stm32f10x_tim.o(i.TIM_GetCapture2), (6 bytes).
    Removing stm32f10x_tim.o(i.TIM_GetCapture3), (6 bytes).
    Removing stm32f10x_tim.o(i.TIM_GetCapture4), (8 bytes).
    Removing stm32f10x_tim.o(i.TIM_GetCounter), (6 bytes).
    Removing stm32f10x_tim.o(i.TIM_GetFlagStatus), (18 bytes).
    Removing stm32f10x_tim.o(i.TIM_GetITStatus), (34 bytes).
    Removing stm32f10x_tim.o(i.TIM_GetPrescaler), (6 bytes).
    Removing stm32f10x_tim.o(i.TIM_ICInit), (172 bytes).
    Removing stm32f10x_tim.o(i.TIM_ICStructInit), (18 bytes).
    Removing stm32f10x_tim.o(i.TIM_ITConfig), (18 bytes).
    Removing stm32f10x_tim.o(i.TIM_ITRxExternalClockConfig), (24 bytes).
    Removing stm32f10x_tim.o(i.TIM_InternalClockConfig), (12 bytes).
    Removing stm32f10x_tim.o(i.TIM_OC1FastConfig), (18 bytes).
    Removing stm32f10x_tim.o(i.TIM_OC1Init), (152 bytes).
    Removing stm32f10x_tim.o(i.TIM_OC1NPolarityConfig), (18 bytes).
    Removing stm32f10x_tim.o(i.TIM_OC1PolarityConfig), (18 bytes).
    Removing stm32f10x_tim.o(i.TIM_OC1PreloadConfig), (18 bytes).
    Removing stm32f10x_tim.o(i.TIM_OC2FastConfig), (26 bytes).
    Removing stm32f10x_tim.o(i.TIM_OC2Init), (164 bytes).
    Removing stm32f10x_tim.o(i.TIM_OC2NPolarityConfig), (26 bytes).
    Removing stm32f10x_tim.o(i.TIM_OC2PolarityConfig), (26 bytes).
    Removing stm32f10x_tim.o(i.TIM_OC2PreloadConfig), (26 bytes).
    Removing stm32f10x_tim.o(i.TIM_OC3FastConfig), (18 bytes).
    Removing stm32f10x_tim.o(i.TIM_OC3Init), (160 bytes).
    Removing stm32f10x_tim.o(i.TIM_OC3NPolarityConfig), (26 bytes).
    Removing stm32f10x_tim.o(i.TIM_OC3PolarityConfig), (26 bytes).
    Removing stm32f10x_tim.o(i.TIM_OC3PreloadConfig), (18 bytes).
    Removing stm32f10x_tim.o(i.TIM_OC4FastConfig), (26 bytes).
    Removing stm32f10x_tim.o(i.TIM_OC4Init), (124 bytes).
    Removing stm32f10x_tim.o(i.TIM_OC4PolarityConfig), (26 bytes).
    Removing stm32f10x_tim.o(i.TIM_OC4PreloadConfig), (26 bytes).
    Removing stm32f10x_tim.o(i.TIM_OCStructInit), (20 bytes).
    Removing stm32f10x_tim.o(i.TIM_PWMIConfig), (124 bytes).
    Removing stm32f10x_tim.o(i.TIM_PrescalerConfig), (6 bytes).
    Removing stm32f10x_tim.o(i.TIM_SelectCCDMA), (24 bytes).
    Removing stm32f10x_tim.o(i.TIM_SelectCOM), (24 bytes).
    Removing stm32f10x_tim.o(i.TIM_SelectHallSensor), (24 bytes).
    Removing stm32f10x_tim.o(i.TIM_SelectInputTrigger), (18 bytes).
    Removing stm32f10x_tim.o(i.TIM_SelectMasterSlaveMode), (18 bytes).
    Removing stm32f10x_tim.o(i.TIM_SelectOCxM), (82 bytes).
    Removing stm32f10x_tim.o(i.TIM_SelectOnePulseMode), (18 bytes).
    Removing stm32f10x_tim.o(i.TIM_SelectOutputTrigger), (18 bytes).
    Removing stm32f10x_tim.o(i.TIM_SelectSlaveMode), (18 bytes).
    Removing stm32f10x_tim.o(i.TIM_SetAutoreload), (4 bytes).
    Removing stm32f10x_tim.o(i.TIM_SetClockDivision), (18 bytes).
    Removing stm32f10x_tim.o(i.TIM_SetCompare1), (4 bytes).
    Removing stm32f10x_tim.o(i.TIM_SetCompare2), (4 bytes).
    Removing stm32f10x_tim.o(i.TIM_SetCompare3), (4 bytes).
    Removing stm32f10x_tim.o(i.TIM_SetCompare4), (6 bytes).
    Removing stm32f10x_tim.o(i.TIM_SetCounter), (4 bytes).
    Removing stm32f10x_tim.o(i.TIM_SetIC1Prescaler), (18 bytes).
    Removing stm32f10x_tim.o(i.TIM_SetIC2Prescaler), (26 bytes).
    Removing stm32f10x_tim.o(i.TIM_SetIC3Prescaler), (18 bytes).
    Removing stm32f10x_tim.o(i.TIM_SetIC4Prescaler), (26 bytes).
    Removing stm32f10x_tim.o(i.TIM_TIxExternalClockConfig), (62 bytes).
    Removing stm32f10x_tim.o(i.TIM_TimeBaseInit), (164 bytes).
    Removing stm32f10x_tim.o(i.TIM_TimeBaseStructInit), (18 bytes).
    Removing stm32f10x_tim.o(i.TIM_UpdateDisableConfig), (24 bytes).
    Removing stm32f10x_tim.o(i.TIM_UpdateRequestConfig), (24 bytes).
    Removing stm32f10x_usart.o(i.USART_ClearFlag), (18 bytes).
    Removing stm32f10x_usart.o(i.USART_ClearITPendingBit), (30 bytes).
    Removing stm32f10x_usart.o(i.USART_ClockInit), (34 bytes).
    Removing stm32f10x_usart.o(i.USART_ClockStructInit), (12 bytes).
    Removing stm32f10x_usart.o(i.USART_Cmd), (24 bytes).
    Removing stm32f10x_usart.o(i.USART_DMACmd), (18 bytes).
    Removing stm32f10x_usart.o(i.USART_DeInit), (156 bytes).
    Removing stm32f10x_usart.o(i.USART_GetFlagStatus), (26 bytes).
    Removing stm32f10x_usart.o(i.USART_GetITStatus), (84 bytes).
    Removing stm32f10x_usart.o(i.USART_HalfDuplexCmd), (24 bytes).
    Removing stm32f10x_usart.o(i.USART_ITConfig), (74 bytes).
    Removing stm32f10x_usart.o(i.USART_Init), (216 bytes).
    Removing stm32f10x_usart.o(i.USART_IrDACmd), (24 bytes).
    Removing stm32f10x_usart.o(i.USART_IrDAConfig), (18 bytes).
    Removing stm32f10x_usart.o(i.USART_LINBreakDetectLengthConfig), (18 bytes).
    Removing stm32f10x_usart.o(i.USART_LINCmd), (24 bytes).
    Removing stm32f10x_usart.o(i.USART_OneBitMethodCmd), (24 bytes).
    Removing stm32f10x_usart.o(i.USART_OverSampling8Cmd), (22 bytes).
    Removing stm32f10x_usart.o(i.USART_ReceiveData), (10 bytes).
    Removing stm32f10x_usart.o(i.USART_ReceiverWakeUpCmd), (24 bytes).
    Removing stm32f10x_usart.o(i.USART_SendBreak), (10 bytes).
    Removing stm32f10x_usart.o(i.USART_SendData), (8 bytes).
    Removing stm32f10x_usart.o(i.USART_SetAddress), (18 bytes).
    Removing stm32f10x_usart.o(i.USART_SetGuardTime), (16 bytes).
    Removing stm32f10x_usart.o(i.USART_SetPrescaler), (16 bytes).
    Removing stm32f10x_usart.o(i.USART_SmartCardCmd), (24 bytes).
    Removing stm32f10x_usart.o(i.USART_SmartCardNACKCmd), (24 bytes).
    Removing stm32f10x_usart.o(i.USART_StructInit), (24 bytes).
    Removing stm32f10x_usart.o(i.USART_WakeUpConfig), (18 bytes).
    Removing stm32f10x_wwdg.o(i.WWDG_ClearFlag), (12 bytes).
    Removing stm32f10x_wwdg.o(i.WWDG_DeInit), (22 bytes).
    Removing stm32f10x_wwdg.o(i.WWDG_Enable), (16 bytes).
    Removing stm32f10x_wwdg.o(i.WWDG_EnableIT), (12 bytes).
    Removing stm32f10x_wwdg.o(i.WWDG_GetFlagStatus), (12 bytes).
    Removing stm32f10x_wwdg.o(i.WWDG_SetCounter), (16 bytes).
    Removing stm32f10x_wwdg.o(i.WWDG_SetPrescaler), (24 bytes).
    Removing stm32f10x_wwdg.o(i.WWDG_SetWindowValue), (40 bytes).
    Removing system_stm32f10x.o(i.SystemCoreClockUpdate), (164 bytes).
    Removing core_cm3.o(.emb_text), (32 bytes).
    Removing clock.o(i.rt_system_tick_init), (2 bytes).
    Removing clock.o(i.rt_tick_from_millisecond), (56 bytes).
    Removing clock.o(i.rt_tick_set), (28 bytes).
    Removing idle.o(i.rt_thread_idle_gethandler), (8 bytes).
    Removing ipc.o(i.rt_ipc_list_resume), (20 bytes).
    Removing ipc.o(i.rt_ipc_list_resume_all), (50 bytes).
    Removing ipc.o(i.rt_ipc_list_suspend), (108 bytes).
    Removing ipc.o(i.rt_ipc_object_init), (16 bytes).
    Removing ipc.o(i.rt_list_init), (6 bytes).
    Removing ipc.o(i.rt_list_insert_before), (14 bytes).
    Removing ipc.o(i.rt_list_isempty), (16 bytes).
    Removing ipc.o(i.rt_mb_control), (66 bytes).
    Removing ipc.o(i.rt_mb_detach), (30 bytes).
    Removing ipc.o(i.rt_mb_init), (62 bytes).
    Removing ipc.o(i.rt_mb_recv), (244 bytes).
    Removing ipc.o(i.rt_mb_send), (18 bytes).
    Removing ipc.o(i.rt_mb_send_wait), (246 bytes).
    Removing ipc.o(i.rt_sem_control), (54 bytes).
    Removing ipc.o(i.rt_sem_detach), (22 bytes).
    Removing ipc.o(i.rt_sem_init), (38 bytes).
    Removing ipc.o(i.rt_sem_release), (58 bytes).
    Removing ipc.o(i.rt_sem_take), (116 bytes).
    Removing ipc.o(i.rt_sem_trytake), (14 bytes).
    Removing irq.o(i.rt_interrupt_get_nest), (12 bytes).
    Removing kservice.o(i._rt_errno), (36 bytes).
    Removing kservice.o(i.rt_get_errno), (36 bytes).
    Removing kservice.o(i.rt_kputs), (18 bytes).
    Removing kservice.o(i.rt_memcmp), (38 bytes).
    Removing kservice.o(i.rt_memcpy), (124 bytes).
    Removing kservice.o(i.rt_memmove), (66 bytes).
    Removing kservice.o(i.rt_set_errno), (40 bytes).
    Removing kservice.o(i.rt_snprintf), (38 bytes).
    Removing kservice.o(i.rt_sprintf), (34 bytes).
    Removing kservice.o(i.rt_strcasecmp), (48 bytes).
    Removing kservice.o(i.rt_strcmp), (28 bytes).
    Removing kservice.o(i.rt_strncmp), (40 bytes).
    Removing kservice.o(i.rt_strnlen), (24 bytes).
    Removing kservice.o(i.rt_strstr), (58 bytes).
    Removing kservice.o(i.rt_vsprintf), (22 bytes).
    Removing kservice.o(.data), (4 bytes).
    Removing object.o(i.rt_object_find), (86 bytes).
    Removing object.o(i.rt_object_get_type), (10 bytes).
    Removing object.o(i.rt_system_object_init), (2 bytes).
    Removing scheduler.o(i.rt_critical_level), (12 bytes).
    Removing thread.o(i.rt_thread_control), (106 bytes).
    Removing thread.o(i.rt_thread_detach), (88 bytes).
    Removing thread.o(i.rt_thread_find), (82 bytes).
    Removing thread.o(i.rt_thread_mdelay), (20 bytes).
    Removing timer.o(i.rt_timer_list_next_timeout), (28 bytes).
    Removing timer.o(i.rt_timer_next_timeout_tick), (16 bytes).
    Removing cpuport.o(i.rt_hw_cpu_reset), (16 bytes).
    Removing cpuport.o(i.rt_hw_cpu_shutdown), (28 bytes).
    Removing cpuport.o(i.rt_hw_exception_install), (12 bytes).

524 unused section(s) (total 21538 bytes) removed from the image.

==============================================================================

Image Symbol Table

    Local Symbols

    Symbol Name                              Value     Ov Type        Size  Object(Section)

    ../clib/angel/boardlib.s                 0x00000000   Number         0  boardinit1.o ABSOLUTE
    ../clib/angel/boardlib.s                 0x00000000   Number         0  boardinit2.o ABSOLUTE
    ../clib/angel/boardlib.s                 0x00000000   Number         0  boardinit3.o ABSOLUTE
    ../clib/angel/boardlib.s                 0x00000000   Number         0  boardshut.o ABSOLUTE
    ../clib/angel/handlers.s                 0x00000000   Number         0  __scatter_copy.o ABSOLUTE
    ../clib/angel/handlers.s                 0x00000000   Number         0  __scatter_zi.o ABSOLUTE
    ../clib/angel/kernel.s                   0x00000000   Number         0  __rtentry2.o ABSOLUTE
    ../clib/angel/kernel.s                   0x00000000   Number         0  __rtentry4.o ABSOLUTE
    ../clib/angel/kernel.s                   0x00000000   Number         0  rtexit.o ABSOLUTE
    ../clib/angel/kernel.s                   0x00000000   Number         0  rtexit2.o ABSOLUTE
    ../clib/angel/kernel.s                   0x00000000   Number         0  __rtentry.o ABSOLUTE
    ../clib/angel/rt.s                       0x00000000   Number         0  rt_raise.o ABSOLUTE
    ../clib/angel/scatter.s                  0x00000000   Number         0  __scatter.o ABSOLUTE
    ../clib/angel/startup.s                  0x00000000   Number         0  __main.o ABSOLUTE
    ../clib/angel/sys.s                      0x00000000   Number         0  sys_stackheap_outer.o ABSOLUTE
    ../clib/angel/sys.s                      0x00000000   Number         0  indicate_semi.o ABSOLUTE
    ../clib/angel/sys.s                      0x00000000   Number         0  use_no_semi.o ABSOLUTE
    ../clib/angel/sys.s                      0x00000000   Number         0  libspace.o ABSOLUTE
    ../clib/angel/sysapp.c                   0x00000000   Number         0  sys_command.o ABSOLUTE
    ../clib/angel/sysapp.c                   0x00000000   Number         0  sys_exit.o ABSOLUTE
    ../clib/angel/sysapp.c                   0x00000000   Number         0  sys_wrch.o ABSOLUTE
    ../clib/armsys.c                         0x00000000   Number         0  no_argv.o ABSOLUTE
    ../clib/armsys.c                         0x00000000   Number         0  argv_veneer.o ABSOLUTE
    ../clib/armsys.c                         0x00000000   Number         0  _get_argv_nomalloc.o ABSOLUTE
    ../clib/armsys.c                         0x00000000   Number         0  argv_veneer.o ABSOLUTE
    ../clib/heapalloc.c                      0x00000000   Number         0  hrguard.o ABSOLUTE
    ../clib/heapaux.c                        0x00000000   Number         0  heapauxi.o ABSOLUTE
    ../clib/libinit.s                        0x00000000   Number         0  libinit.o ABSOLUTE
    ../clib/libinit.s                        0x00000000   Number         0  libinit2.o ABSOLUTE
    ../clib/libinit.s                        0x00000000   Number         0  libshutdown.o ABSOLUTE
    ../clib/libinit.s                        0x00000000   Number         0  libshutdown2.o ABSOLUTE
    ../clib/signal.c                         0x00000000   Number         0  defsig_rtred_inner.o ABSOLUTE
    ../clib/signal.c                         0x00000000   Number         0  defsig_fpe_inner.o ABSOLUTE
    ../clib/signal.c                         0x00000000   Number         0  defsig_abrt_inner.o ABSOLUTE
    ../clib/signal.c                         0x00000000   Number         0  defsig_general.o ABSOLUTE
    ../clib/signal.c                         0x00000000   Number         0  defsig_rtmem_formal.o ABSOLUTE
    ../clib/signal.c                         0x00000000   Number         0  defsig_rtmem_outer.o ABSOLUTE
    ../clib/signal.c                         0x00000000   Number         0  __raise.o ABSOLUTE
    ../clib/signal.c                         0x00000000   Number         0  defsig_other.o ABSOLUTE
    ../clib/signal.c                         0x00000000   Number         0  defsig_segv_inner.o ABSOLUTE
    ../clib/signal.c                         0x00000000   Number         0  defsig_cppl_inner.o ABSOLUTE
    ../clib/signal.c                         0x00000000   Number         0  defsig_pvfn_inner.o ABSOLUTE
    ../clib/signal.c                         0x00000000   Number         0  defsig_stak_inner.o ABSOLUTE
    ../clib/signal.c                         0x00000000   Number         0  defsig_rtmem_inner.o ABSOLUTE
    ../clib/signal.c                         0x00000000   Number         0  defsig_exit.o ABSOLUTE
    ../clib/signal.s                         0x00000000   Number         0  defsig.o ABSOLUTE
    ../clib/stdlib.c                         0x00000000   Number         0  exit.o ABSOLUTE
    ../fplib/fpinit.s                        0x00000000   Number         0  fpinit.o ABSOLUTE
    ..\\src\\stm32f103_libraries\\CMSIS\\CM3\\CoreSupport\\core_cm3.c 0x00000000   Number         0  core_cm3.o ABSOLUTE
    ..\src\rt_thread\bsp\board.c             0x00000000   Number         0  board.o ABSOLUTE
    ..\src\rt_thread\libcpu\arm\cortex-m3\context_rvds.S 0x00000000   Number         0  context_rvds.o ABSOLUTE
    ..\src\rt_thread\libcpu\arm\cortex-m3\cpuport.c 0x00000000   Number         0  cpuport.o ABSOLUTE
    ..\src\rt_thread\src\clock.c             0x00000000   Number         0  clock.o ABSOLUTE
    ..\src\rt_thread\src\components.c        0x00000000   Number         0  components.o ABSOLUTE
    ..\src\rt_thread\src\cpu.c               0x00000000   Number         0  cpu.o ABSOLUTE
    ..\src\rt_thread\src\device.c            0x00000000   Number         0  device.o ABSOLUTE
    ..\src\rt_thread\src\idle.c              0x00000000   Number         0  idle.o ABSOLUTE
    ..\src\rt_thread\src\ipc.c               0x00000000   Number         0  ipc.o ABSOLUTE
    ..\src\rt_thread\src\irq.c               0x00000000   Number         0  irq.o ABSOLUTE
    ..\src\rt_thread\src\kservice.c          0x00000000   Number         0  kservice.o ABSOLUTE
    ..\src\rt_thread\src\mem.c               0x00000000   Number         0  mem.o ABSOLUTE
    ..\src\rt_thread\src\memheap.c           0x00000000   Number         0  memheap.o ABSOLUTE
    ..\src\rt_thread\src\mempool.c           0x00000000   Number         0  mempool.o ABSOLUTE
    ..\src\rt_thread\src\object.c            0x00000000   Number         0  object.o ABSOLUTE
    ..\src\rt_thread\src\scheduler.c         0x00000000   Number         0  scheduler.o ABSOLUTE
    ..\src\rt_thread\src\signal.c            0x00000000   Number         0  signal.o ABSOLUTE
    ..\src\rt_thread\src\slab.c              0x00000000   Number         0  slab.o ABSOLUTE
    ..\src\rt_thread\src\thread.c            0x00000000   Number         0  thread.o ABSOLUTE
    ..\src\rt_thread\src\timer.c             0x00000000   Number         0  timer.o ABSOLUTE
    ..\src\stm32f103_libraries\CMSIS\CM3\CoreSupport\core_cm3.c 0x00000000   Number         0  core_cm3.o ABSOLUTE
    ..\src\stm32f103_libraries\CMSIS\CM3\DeviceSupport\ST\STM32F10x\startup\arm\startup_stm32f10x_hd.s 0x00000000   Number         0  startup_stm32f10x_hd.o ABSOLUTE
    ..\src\stm32f103_libraries\CMSIS\CM3\DeviceSupport\ST\STM32F10x\system_stm32f10x.c 0x00000000   Number         0  system_stm32f10x.o ABSOLUTE
    ..\src\stm32f103_libraries\STM32F10x_StdPeriph_Driver\src\misc.c 0x00000000   Number         0  misc.o ABSOLUTE
    ..\src\stm32f103_libraries\STM32F10x_StdPeriph_Driver\src\stm32f10x_adc.c 0x00000000   Number         0  stm32f10x_adc.o ABSOLUTE
    ..\src\stm32f103_libraries\STM32F10x_StdPeriph_Driver\src\stm32f10x_bkp.c 0x00000000   Number         0  stm32f10x_bkp.o ABSOLUTE
    ..\src\stm32f103_libraries\STM32F10x_StdPeriph_Driver\src\stm32f10x_can.c 0x00000000   Number         0  stm32f10x_can.o ABSOLUTE
    ..\src\stm32f103_libraries\STM32F10x_StdPeriph_Driver\src\stm32f10x_cec.c 0x00000000   Number         0  stm32f10x_cec.o ABSOLUTE
    ..\src\stm32f103_libraries\STM32F10x_StdPeriph_Driver\src\stm32f10x_crc.c 0x00000000   Number         0  stm32f10x_crc.o ABSOLUTE
    ..\src\stm32f103_libraries\STM32F10x_StdPeriph_Driver\src\stm32f10x_dac.c 0x00000000   Number         0  stm32f10x_dac.o ABSOLUTE
    ..\src\stm32f103_libraries\STM32F10x_StdPeriph_Driver\src\stm32f10x_dbgmcu.c 0x00000000   Number         0  stm32f10x_dbgmcu.o ABSOLUTE
    ..\src\stm32f103_libraries\STM32F10x_StdPeriph_Driver\src\stm32f10x_dma.c 0x00000000   Number         0  stm32f10x_dma.o ABSOLUTE
    ..\src\stm32f103_libraries\STM32F10x_StdPeriph_Driver\src\stm32f10x_exti.c 0x00000000   Number         0  stm32f10x_exti.o ABSOLUTE
    ..\src\stm32f103_libraries\STM32F10x_StdPeriph_Driver\src\stm32f10x_flash.c 0x00000000   Number         0  stm32f10x_flash.o ABSOLUTE
    ..\src\stm32f103_libraries\STM32F10x_StdPeriph_Driver\src\stm32f10x_fsmc.c 0x00000000   Number         0  stm32f10x_fsmc.o ABSOLUTE
    ..\src\stm32f103_libraries\STM32F10x_StdPeriph_Driver\src\stm32f10x_gpio.c 0x00000000   Number         0  stm32f10x_gpio.o ABSOLUTE
    ..\src\stm32f103_libraries\STM32F10x_StdPeriph_Driver\src\stm32f10x_i2c.c 0x00000000   Number         0  stm32f10x_i2c.o ABSOLUTE
    ..\src\stm32f103_libraries\STM32F10x_StdPeriph_Driver\src\stm32f10x_iwdg.c 0x00000000   Number         0  stm32f10x_iwdg.o ABSOLUTE
    ..\src\stm32f103_libraries\STM32F10x_StdPeriph_Driver\src\stm32f10x_pwr.c 0x00000000   Number         0  stm32f10x_pwr.o ABSOLUTE
    ..\src\stm32f103_libraries\STM32F10x_StdPeriph_Driver\src\stm32f10x_rcc.c 0x00000000   Number         0  stm32f10x_rcc.o ABSOLUTE
    ..\src\stm32f103_libraries\STM32F10x_StdPeriph_Driver\src\stm32f10x_rtc.c 0x00000000   Number         0  stm32f10x_rtc.o ABSOLUTE
    ..\src\stm32f103_libraries\STM32F10x_StdPeriph_Driver\src\stm32f10x_sdio.c 0x00000000   Number         0  stm32f10x_sdio.o ABSOLUTE
    ..\src\stm32f103_libraries\STM32F10x_StdPeriph_Driver\src\stm32f10x_spi.c 0x00000000   Number         0  stm32f10x_spi.o ABSOLUTE
    ..\src\stm32f103_libraries\STM32F10x_StdPeriph_Driver\src\stm32f10x_tim.c 0x00000000   Number         0  stm32f10x_tim.o ABSOLUTE
    ..\src\stm32f103_libraries\STM32F10x_StdPeriph_Driver\src\stm32f10x_usart.c 0x00000000   Number         0  stm32f10x_usart.o ABSOLUTE
    ..\src\stm32f103_libraries\STM32F10x_StdPeriph_Driver\src\stm32f10x_wwdg.c 0x00000000   Number         0  stm32f10x_wwdg.o ABSOLUTE
    ..\src\user\led.c                        0x00000000   Number         0  led.o ABSOLUTE
    ..\src\user\main.c                       0x00000000   Number         0  main.o ABSOLUTE
    dc.s                                     0x00000000   Number         0  dc.o ABSOLUTE
    RESET                                    0x08000000   Section      304  startup_stm32f10x_hd.o(RESET)
    !!!main                                  0x08000130   Section        8  __main.o(!!!main)
    !!!scatter                               0x08000138   Section       52  __scatter.o(!!!scatter)
    !!handler_copy                           0x0800016c   Section       26  __scatter_copy.o(!!handler_copy)
    !!handler_zi                             0x08000188   Section       28  __scatter_zi.o(!!handler_zi)
    .ARM.Collect$$libinit$$00000000          0x080001a4   Section        2  libinit.o(.ARM.Collect$$libinit$$00000000)
    .ARM.Collect$$libinit$$00000002          0x080001a6   Section        0  libinit2.o(.ARM.Collect$$libinit$$00000002)
    .ARM.Collect$$libinit$$00000004          0x080001a6   Section        0  libinit2.o(.ARM.Collect$$libinit$$00000004)
    .ARM.Collect$$libinit$$0000000A          0x080001a6   Section        0  libinit2.o(.ARM.Collect$$libinit$$0000000A)
    .ARM.Collect$$libinit$$0000000C          0x080001a6   Section        0  libinit2.o(.ARM.Collect$$libinit$$0000000C)
    .ARM.Collect$$libinit$$0000000E          0x080001a6   Section        0  libinit2.o(.ARM.Collect$$libinit$$0000000E)
    .ARM.Collect$$libinit$$00000011          0x080001a6   Section        0  libinit2.o(.ARM.Collect$$libinit$$00000011)
    .ARM.Collect$$libinit$$00000013          0x080001a6   Section        0  libinit2.o(.ARM.Collect$$libinit$$00000013)
    .ARM.Collect$$libinit$$00000015          0x080001a6   Section        0  libinit2.o(.ARM.Collect$$libinit$$00000015)
    .ARM.Collect$$libinit$$00000017          0x080001a6   Section        0  libinit2.o(.ARM.Collect$$libinit$$00000017)
    .ARM.Collect$$libinit$$00000019          0x080001a6   Section        0  libinit2.o(.ARM.Collect$$libinit$$00000019)
    .ARM.Collect$$libinit$$0000001B          0x080001a6   Section        0  libinit2.o(.ARM.Collect$$libinit$$0000001B)
    .ARM.Collect$$libinit$$0000001D          0x080001a6   Section        0  libinit2.o(.ARM.Collect$$libinit$$0000001D)
    .ARM.Collect$$libinit$$0000001F          0x080001a6   Section        0  libinit2.o(.ARM.Collect$$libinit$$0000001F)
    .ARM.Collect$$libinit$$00000021          0x080001a6   Section        0  libinit2.o(.ARM.Collect$$libinit$$00000021)
    .ARM.Collect$$libinit$$00000023          0x080001a6   Section        0  libinit2.o(.ARM.Collect$$libinit$$00000023)
    .ARM.Collect$$libinit$$00000025          0x080001a6   Section        0  libinit2.o(.ARM.Collect$$libinit$$00000025)
    .ARM.Collect$$libinit$$0000002C          0x080001a6   Section        0  libinit2.o(.ARM.Collect$$libinit$$0000002C)
    .ARM.Collect$$libinit$$0000002E          0x080001a6   Section        0  libinit2.o(.ARM.Collect$$libinit$$0000002E)
    .ARM.Collect$$libinit$$00000030          0x080001a6   Section        0  libinit2.o(.ARM.Collect$$libinit$$00000030)
    .ARM.Collect$$libinit$$00000032          0x080001a6   Section        0  libinit2.o(.ARM.Collect$$libinit$$00000032)
    .ARM.Collect$$libinit$$00000033          0x080001a6   Section        2  libinit2.o(.ARM.Collect$$libinit$$00000033)
    .ARM.Collect$$libshutdown$$00000000      0x080001a8   Section        2  libshutdown.o(.ARM.Collect$$libshutdown$$00000000)
    .ARM.Collect$$libshutdown$$00000002      0x080001aa   Section        0  libshutdown2.o(.ARM.Collect$$libshutdown$$00000002)
    .ARM.Collect$$libshutdown$$00000004      0x080001aa   Section        0  libshutdown2.o(.ARM.Collect$$libshutdown$$00000004)
    .ARM.Collect$$libshutdown$$00000007      0x080001aa   Section        0  libshutdown2.o(.ARM.Collect$$libshutdown$$00000007)
    .ARM.Collect$$libshutdown$$0000000A      0x080001aa   Section        0  libshutdown2.o(.ARM.Collect$$libshutdown$$0000000A)
    .ARM.Collect$$libshutdown$$0000000C      0x080001aa   Section        0  libshutdown2.o(.ARM.Collect$$libshutdown$$0000000C)
    .ARM.Collect$$libshutdown$$0000000F      0x080001aa   Section        0  libshutdown2.o(.ARM.Collect$$libshutdown$$0000000F)
    .ARM.Collect$$libshutdown$$00000010      0x080001aa   Section        2  libshutdown2.o(.ARM.Collect$$libshutdown$$00000010)
    .ARM.Collect$$rtentry$$00000000          0x080001ac   Section        0  __rtentry.o(.ARM.Collect$$rtentry$$00000000)
    .ARM.Collect$$rtentry$$00000002          0x080001ac   Section        0  __rtentry2.o(.ARM.Collect$$rtentry$$00000002)
    .ARM.Collect$$rtentry$$00000004          0x080001ac   Section        6  __rtentry4.o(.ARM.Collect$$rtentry$$00000004)
    .ARM.Collect$$rtentry$$00000009          0x080001b2   Section        0  __rtentry2.o(.ARM.Collect$$rtentry$$00000009)
    .ARM.Collect$$rtentry$$0000000A          0x080001b2   Section        4  __rtentry2.o(.ARM.Collect$$rtentry$$0000000A)
    .ARM.Collect$$rtentry$$0000000C          0x080001b6   Section        0  __rtentry2.o(.ARM.Collect$$rtentry$$0000000C)
    .ARM.Collect$$rtentry$$0000000D          0x080001b6   Section        8  __rtentry2.o(.ARM.Collect$$rtentry$$0000000D)
    .ARM.Collect$$rtexit$$00000000           0x080001be   Section        2  rtexit.o(.ARM.Collect$$rtexit$$00000000)
    .ARM.Collect$$rtexit$$00000002           0x080001c0   Section        0  rtexit2.o(.ARM.Collect$$rtexit$$00000002)
    .ARM.Collect$$rtexit$$00000003           0x080001c0   Section        4  rtexit2.o(.ARM.Collect$$rtexit$$00000003)
    .ARM.Collect$$rtexit$$00000004           0x080001c4   Section        6  rtexit2.o(.ARM.Collect$$rtexit$$00000004)
    .text                                    0x080001cc   Section       64  startup_stm32f10x_hd.o(.text)
    .text                                    0x0800020c   Section      244  context_rvds.o(.text)
    .text                                    0x08000300   Section        0  heapauxi.o(.text)
    .text                                    0x08000306   Section       74  sys_stackheap_outer.o(.text)
    .text                                    0x08000350   Section        0  exit.o(.text)
    .text                                    0x08000364   Section        8  libspace.o(.text)
    .text                                    0x0800036c   Section        0  sys_exit.o(.text)
    .text                                    0x08000378   Section        2  use_no_semi.o(.text)
    .text                                    0x0800037a   Section        0  indicate_semi.o(.text)
    i.$Sub$$main                             0x0800037a   Section        0  components.o(i.$Sub$$main)
    i.GPIO_Init                              0x08000384   Section        0  stm32f10x_gpio.o(i.GPIO_Init)
    i.GPIO_ResetBits                         0x0800049a   Section        0  stm32f10x_gpio.o(i.GPIO_ResetBits)
    i.GPIO_SetBits                           0x0800049e   Section        0  stm32f10x_gpio.o(i.GPIO_SetBits)
    i.LED_GPIO_Config                        0x080004a4   Section        0  led.o(i.LED_GPIO_Config)
    i.LED_RED_thread_entry                   0x080004f0   Section        0  led.o(i.LED_RED_thread_entry)
    LED_RED_thread_entry                     0x080004f1   Thumb Code    36  led.o(i.LED_RED_thread_entry)
    i.LED_RED_thread_init                    0x08000518   Section        0  led.o(i.LED_RED_thread_init)
    i.LED_RED_thread_startup                 0x08000550   Section        0  led.o(i.LED_RED_thread_startup)
    i.LED_YELLOW_thread_entry                0x08000560   Section        0  led.o(i.LED_YELLOW_thread_entry)
    LED_YELLOW_thread_entry                  0x08000561   Thumb Code    36  led.o(i.LED_YELLOW_thread_entry)
    i.LED_YELLOW_thread_init                 0x08000588   Section        0  led.o(i.LED_YELLOW_thread_init)
    i.LED_YELLOW_thread_startup              0x080005c4   Section        0  led.o(i.LED_YELLOW_thread_startup)
    i.RCC_APB2PeriphClockCmd                 0x080005d4   Section        0  stm32f10x_rcc.o(i.RCC_APB2PeriphClockCmd)
    i.SetSysClock                            0x080005f4   Section        0  system_stm32f10x.o(i.SetSysClock)
    SetSysClock                              0x080005f5   Thumb Code     8  system_stm32f10x.o(i.SetSysClock)
    i.SetSysClockTo72                        0x080005fc   Section        0  system_stm32f10x.o(i.SetSysClockTo72)
    SetSysClockTo72                          0x080005fd   Thumb Code   214  system_stm32f10x.o(i.SetSysClockTo72)
    i.SysTick_Handler                        0x080006dc   Section        0  board.o(i.SysTick_Handler)
    i.SystemInit                             0x080006ec   Section        0  system_stm32f10x.o(i.SystemInit)
    i.__rt_ffs                               0x0800074c   Section        0  kservice.o(i.__rt_ffs)
    i._has_defunct_thread                    0x08000798   Section        0  idle.o(i._has_defunct_thread)
    _has_defunct_thread                      0x08000799   Thumb Code    16  idle.o(i._has_defunct_thread)
    i._rt_thread_init                        0x080007ac   Section        0  thread.o(i._rt_thread_init)
    _rt_thread_init                          0x080007ad   Thumb Code   124  thread.o(i._rt_thread_init)
    i._rt_timer_init                         0x08000830   Section        0  timer.o(i._rt_timer_init)
    _rt_timer_init                           0x08000831   Thumb Code    66  timer.o(i._rt_timer_init)
    i._rt_timer_remove                       0x08000872   Section        0  timer.o(i._rt_timer_remove)
    _rt_timer_remove                         0x08000873   Thumb Code    46  timer.o(i._rt_timer_remove)
    i.main                                   0x080008a0   Section        0  main.o(i.main)
    i.main_thread_entry                      0x080008b6   Section        0  components.o(i.main_thread_entry)
    i.print_number                           0x080008c4   Section        0  kservice.o(i.print_number)
    print_number                             0x080008c5   Thumb Code   400  kservice.o(i.print_number)
    i.rt_application_init                    0x08000a5c   Section        0  components.o(i.rt_application_init)
    i.rt_components_board_init               0x08000a9c   Section        0  components.o(i.rt_components_board_init)
    i.rt_components_init                     0x08000ab8   Section        0  components.o(i.rt_components_init)
    i.rt_enter_critical                      0x08000ad4   Section        0  scheduler.o(i.rt_enter_critical)
    i.rt_exit_critical                       0x08000af4   Section        0  scheduler.o(i.rt_exit_critical)
    i.rt_hw_board_init                       0x08000b38   Section        0  board.o(i.rt_hw_board_init)
    i.rt_hw_console_output                   0x08000ba0   Section        0  kservice.o(i.rt_hw_console_output)
    i.rt_hw_hard_fault_exception             0x08000ba4   Section        0  cpuport.o(i.rt_hw_hard_fault_exception)
    i.rt_hw_stack_init                       0x08000da4   Section        0  cpuport.o(i.rt_hw_stack_init)
    i.rt_interrupt_enter                     0x08000df0   Section        0  irq.o(i.rt_interrupt_enter)
    i.rt_interrupt_leave                     0x08000e10   Section        0  irq.o(i.rt_interrupt_leave)
    i.rt_kprintf                             0x08000e30   Section        0  kservice.o(i.rt_kprintf)
    i.rt_list_init                           0x08000e60   Section        0  scheduler.o(i.rt_list_init)
    rt_list_init                             0x08000e61   Thumb Code     6  scheduler.o(i.rt_list_init)
    i.rt_list_init                           0x08000e66   Section        0  timer.o(i.rt_list_init)
    rt_list_init                             0x08000e67   Thumb Code     6  timer.o(i.rt_list_init)
    i.rt_list_insert_after                   0x08000e6c   Section        0  thread.o(i.rt_list_insert_after)
    rt_list_insert_after                     0x08000e6d   Thumb Code    14  thread.o(i.rt_list_insert_after)
    i.rt_list_insert_after                   0x08000e7a   Section        0  timer.o(i.rt_list_insert_after)
    rt_list_insert_after                     0x08000e7b   Thumb Code    14  timer.o(i.rt_list_insert_after)
    i.rt_list_isempty                        0x08000e88   Section        0  timer.o(i.rt_list_isempty)
    rt_list_isempty                          0x08000e89   Thumb Code    16  timer.o(i.rt_list_isempty)
    i.rt_list_remove                         0x08000e98   Section        0  thread.o(i.rt_list_remove)
    rt_list_remove                           0x08000e99   Thumb Code    18  thread.o(i.rt_list_remove)
    i.rt_memset                              0x08000eaa   Section        0  kservice.o(i.rt_memset)
    i.rt_object_detach                       0x08000ef2   Section        0  object.o(i.rt_object_detach)
    i.rt_object_get_information              0x08000f20   Section        0  object.o(i.rt_object_get_information)
    i.rt_object_init                         0x08000f48   Section        0  object.o(i.rt_object_init)
    i.rt_object_is_systemobject              0x08000fa8   Section        0  object.o(i.rt_object_is_systemobject)
    i.rt_schedule                            0x08000fbc   Section        0  scheduler.o(i.rt_schedule)
    i.rt_schedule_insert_thread              0x08001040   Section        0  scheduler.o(i.rt_schedule_insert_thread)
    i.rt_schedule_remove_thread              0x08001090   Section        0  scheduler.o(i.rt_schedule_remove_thread)
    i.rt_show_version                        0x080010e4   Section        0  kservice.o(i.rt_show_version)
    i.rt_strlen                              0x08001194   Section        0  kservice.o(i.rt_strlen)
    i.rt_strncpy                             0x080011a6   Section        0  kservice.o(i.rt_strncpy)
    i.rt_system_scheduler_init               0x080011dc   Section        0  scheduler.o(i.rt_system_scheduler_init)
    i.rt_system_scheduler_start              0x08001228   Section        0  scheduler.o(i.rt_system_scheduler_start)
    i.rt_system_timer_init                   0x08001258   Section        0  timer.o(i.rt_system_timer_init)
    i.rt_system_timer_thread_init            0x08001274   Section        0  timer.o(i.rt_system_timer_thread_init)
    i.rt_thread_delay                        0x08001276   Section        0  thread.o(i.rt_thread_delay)
    i.rt_thread_exit                         0x08001284   Section        0  thread.o(i.rt_thread_exit)
    i.rt_thread_idle_entry                   0x080012d8   Section        0  idle.o(i.rt_thread_idle_entry)
    rt_thread_idle_entry                     0x080012d9   Thumb Code     8  idle.o(i.rt_thread_idle_entry)
    i.rt_thread_idle_excute                  0x080012e0   Section        0  idle.o(i.rt_thread_idle_excute)
    i.rt_thread_idle_init                    0x08001360   Section        0  idle.o(i.rt_thread_idle_init)
    i.rt_thread_init                         0x0800139c   Section        0  thread.o(i.rt_thread_init)
    i.rt_thread_resume                       0x080013d0   Section        0  thread.o(i.rt_thread_resume)
    i.rt_thread_self                         0x0800140c   Section        0  thread.o(i.rt_thread_self)
    i.rt_thread_sleep                        0x08001418   Section        0  thread.o(i.rt_thread_sleep)
    i.rt_thread_startup                      0x0800145c   Section        0  thread.o(i.rt_thread_startup)
    i.rt_thread_suspend                      0x08001488   Section        0  thread.o(i.rt_thread_suspend)
    i.rt_thread_timeout                      0x080014cc   Section        0  thread.o(i.rt_thread_timeout)
    i.rt_thread_yield                        0x080014ec   Section        0  thread.o(i.rt_thread_yield)
    i.rt_tick_get                            0x08001550   Section        0  clock.o(i.rt_tick_get)
    i.rt_tick_increase                       0x0800155c   Section        0  clock.o(i.rt_tick_increase)
    i.rt_timer_check                         0x0800158c   Section        0  timer.o(i.rt_timer_check)
    i.rt_timer_control                       0x08001608   Section        0  timer.o(i.rt_timer_control)
    i.rt_timer_detach                        0x08001640   Section        0  timer.o(i.rt_timer_detach)
    i.rt_timer_init                          0x08001660   Section        0  timer.o(i.rt_timer_init)
    i.rt_timer_start                         0x08001690   Section        0  timer.o(i.rt_timer_start)
    i.rt_timer_stop                          0x08001788   Section        0  timer.o(i.rt_timer_stop)
    i.rt_vsnprintf                           0x080017b8   Section        0  kservice.o(i.rt_vsnprintf)
    i.rti_board_end                          0x08001ae8   Section        0  components.o(i.rti_board_end)
    rti_board_end                            0x08001ae9   Thumb Code     4  components.o(i.rti_board_end)
    i.rti_board_start                        0x08001aec   Section        0  components.o(i.rti_board_start)
    rti_board_start                          0x08001aed   Thumb Code     4  components.o(i.rti_board_start)
    i.rti_end                                0x08001af0   Section        0  components.o(i.rti_end)
    rti_end                                  0x08001af1   Thumb Code     4  components.o(i.rti_end)
    i.rti_start                              0x08001af4   Section        0  components.o(i.rti_start)
    rti_start                                0x08001af5   Thumb Code     4  components.o(i.rti_start)
    i.rtthread_startup                       0x08001af8   Section        0  components.o(i.rtthread_startup)
    i.skip_atoi                              0x08001b22   Section        0  kservice.o(i.skip_atoi)
    skip_atoi                                0x08001b23   Thumb Code    38  kservice.o(i.skip_atoi)
    .constdata                               0x08001b48   Section      290  kservice.o(.constdata)
    small_digits                             0x08001c48   Data          17  kservice.o(.constdata)
    large_digits                             0x08001c59   Data          17  kservice.o(.constdata)
    .rti_fn.0                                0x08001c6c   Section        4  components.o(.rti_fn.0)
    __tagsym$$used                           0x08001c6c   Number         0  components.o(.rti_fn.0)
    .rti_fn.0.end                            0x08001c70   Section        4  components.o(.rti_fn.0.end)
    __tagsym$$used                           0x08001c70   Number         0  components.o(.rti_fn.0.end)
    .rti_fn.1.end                            0x08001c74   Section        4  components.o(.rti_fn.1.end)
    __tagsym$$used                           0x08001c74   Number         0  components.o(.rti_fn.1.end)
    .rti_fn.6.end                            0x08001c78   Section        4  components.o(.rti_fn.6.end)
    __tagsym$$used                           0x08001c78   Number         0  components.o(.rti_fn.6.end)
    .data                                    0x20000000   Section       20  system_stm32f10x.o(.data)
    .data                                    0x20000014   Section        4  clock.o(.data)
    rt_tick                                  0x20000014   Data           4  clock.o(.data)
    .data                                    0x20000018   Section        1  irq.o(.data)
    .data                                    0x2000001c   Section       64  object.o(.data)
    rt_object_container                      0x2000001c   Data          64  object.o(.data)
    .data                                    0x2000005c   Section       24  scheduler.o(.data)
    rt_scheduler_lock_nest                   0x2000005c   Data           2  scheduler.o(.data)
    .data                                    0x20000074   Section       12  timer.o(.data)
    rt_timer_list                            0x20000074   Data           8  timer.o(.data)
    random_nr                                0x2000007c   Data           4  timer.o(.data)
    .data                                    0x20000080   Section       16  cpuport.o(.data)
    rt_exception_hook                        0x2000008c   Data           4  cpuport.o(.data)
    .bss                                     0x20000090   Section      632  components.o(.bss)
    main_stack                               0x20000090   Data         512  components.o(.bss)
    .bss                                     0x20000308   Section      248  idle.o(.bss)
    idle                                     0x20000308   Data         120  idle.o(.bss)
    rt_thread_stack                          0x20000380   Data         128  idle.o(.bss)
    .bss                                     0x20000400   Section      128  kservice.o(.bss)
    rt_log_buf                               0x20000400   Data         128  kservice.o(.bss)
    .bss                                     0x20000480   Section       64  scheduler.o(.bss)
    .bss                                     0x200004c0   Section      752  led.o(.bss)
    rt_LED_RED_thread_stack                  0x200004c0   Data         256  led.o(.bss)
    rt_LED_YELLOW_thread_stack               0x200005c0   Data         256  led.o(.bss)
    LED_RED_thread                           0x200006c0   Data         120  led.o(.bss)
    LED_YELLOW_thread                        0x20000738   Data         120  led.o(.bss)
    .bss                                     0x200007b0   Section       96  libspace.o(.bss)
    HEAP                                     0x20000810   Section      512  startup_stm32f10x_hd.o(HEAP)
    Heap_Mem                                 0x20000810   Data         512  startup_stm32f10x_hd.o(HEAP)
    STACK                                    0x20000a10   Section     1024  startup_stm32f10x_hd.o(STACK)
    Stack_Mem                                0x20000a10   Data        1024  startup_stm32f10x_hd.o(STACK)
    __initial_sp                             0x20000e10   Data           0  startup_stm32f10x_hd.o(STACK)

    Global Symbols

    Symbol Name                              Value     Ov Type        Size  Object(Section)

    BuildAttributes$$THM_ISAv4$P$D$K$B$S$PE$A:L22UL41UL21$X:L11$S22US41US21$IEEE1$IW$USESV6$~STKCKD$USESV7$~SHL$OSPACE$ROPI$EBA8$UX$STANDARDLIB$REQ8$PRES8$EABIv2 0x00000000   Number         0  anon$$obj.o ABSOLUTE
    __ARM_use_no_argv                        0x00000000   Number         0  main.o ABSOLUTE
    __ARM_exceptions_init                     - Undefined Weak Reference
    __alloca_initialize                       - Undefined Weak Reference
    __arm_preinit_                            - Undefined Weak Reference
    __cpp_initialize__aeabi_                  - Undefined Weak Reference
    __cxa_finalize                            - Undefined Weak Reference
    __rt_locale                               - Undefined Weak Reference
    __sigvec_lookup                           - Undefined Weak Reference
    _atexit_init                              - Undefined Weak Reference
    _call_atexit_fns                          - Undefined Weak Reference
    _clock_init                               - Undefined Weak Reference
    _fp_trap_init                             - Undefined Weak Reference
    _fp_trap_shutdown                         - Undefined Weak Reference
    _get_lc_collate                           - Undefined Weak Reference
    _get_lc_ctype                             - Undefined Weak Reference
    _get_lc_monetary                          - Undefined Weak Reference
    _get_lc_numeric                           - Undefined Weak Reference
    _get_lc_time                              - Undefined Weak Reference
    _getenv_init                              - Undefined Weak Reference
    _handle_redirection                       - Undefined Weak Reference
    _init_alloc                               - Undefined Weak Reference
    _init_user_alloc                          - Undefined Weak Reference
    _initio                                   - Undefined Weak Reference
    _rand_init                                - Undefined Weak Reference
    _signal_finish                            - Undefined Weak Reference
    _signal_init                              - Undefined Weak Reference
    _terminate_alloc                          - Undefined Weak Reference
    _terminate_user_alloc                     - Undefined Weak Reference
    _terminateio                              - Undefined Weak Reference
    __Vectors_Size                           0x00000130   Number         0  startup_stm32f10x_hd.o ABSOLUTE
    __Vectors                                0x08000000   Data           4  startup_stm32f10x_hd.o(RESET)
    __Vectors_End                            0x08000130   Data           0  startup_stm32f10x_hd.o(RESET)
    __main                                   0x08000131   Thumb Code     8  __main.o(!!!main)
    __scatterload                            0x08000139   Thumb Code     0  __scatter.o(!!!scatter)
    __scatterload_rt2                        0x08000139   Thumb Code    44  __scatter.o(!!!scatter)
    __scatterload_rt2_thumb_only             0x08000139   Thumb Code     0  __scatter.o(!!!scatter)
    __scatterload_null                       0x08000147   Thumb Code     0  __scatter.o(!!!scatter)
    __scatterload_copy                       0x0800016d   Thumb Code    26  __scatter_copy.o(!!handler_copy)
    __scatterload_zeroinit                   0x08000189   Thumb Code    28  __scatter_zi.o(!!handler_zi)
    __rt_lib_init                            0x080001a5   Thumb Code     0  libinit.o(.ARM.Collect$$libinit$$00000000)
    __rt_lib_init_alloca_1                   0x080001a7   Thumb Code     0  libinit2.o(.ARM.Collect$$libinit$$0000002E)
    __rt_lib_init_argv_1                     0x080001a7   Thumb Code     0  libinit2.o(.ARM.Collect$$libinit$$0000002C)
    __rt_lib_init_atexit_1                   0x080001a7   Thumb Code     0  libinit2.o(.ARM.Collect$$libinit$$0000001B)
    __rt_lib_init_clock_1                    0x080001a7   Thumb Code     0  libinit2.o(.ARM.Collect$$libinit$$00000021)
    __rt_lib_init_cpp_1                      0x080001a7   Thumb Code     0  libinit2.o(.ARM.Collect$$libinit$$00000032)
    __rt_lib_init_exceptions_1               0x080001a7   Thumb Code     0  libinit2.o(.ARM.Collect$$libinit$$00000030)
    __rt_lib_init_fp_1                       0x080001a7   Thumb Code     0  libinit2.o(.ARM.Collect$$libinit$$00000002)
    __rt_lib_init_fp_trap_1                  0x080001a7   Thumb Code     0  libinit2.o(.ARM.Collect$$libinit$$0000001F)
    __rt_lib_init_getenv_1                   0x080001a7   Thumb Code     0  libinit2.o(.ARM.Collect$$libinit$$00000023)
    __rt_lib_init_heap_1                     0x080001a7   Thumb Code     0  libinit2.o(.ARM.Collect$$libinit$$0000000A)
    __rt_lib_init_lc_collate_1               0x080001a7   Thumb Code     0  libinit2.o(.ARM.Collect$$libinit$$00000011)
    __rt_lib_init_lc_ctype_1                 0x080001a7   Thumb Code     0  libinit2.o(.ARM.Collect$$libinit$$00000013)
    __rt_lib_init_lc_monetary_1              0x080001a7   Thumb Code     0  libinit2.o(.ARM.Collect$$libinit$$00000015)
    __rt_lib_init_lc_numeric_1               0x080001a7   Thumb Code     0  libinit2.o(.ARM.Collect$$libinit$$00000017)
    __rt_lib_init_lc_time_1                  0x080001a7   Thumb Code     0  libinit2.o(.ARM.Collect$$libinit$$00000019)
    __rt_lib_init_preinit_1                  0x080001a7   Thumb Code     0  libinit2.o(.ARM.Collect$$libinit$$00000004)
    __rt_lib_init_rand_1                     0x080001a7   Thumb Code     0  libinit2.o(.ARM.Collect$$libinit$$0000000E)
    __rt_lib_init_return                     0x080001a7   Thumb Code     0  libinit2.o(.ARM.Collect$$libinit$$00000033)
    __rt_lib_init_signal_1                   0x080001a7   Thumb Code     0  libinit2.o(.ARM.Collect$$libinit$$0000001D)
    __rt_lib_init_stdio_1                    0x080001a7   Thumb Code     0  libinit2.o(.ARM.Collect$$libinit$$00000025)
    __rt_lib_init_user_alloc_1               0x080001a7   Thumb Code     0  libinit2.o(.ARM.Collect$$libinit$$0000000C)
    __rt_lib_shutdown                        0x080001a9   Thumb Code     0  libshutdown.o(.ARM.Collect$$libshutdown$$00000000)
    __rt_lib_shutdown_cpp_1                  0x080001ab   Thumb Code     0  libshutdown2.o(.ARM.Collect$$libshutdown$$00000002)
    __rt_lib_shutdown_fp_trap_1              0x080001ab   Thumb Code     0  libshutdown2.o(.ARM.Collect$$libshutdown$$00000007)
    __rt_lib_shutdown_heap_1                 0x080001ab   Thumb Code     0  libshutdown2.o(.ARM.Collect$$libshutdown$$0000000F)
    __rt_lib_shutdown_return                 0x080001ab   Thumb Code     0  libshutdown2.o(.ARM.Collect$$libshutdown$$00000010)
    __rt_lib_shutdown_signal_1               0x080001ab   Thumb Code     0  libshutdown2.o(.ARM.Collect$$libshutdown$$0000000A)
    __rt_lib_shutdown_stdio_1                0x080001ab   Thumb Code     0  libshutdown2.o(.ARM.Collect$$libshutdown$$00000004)
    __rt_lib_shutdown_user_alloc_1           0x080001ab   Thumb Code     0  libshutdown2.o(.ARM.Collect$$libshutdown$$0000000C)
    __rt_entry                               0x080001ad   Thumb Code     0  __rtentry.o(.ARM.Collect$$rtentry$$00000000)
    __rt_entry_presh_1                       0x080001ad   Thumb Code     0  __rtentry2.o(.ARM.Collect$$rtentry$$00000002)
    __rt_entry_sh                            0x080001ad   Thumb Code     0  __rtentry4.o(.ARM.Collect$$rtentry$$00000004)
    __rt_entry_li                            0x080001b3   Thumb Code     0  __rtentry2.o(.ARM.Collect$$rtentry$$0000000A)
    __rt_entry_postsh_1                      0x080001b3   Thumb Code     0  __rtentry2.o(.ARM.Collect$$rtentry$$00000009)
    __rt_entry_main                          0x080001b7   Thumb Code     0  __rtentry2.o(.ARM.Collect$$rtentry$$0000000D)
    __rt_entry_postli_1                      0x080001b7   Thumb Code     0  __rtentry2.o(.ARM.Collect$$rtentry$$0000000C)
    __rt_exit                                0x080001bf   Thumb Code     0  rtexit.o(.ARM.Collect$$rtexit$$00000000)
    __rt_exit_ls                             0x080001c1   Thumb Code     0  rtexit2.o(.ARM.Collect$$rtexit$$00000003)
    __rt_exit_prels_1                        0x080001c1   Thumb Code     0  rtexit2.o(.ARM.Collect$$rtexit$$00000002)
    __rt_exit_exit                           0x080001c5   Thumb Code     0  rtexit2.o(.ARM.Collect$$rtexit$$00000004)
    Reset_Handler                            0x080001cd   Thumb Code     8  startup_stm32f10x_hd.o(.text)
    NMI_Handler                              0x080001d5   Thumb Code     2  startup_stm32f10x_hd.o(.text)
    MemManage_Handler                        0x080001d9   Thumb Code     2  startup_stm32f10x_hd.o(.text)
    BusFault_Handler                         0x080001db   Thumb Code     2  startup_stm32f10x_hd.o(.text)
    UsageFault_Handler                       0x080001dd   Thumb Code     2  startup_stm32f10x_hd.o(.text)
    SVC_Handler                              0x080001df   Thumb Code     2  startup_stm32f10x_hd.o(.text)
    DebugMon_Handler                         0x080001e1   Thumb Code     2  startup_stm32f10x_hd.o(.text)
    ADC1_2_IRQHandler                        0x080001e7   Thumb Code     0  startup_stm32f10x_hd.o(.text)
    ADC3_IRQHandler                          0x080001e7   Thumb Code     0  startup_stm32f10x_hd.o(.text)
    CAN1_RX1_IRQHandler                      0x080001e7   Thumb Code     0  startup_stm32f10x_hd.o(.text)
    CAN1_SCE_IRQHandler                      0x080001e7   Thumb Code     0  startup_stm32f10x_hd.o(.text)
    DMA1_Channel1_IRQHandler                 0x080001e7   Thumb Code     0  startup_stm32f10x_hd.o(.text)
    DMA1_Channel2_IRQHandler                 0x080001e7   Thumb Code     0  startup_stm32f10x_hd.o(.text)
    DMA1_Channel3_IRQHandler                 0x080001e7   Thumb Code     0  startup_stm32f10x_hd.o(.text)
    DMA1_Channel4_IRQHandler                 0x080001e7   Thumb Code     0  startup_stm32f10x_hd.o(.text)
    DMA1_Channel5_IRQHandler                 0x080001e7   Thumb Code     0  startup_stm32f10x_hd.o(.text)
    DMA1_Channel6_IRQHandler                 0x080001e7   Thumb Code     0  startup_stm32f10x_hd.o(.text)
    DMA1_Channel7_IRQHandler                 0x080001e7   Thumb Code     0  startup_stm32f10x_hd.o(.text)
    DMA2_Channel1_IRQHandler                 0x080001e7   Thumb Code     0  startup_stm32f10x_hd.o(.text)
    DMA2_Channel2_IRQHandler                 0x080001e7   Thumb Code     0  startup_stm32f10x_hd.o(.text)
    DMA2_Channel3_IRQHandler                 0x080001e7   Thumb Code     0  startup_stm32f10x_hd.o(.text)
    DMA2_Channel4_5_IRQHandler               0x080001e7   Thumb Code     0  startup_stm32f10x_hd.o(.text)
    EXTI0_IRQHandler                         0x080001e7   Thumb Code     0  startup_stm32f10x_hd.o(.text)
    EXTI15_10_IRQHandler                     0x080001e7   Thumb Code     0  startup_stm32f10x_hd.o(.text)
    EXTI1_IRQHandler                         0x080001e7   Thumb Code     0  startup_stm32f10x_hd.o(.text)
    EXTI2_IRQHandler                         0x080001e7   Thumb Code     0  startup_stm32f10x_hd.o(.text)
    EXTI3_IRQHandler                         0x080001e7   Thumb Code     0  startup_stm32f10x_hd.o(.text)
    EXTI4_IRQHandler                         0x080001e7   Thumb Code     0  startup_stm32f10x_hd.o(.text)
    EXTI9_5_IRQHandler                       0x080001e7   Thumb Code     0  startup_stm32f10x_hd.o(.text)
    FLASH_IRQHandler                         0x080001e7   Thumb Code     0  startup_stm32f10x_hd.o(.text)
    FSMC_IRQHandler                          0x080001e7   Thumb Code     0  startup_stm32f10x_hd.o(.text)
    I2C1_ER_IRQHandler                       0x080001e7   Thumb Code     0  startup_stm32f10x_hd.o(.text)
    I2C1_EV_IRQHandler                       0x080001e7   Thumb Code     0  startup_stm32f10x_hd.o(.text)
    I2C2_ER_IRQHandler                       0x080001e7   Thumb Code     0  startup_stm32f10x_hd.o(.text)
    I2C2_EV_IRQHandler                       0x080001e7   Thumb Code     0  startup_stm32f10x_hd.o(.text)
    PVD_IRQHandler                           0x080001e7   Thumb Code     0  startup_stm32f10x_hd.o(.text)
    RCC_IRQHandler                           0x080001e7   Thumb Code     0  startup_stm32f10x_hd.o(.text)
    RTCAlarm_IRQHandler                      0x080001e7   Thumb Code     0  startup_stm32f10x_hd.o(.text)
    RTC_IRQHandler                           0x080001e7   Thumb Code     0  startup_stm32f10x_hd.o(.text)
    SDIO_IRQHandler                          0x080001e7   Thumb Code     0  startup_stm32f10x_hd.o(.text)
    SPI1_IRQHandler                          0x080001e7   Thumb Code     0  startup_stm32f10x_hd.o(.text)
    SPI2_IRQHandler                          0x080001e7   Thumb Code     0  startup_stm32f10x_hd.o(.text)
    SPI3_IRQHandler                          0x080001e7   Thumb Code     0  startup_stm32f10x_hd.o(.text)
    TAMPER_IRQHandler                        0x080001e7   Thumb Code     0  startup_stm32f10x_hd.o(.text)
    TIM1_BRK_IRQHandler                      0x080001e7   Thumb Code     0  startup_stm32f10x_hd.o(.text)
    TIM1_CC_IRQHandler                       0x080001e7   Thumb Code     0  startup_stm32f10x_hd.o(.text)
    TIM1_TRG_COM_IRQHandler                  0x080001e7   Thumb Code     0  startup_stm32f10x_hd.o(.text)
    TIM1_UP_IRQHandler                       0x080001e7   Thumb Code     0  startup_stm32f10x_hd.o(.text)
    TIM2_IRQHandler                          0x080001e7   Thumb Code     0  startup_stm32f10x_hd.o(.text)
    TIM3_IRQHandler                          0x080001e7   Thumb Code     0  startup_stm32f10x_hd.o(.text)
    TIM4_IRQHandler                          0x080001e7   Thumb Code     0  startup_stm32f10x_hd.o(.text)
    TIM5_IRQHandler                          0x080001e7   Thumb Code     0  startup_stm32f10x_hd.o(.text)
    TIM6_IRQHandler                          0x080001e7   Thumb Code     0  startup_stm32f10x_hd.o(.text)
    TIM7_IRQHandler                          0x080001e7   Thumb Code     0  startup_stm32f10x_hd.o(.text)
    TIM8_BRK_IRQHandler                      0x080001e7   Thumb Code     0  startup_stm32f10x_hd.o(.text)
    TIM8_CC_IRQHandler                       0x080001e7   Thumb Code     0  startup_stm32f10x_hd.o(.text)
    TIM8_TRG_COM_IRQHandler                  0x080001e7   Thumb Code     0  startup_stm32f10x_hd.o(.text)
    TIM8_UP_IRQHandler                       0x080001e7   Thumb Code     0  startup_stm32f10x_hd.o(.text)
    UART4_IRQHandler                         0x080001e7   Thumb Code     0  startup_stm32f10x_hd.o(.text)
    UART5_IRQHandler                         0x080001e7   Thumb Code     0  startup_stm32f10x_hd.o(.text)
    USART1_IRQHandler                        0x080001e7   Thumb Code     0  startup_stm32f10x_hd.o(.text)
    USART2_IRQHandler                        0x080001e7   Thumb Code     0  startup_stm32f10x_hd.o(.text)
    USART3_IRQHandler                        0x080001e7   Thumb Code     0  startup_stm32f10x_hd.o(.text)
    USBWakeUp_IRQHandler                     0x080001e7   Thumb Code     0  startup_stm32f10x_hd.o(.text)
    USB_HP_CAN1_TX_IRQHandler                0x080001e7   Thumb Code     0  startup_stm32f10x_hd.o(.text)
    USB_LP_CAN1_RX0_IRQHandler               0x080001e7   Thumb Code     0  startup_stm32f10x_hd.o(.text)
    WWDG_IRQHandler                          0x080001e7   Thumb Code     0  startup_stm32f10x_hd.o(.text)
    __user_initial_stackheap                 0x080001e9   Thumb Code     0  startup_stm32f10x_hd.o(.text)
    rt_hw_interrupt_disable                  0x0800020d   Thumb Code     8  context_rvds.o(.text)
    rt_hw_interrupt_enable                   0x08000215   Thumb Code     6  context_rvds.o(.text)
    rt_hw_context_switch                     0x0800021b   Thumb Code    32  context_rvds.o(.text)
    rt_hw_context_switch_interrupt           0x0800021b   Thumb Code     0  context_rvds.o(.text)
    PendSV_Handler                           0x0800023b   Thumb Code    60  context_rvds.o(.text)
    rt_hw_context_switch_to                  0x08000277   Thumb Code    58  context_rvds.o(.text)
    rt_hw_interrupt_thread_switch            0x080002b1   Thumb Code     2  context_rvds.o(.text)
    HardFault_Handler                        0x080002b3   Thumb Code    52  context_rvds.o(.text)
    __use_two_region_memory                  0x08000301   Thumb Code     2  heapauxi.o(.text)
    __rt_heap_escrow$2region                 0x08000303   Thumb Code     2  heapauxi.o(.text)
    __rt_heap_expand$2region                 0x08000305   Thumb Code     2  heapauxi.o(.text)
    __user_setup_stackheap                   0x08000307   Thumb Code    74  sys_stackheap_outer.o(.text)
    exit                                     0x08000351   Thumb Code    18  exit.o(.text)
    __user_libspace                          0x08000365   Thumb Code     8  libspace.o(.text)
    __user_perproc_libspace                  0x08000365   Thumb Code     0  libspace.o(.text)
    __user_perthread_libspace                0x08000365   Thumb Code     0  libspace.o(.text)
    _sys_exit                                0x0800036d   Thumb Code     8  sys_exit.o(.text)
    __I$use$semihosting                      0x08000379   Thumb Code     0  use_no_semi.o(.text)
    __use_no_semihosting_swi                 0x08000379   Thumb Code     2  use_no_semi.o(.text)
    __semihosting_library_function           0x0800037b   Thumb Code     0  indicate_semi.o(.text)
    main                                     0x0800037b   Thumb Code    10  components.o(i.$Sub$$main)
    GPIO_Init                                0x08000385   Thumb Code   278  stm32f10x_gpio.o(i.GPIO_Init)
    GPIO_ResetBits                           0x0800049b   Thumb Code     4  stm32f10x_gpio.o(i.GPIO_ResetBits)
    GPIO_SetBits                             0x0800049f   Thumb Code     4  stm32f10x_gpio.o(i.GPIO_SetBits)
    LED_GPIO_Config                          0x080004a5   Thumb Code    68  led.o(i.LED_GPIO_Config)
    LED_RED_thread_init                      0x08000519   Thumb Code    34  led.o(i.LED_RED_thread_init)
    LED_RED_thread_startup                   0x08000551   Thumb Code    10  led.o(i.LED_RED_thread_startup)
    LED_YELLOW_thread_init                   0x08000589   Thumb Code    34  led.o(i.LED_YELLOW_thread_init)
    LED_YELLOW_thread_startup                0x080005c5   Thumb Code    10  led.o(i.LED_YELLOW_thread_startup)
    RCC_APB2PeriphClockCmd                   0x080005d5   Thumb Code    26  stm32f10x_rcc.o(i.RCC_APB2PeriphClockCmd)
    SysTick_Handler                          0x080006dd   Thumb Code    16  board.o(i.SysTick_Handler)
    SystemInit                               0x080006ed   Thumb Code    78  system_stm32f10x.o(i.SystemInit)
    __rt_ffs                                 0x0800074d   Thumb Code    70  kservice.o(i.__rt_ffs)
    $Super$$main                             0x080008a1   Thumb Code    22  main.o(i.main)
    main_thread_entry                        0x080008b7   Thumb Code    14  components.o(i.main_thread_entry)
    rt_application_init                      0x08000a5d   Thumb Code    42  components.o(i.rt_application_init)
    rt_components_board_init                 0x08000a9d   Thumb Code    20  components.o(i.rt_components_board_init)
    rt_components_init                       0x08000ab9   Thumb Code    20  components.o(i.rt_components_init)
    rt_enter_critical                        0x08000ad5   Thumb Code    28  scheduler.o(i.rt_enter_critical)
    rt_exit_critical                         0x08000af5   Thumb Code    60  scheduler.o(i.rt_exit_critical)
    rt_hw_board_init                         0x08000b39   Thumb Code    92  board.o(i.rt_hw_board_init)
    rt_hw_console_output                     0x08000ba1   Thumb Code     2  kservice.o(i.rt_hw_console_output)
    rt_hw_hard_fault_exception               0x08000ba5   Thumb Code   190  cpuport.o(i.rt_hw_hard_fault_exception)
    rt_hw_stack_init                         0x08000da5   Thumb Code    70  cpuport.o(i.rt_hw_stack_init)
    rt_interrupt_enter                       0x08000df1   Thumb Code    26  irq.o(i.rt_interrupt_enter)
    rt_interrupt_leave                       0x08000e11   Thumb Code    26  irq.o(i.rt_interrupt_leave)
    rt_kprintf                               0x08000e31   Thumb Code    44  kservice.o(i.rt_kprintf)
    rt_memset                                0x08000eab   Thumb Code    72  kservice.o(i.rt_memset)
    rt_object_detach                         0x08000ef3   Thumb Code    44  object.o(i.rt_object_detach)
    rt_object_get_information                0x08000f21   Thumb Code    36  object.o(i.rt_object_get_information)
    rt_object_init                           0x08000f49   Thumb Code    96  object.o(i.rt_object_init)
    rt_object_is_systemobject                0x08000fa9   Thumb Code    18  object.o(i.rt_object_is_systemobject)
    rt_schedule                              0x08000fbd   Thumb Code   106  scheduler.o(i.rt_schedule)
    rt_schedule_insert_thread                0x08001041   Thumb Code    72  scheduler.o(i.rt_schedule_insert_thread)
    rt_schedule_remove_thread                0x08001091   Thumb Code    76  scheduler.o(i.rt_schedule_remove_thread)
    rt_show_version                          0x080010e5   Thumb Code    38  kservice.o(i.rt_show_version)
    rt_strlen                                0x08001195   Thumb Code    18  kservice.o(i.rt_strlen)
    rt_strncpy                               0x080011a7   Thumb Code    52  kservice.o(i.rt_strncpy)
    rt_system_scheduler_init                 0x080011dd   Thumb Code    52  scheduler.o(i.rt_system_scheduler_init)
    rt_system_scheduler_start                0x08001229   Thumb Code    36  scheduler.o(i.rt_system_scheduler_start)
    rt_system_timer_init                     0x08001259   Thumb Code    24  timer.o(i.rt_system_timer_init)
    rt_system_timer_thread_init              0x08001275   Thumb Code     2  timer.o(i.rt_system_timer_thread_init)
    rt_thread_delay                          0x08001277   Thumb Code    12  thread.o(i.rt_thread_delay)
    rt_thread_exit                           0x08001285   Thumb Code    76  thread.o(i.rt_thread_exit)
    rt_thread_idle_excute                    0x080012e1   Thumb Code   122  idle.o(i.rt_thread_idle_excute)
    rt_thread_idle_init                      0x08001361   Thumb Code    38  idle.o(i.rt_thread_idle_init)
    rt_thread_init                           0x0800139d   Thumb Code    52  thread.o(i.rt_thread_init)
    rt_thread_resume                         0x080013d1   Thumb Code    60  thread.o(i.rt_thread_resume)
    rt_thread_self                           0x0800140d   Thumb Code     6  thread.o(i.rt_thread_self)
    rt_thread_sleep                          0x08001419   Thumb Code    62  thread.o(i.rt_thread_sleep)
    rt_thread_startup                        0x0800145d   Thumb Code    44  thread.o(i.rt_thread_startup)
    rt_thread_suspend                        0x08001489   Thumb Code    68  thread.o(i.rt_thread_suspend)
    rt_thread_timeout                        0x080014cd   Thumb Code    32  thread.o(i.rt_thread_timeout)
    rt_thread_yield                          0x080014ed   Thumb Code    92  thread.o(i.rt_thread_yield)
    rt_tick_get                              0x08001551   Thumb Code     6  clock.o(i.rt_tick_get)
    rt_tick_increase                         0x0800155d   Thumb Code    42  clock.o(i.rt_tick_increase)
    rt_timer_check                           0x0800158d   Thumb Code   118  timer.o(i.rt_timer_check)
    rt_timer_control                         0x08001609   Thumb Code    56  timer.o(i.rt_timer_control)
    rt_timer_detach                          0x08001641   Thumb Code    32  timer.o(i.rt_timer_detach)
    rt_timer_init                            0x08001661   Thumb Code    46  timer.o(i.rt_timer_init)
    rt_timer_start                           0x08001691   Thumb Code   238  timer.o(i.rt_timer_start)
    rt_timer_stop                            0x08001789   Thumb Code    48  timer.o(i.rt_timer_stop)
    rt_vsnprintf                             0x080017b9   Thumb Code   808  kservice.o(i.rt_vsnprintf)
    rtthread_startup                         0x08001af9   Thumb Code    42  components.o(i.rtthread_startup)
    __lowest_bit_bitmap                      0x08001b48   Data         256  kservice.o(.constdata)
    __rt_init_rti_start                      0x08001c6c   Data           4  components.o(.rti_fn.0)
    __rt_init_rti_board_start                0x08001c70   Data           4  components.o(.rti_fn.0.end)
    __rt_init_rti_board_end                  0x08001c74   Data           4  components.o(.rti_fn.1.end)
    __rt_init_rti_end                        0x08001c78   Data           4  components.o(.rti_fn.6.end)
    Region$$Table$$Base                      0x08001c7c   Number         0  anon$$obj.o(Region$$Table)
    Region$$Table$$Limit                     0x08001c9c   Number         0  anon$$obj.o(Region$$Table)
    SystemCoreClock                          0x20000000   Data           4  system_stm32f10x.o(.data)
    AHBPrescTable                            0x20000004   Data          16  system_stm32f10x.o(.data)
    rt_interrupt_nest                        0x20000018   Data           1  irq.o(.data)
    rt_current_thread                        0x20000060   Data           4  scheduler.o(.data)
    rt_current_priority                      0x20000064   Data           1  scheduler.o(.data)
    rt_thread_ready_priority_group           0x20000068   Data           4  scheduler.o(.data)
    rt_thread_defunct                        0x2000006c   Data           8  scheduler.o(.data)
    rt_interrupt_from_thread                 0x20000080   Data           4  cpuport.o(.data)
    rt_interrupt_to_thread                   0x20000084   Data           4  cpuport.o(.data)
    rt_thread_switch_interrupt_flag          0x20000088   Data           4  cpuport.o(.data)
    main_thread                              0x20000290   Data         120  components.o(.bss)
    rt_thread_priority_table                 0x20000480   Data          64  scheduler.o(.bss)
    __libspace_start                         0x200007b0   Data          96  libspace.o(.bss)
    __temporary_stack_top$libspace           0x20000810   Data           0  libspace.o(.bss)



==============================================================================

Memory Map of the image

  Image Entry point : 0x08000131

  Load Region LR_IROM1 (Base: 0x08000000, Size: 0x00001d2c, Max: 0x00080000, ABSOLUTE)

    Execution Region ER_IROM1 (Base: 0x08000000, Size: 0x00001c9c, Max: 0x00080000, ABSOLUTE)

    Base Addr    Size         Type   Attr      Idx    E Section Name        Object

    0x08000000   0x00000130   Data   RO         3092    RESET               startup_stm32f10x_hd.o
    0x08000130   0x00000008   Code   RO         4086  * !!!main             c_w.l(__main.o)
    0x08000138   0x00000034   Code   RO         4243    !!!scatter          c_w.l(__scatter.o)
    0x0800016c   0x0000001a   Code   RO         4245    !!handler_copy      c_w.l(__scatter_copy.o)
    0x08000186   0x00000002   PAD
    0x08000188   0x0000001c   Code   RO         4247    !!handler_zi        c_w.l(__scatter_zi.o)
    0x080001a4   0x00000002   Code   RO         4113    .ARM.Collect$$libinit$$00000000  c_w.l(libinit.o)
    0x080001a6   0x00000000   Code   RO         4120    .ARM.Collect$$libinit$$00000002  c_w.l(libinit2.o)
    0x080001a6   0x00000000   Code   RO         4122    .ARM.Collect$$libinit$$00000004  c_w.l(libinit2.o)
    0x080001a6   0x00000000   Code   RO         4125    .ARM.Collect$$libinit$$0000000A  c_w.l(libinit2.o)
    0x080001a6   0x00000000   Code   RO         4127    .ARM.Collect$$libinit$$0000000C  c_w.l(libinit2.o)
    0x080001a6   0x00000000   Code   RO         4129    .ARM.Collect$$libinit$$0000000E  c_w.l(libinit2.o)
    0x080001a6   0x00000000   Code   RO         4132    .ARM.Collect$$libinit$$00000011  c_w.l(libinit2.o)
    0x080001a6   0x00000000   Code   RO         4134    .ARM.Collect$$libinit$$00000013  c_w.l(libinit2.o)
    0x080001a6   0x00000000   Code   RO         4136    .ARM.Collect$$libinit$$00000015  c_w.l(libinit2.o)
    0x080001a6   0x00000000   Code   RO         4138    .ARM.Collect$$libinit$$00000017  c_w.l(libinit2.o)
    0x080001a6   0x00000000   Code   RO         4140    .ARM.Collect$$libinit$$00000019  c_w.l(libinit2.o)
    0x080001a6   0x00000000   Code   RO         4142    .ARM.Collect$$libinit$$0000001B  c_w.l(libinit2.o)
    0x080001a6   0x00000000   Code   RO         4144    .ARM.Collect$$libinit$$0000001D  c_w.l(libinit2.o)
    0x080001a6   0x00000000   Code   RO         4146    .ARM.Collect$$libinit$$0000001F  c_w.l(libinit2.o)
    0x080001a6   0x00000000   Code   RO         4148    .ARM.Collect$$libinit$$00000021  c_w.l(libinit2.o)
    0x080001a6   0x00000000   Code   RO         4150    .ARM.Collect$$libinit$$00000023  c_w.l(libinit2.o)
    0x080001a6   0x00000000   Code   RO         4152    .ARM.Collect$$libinit$$00000025  c_w.l(libinit2.o)
    0x080001a6   0x00000000   Code   RO         4156    .ARM.Collect$$libinit$$0000002C  c_w.l(libinit2.o)
    0x080001a6   0x00000000   Code   RO         4158    .ARM.Collect$$libinit$$0000002E  c_w.l(libinit2.o)
    0x080001a6   0x00000000   Code   RO         4160    .ARM.Collect$$libinit$$00000030  c_w.l(libinit2.o)
    0x080001a6   0x00000000   Code   RO         4162    .ARM.Collect$$libinit$$00000032  c_w.l(libinit2.o)
    0x080001a6   0x00000002   Code   RO         4163    .ARM.Collect$$libinit$$00000033  c_w.l(libinit2.o)
    0x080001a8   0x00000002   Code   RO         4183    .ARM.Collect$$libshutdown$$00000000  c_w.l(libshutdown.o)
    0x080001aa   0x00000000   Code   RO         4196    .ARM.Collect$$libshutdown$$00000002  c_w.l(libshutdown2.o)
    0x080001aa   0x00000000   Code   RO         4198    .ARM.Collect$$libshutdown$$00000004  c_w.l(libshutdown2.o)
    0x080001aa   0x00000000   Code   RO         4201    .ARM.Collect$$libshutdown$$00000007  c_w.l(libshutdown2.o)
    0x080001aa   0x00000000   Code   RO         4204    .ARM.Collect$$libshutdown$$0000000A  c_w.l(libshutdown2.o)
    0x080001aa   0x00000000   Code   RO         4206    .ARM.Collect$$libshutdown$$0000000C  c_w.l(libshutdown2.o)
    0x080001aa   0x00000000   Code   RO         4209    .ARM.Collect$$libshutdown$$0000000F  c_w.l(libshutdown2.o)
    0x080001aa   0x00000002   Code   RO         4210    .ARM.Collect$$libshutdown$$00000010  c_w.l(libshutdown2.o)
    0x080001ac   0x00000000   Code   RO         4088    .ARM.Collect$$rtentry$$00000000  c_w.l(__rtentry.o)
    0x080001ac   0x00000000   Code   RO         4090    .ARM.Collect$$rtentry$$00000002  c_w.l(__rtentry2.o)
    0x080001ac   0x00000006   Code   RO         4102    .ARM.Collect$$rtentry$$00000004  c_w.l(__rtentry4.o)
    0x080001b2   0x00000000   Code   RO         4092    .ARM.Collect$$rtentry$$00000009  c_w.l(__rtentry2.o)
    0x080001b2   0x00000004   Code   RO         4093    .ARM.Collect$$rtentry$$0000000A  c_w.l(__rtentry2.o)
    0x080001b6   0x00000000   Code   RO         4095    .ARM.Collect$$rtentry$$0000000C  c_w.l(__rtentry2.o)
    0x080001b6   0x00000008   Code   RO         4096    .ARM.Collect$$rtentry$$0000000D  c_w.l(__rtentry2.o)
    0x080001be   0x00000002   Code   RO         4117    .ARM.Collect$$rtexit$$00000000  c_w.l(rtexit.o)
    0x080001c0   0x00000000   Code   RO         4165    .ARM.Collect$$rtexit$$00000002  c_w.l(rtexit2.o)
    0x080001c0   0x00000004   Code   RO         4166    .ARM.Collect$$rtexit$$00000003  c_w.l(rtexit2.o)
    0x080001c4   0x00000006   Code   RO         4167    .ARM.Collect$$rtexit$$00000004  c_w.l(rtexit2.o)
    0x080001ca   0x00000002   PAD
    0x080001cc   0x00000040   Code   RO         3093    .text               startup_stm32f10x_hd.o
    0x0800020c   0x000000f4   Code   RO         3989    .text               context_rvds.o
    0x08000300   0x00000006   Code   RO         4084    .text               c_w.l(heapauxi.o)
    0x08000306   0x0000004a   Code   RO         4104    .text               c_w.l(sys_stackheap_outer.o)
    0x08000350   0x00000012   Code   RO         4106    .text               c_w.l(exit.o)
    0x08000362   0x00000002   PAD
    0x08000364   0x00000008   Code   RO         4114    .text               c_w.l(libspace.o)
    0x0800036c   0x0000000c   Code   RO         4175    .text               c_w.l(sys_exit.o)
    0x08000378   0x00000002   Code   RO         4186    .text               c_w.l(use_no_semi.o)
    0x0800037a   0x00000000   Code   RO         4188    .text               c_w.l(indicate_semi.o)
    0x0800037a   0x0000000a   Code   RO         3170    i.$Sub$$main        components.o
    0x08000384   0x00000116   Code   RO         1240    i.GPIO_Init         stm32f10x_gpio.o
    0x0800049a   0x00000004   Code   RO         1247    i.GPIO_ResetBits    stm32f10x_gpio.o
    0x0800049e   0x00000004   Code   RO         1248    i.GPIO_SetBits      stm32f10x_gpio.o
    0x080004a2   0x00000002   PAD
    0x080004a4   0x0000004c   Code   RO         4034    i.LED_GPIO_Config   led.o
    0x080004f0   0x00000028   Code   RO         4035    i.LED_RED_thread_entry  led.o
    0x08000518   0x00000038   Code   RO         4036    i.LED_RED_thread_init  led.o
    0x08000550   0x00000010   Code   RO         4037    i.LED_RED_thread_startup  led.o
    0x08000560   0x00000028   Code   RO         4038    i.LED_YELLOW_thread_entry  led.o
    0x08000588   0x0000003c   Code   RO         4039    i.LED_YELLOW_thread_init  led.o
    0x080005c4   0x00000010   Code   RO         4040    i.LED_YELLOW_thread_startup  led.o
    0x080005d4   0x00000020   Code   RO         1658    i.RCC_APB2PeriphClockCmd  stm32f10x_rcc.o
    0x080005f4   0x00000008   Code   RO         3056    i.SetSysClock       system_stm32f10x.o
    0x080005fc   0x000000e0   Code   RO         3057    i.SetSysClockTo72   system_stm32f10x.o
    0x080006dc   0x00000010   Code   RO         3993    i.SysTick_Handler   board.o
    0x080006ec   0x00000060   Code   RO         3059    i.SystemInit        system_stm32f10x.o
    0x0800074c   0x0000004c   Code   RO         3434    i.__rt_ffs          kservice.o
    0x08000798   0x00000014   Code   RO         3251    i._has_defunct_thread  idle.o
    0x080007ac   0x00000084   Code   RO         3746    i._rt_thread_init   thread.o
    0x08000830   0x00000042   Code   RO         3855    i._rt_timer_init    timer.o
    0x08000872   0x0000002e   Code   RO         3856    i._rt_timer_remove  timer.o
    0x080008a0   0x00000016   Code   RO         4022    i.main              main.o
    0x080008b6   0x0000000e   Code   RO         3171    i.main_thread_entry  components.o
    0x080008c4   0x00000198   Code   RO         3436    i.print_number      kservice.o
    0x08000a5c   0x00000040   Code   RO         3172    i.rt_application_init  components.o
    0x08000a9c   0x0000001c   Code   RO         3173    i.rt_components_board_init  components.o
    0x08000ab8   0x0000001c   Code   RO         3174    i.rt_components_init  components.o
    0x08000ad4   0x00000020   Code   RO         3665    i.rt_enter_critical  scheduler.o
    0x08000af4   0x00000044   Code   RO         3666    i.rt_exit_critical  scheduler.o
    0x08000b38   0x00000068   Code   RO         3994    i.rt_hw_board_init  board.o
    0x08000ba0   0x00000002   Code   RO         3438    i.rt_hw_console_output  kservice.o
    0x08000ba2   0x00000002   PAD
    0x08000ba4   0x00000200   Code   RO         3953    i.rt_hw_hard_fault_exception  cpuport.o
    0x08000da4   0x0000004c   Code   RO         3954    i.rt_hw_stack_init  cpuport.o
    0x08000df0   0x00000020   Code   RO         3407    i.rt_interrupt_enter  irq.o
    0x08000e10   0x00000020   Code   RO         3409    i.rt_interrupt_leave  irq.o
    0x08000e30   0x00000030   Code   RO         3439    i.rt_kprintf        kservice.o
    0x08000e60   0x00000006   Code   RO         3667    i.rt_list_init      scheduler.o
    0x08000e66   0x00000006   Code   RO         3857    i.rt_list_init      timer.o
    0x08000e6c   0x0000000e   Code   RO         3747    i.rt_list_insert_after  thread.o
    0x08000e7a   0x0000000e   Code   RO         3858    i.rt_list_insert_after  timer.o
    0x08000e88   0x00000010   Code   RO         3859    i.rt_list_isempty   timer.o
    0x08000e98   0x00000012   Code   RO         3748    i.rt_list_remove    thread.o
    0x08000eaa   0x00000048   Code   RO         3444    i.rt_memset         kservice.o
    0x08000ef2   0x0000002c   Code   RO         3611    i.rt_object_detach  object.o
    0x08000f1e   0x00000002   PAD
    0x08000f20   0x00000028   Code   RO         3613    i.rt_object_get_information  object.o
    0x08000f48   0x00000060   Code   RO         3615    i.rt_object_init    object.o
    0x08000fa8   0x00000012   Code   RO         3616    i.rt_object_is_systemobject  object.o
    0x08000fba   0x00000002   PAD
    0x08000fbc   0x00000084   Code   RO         3668    i.rt_schedule       scheduler.o
    0x08001040   0x00000050   Code   RO         3669    i.rt_schedule_insert_thread  scheduler.o
    0x08001090   0x00000054   Code   RO         3670    i.rt_schedule_remove_thread  scheduler.o
    0x080010e4   0x000000b0   Code   RO         3446    i.rt_show_version   kservice.o
    0x08001194   0x00000012   Code   RO         3451    i.rt_strlen         kservice.o
    0x080011a6   0x00000034   Code   RO         3453    i.rt_strncpy        kservice.o
    0x080011da   0x00000002   PAD
    0x080011dc   0x0000004c   Code   RO         3671    i.rt_system_scheduler_init  scheduler.o
    0x08001228   0x00000030   Code   RO         3672    i.rt_system_scheduler_start  scheduler.o
    0x08001258   0x0000001c   Code   RO         3860    i.rt_system_timer_init  timer.o
    0x08001274   0x00000002   Code   RO         3861    i.rt_system_timer_thread_init  timer.o
    0x08001276   0x0000000c   Code   RO         3750    i.rt_thread_delay   thread.o
    0x08001282   0x00000002   PAD
    0x08001284   0x00000054   Code   RO         3752    i.rt_thread_exit    thread.o
    0x080012d8   0x00000008   Code   RO         3252    i.rt_thread_idle_entry  idle.o
    0x080012e0   0x00000080   Code   RO         3253    i.rt_thread_idle_excute  idle.o
    0x08001360   0x0000003c   Code   RO         3255    i.rt_thread_idle_init  idle.o
    0x0800139c   0x00000034   Code   RO         3754    i.rt_thread_init    thread.o
    0x080013d0   0x0000003c   Code   RO         3756    i.rt_thread_resume  thread.o
    0x0800140c   0x0000000c   Code   RO         3757    i.rt_thread_self    thread.o
    0x08001418   0x00000044   Code   RO         3758    i.rt_thread_sleep   thread.o
    0x0800145c   0x0000002c   Code   RO         3759    i.rt_thread_startup  thread.o
    0x08001488   0x00000044   Code   RO         3760    i.rt_thread_suspend  thread.o
    0x080014cc   0x00000020   Code   RO         3761    i.rt_thread_timeout  thread.o
    0x080014ec   0x00000064   Code   RO         3762    i.rt_thread_yield   thread.o
    0x08001550   0x0000000c   Code   RO         3110    i.rt_tick_get       clock.o
    0x0800155c   0x00000030   Code   RO         3111    i.rt_tick_increase  clock.o
    0x0800158c   0x0000007c   Code   RO         3862    i.rt_timer_check    timer.o
    0x08001608   0x00000038   Code   RO         3863    i.rt_timer_control  timer.o
    0x08001640   0x00000020   Code   RO         3864    i.rt_timer_detach   timer.o
    0x08001660   0x0000002e   Code   RO         3865    i.rt_timer_init     timer.o
    0x0800168e   0x00000002   PAD
    0x08001690   0x000000f8   Code   RO         3868    i.rt_timer_start    timer.o
    0x08001788   0x00000030   Code   RO         3869    i.rt_timer_stop     timer.o
    0x080017b8   0x00000330   Code   RO         3456    i.rt_vsnprintf      kservice.o
    0x08001ae8   0x00000004   Code   RO         3175    i.rti_board_end     components.o
    0x08001aec   0x00000004   Code   RO         3176    i.rti_board_start   components.o
    0x08001af0   0x00000004   Code   RO         3177    i.rti_end           components.o
    0x08001af4   0x00000004   Code   RO         3178    i.rti_start         components.o
    0x08001af8   0x0000002a   Code   RO         3179    i.rtthread_startup  components.o
    0x08001b22   0x00000026   Code   RO         3458    i.skip_atoi         kservice.o
    0x08001b48   0x00000122   Data   RO         3460    .constdata          kservice.o
    0x08001c6a   0x00000002   PAD
    0x08001c6c   0x00000004   Data   RO         3181    .rti_fn.0           components.o
    0x08001c70   0x00000004   Data   RO         3182    .rti_fn.0.end       components.o
    0x08001c74   0x00000004   Data   RO         3183    .rti_fn.1.end       components.o
    0x08001c78   0x00000004   Data   RO         3184    .rti_fn.6.end       components.o
    0x08001c7c   0x00000020   Data   RO         4241    Region$$Table       anon$$obj.o


    Execution Region RW_IRAM1 (Base: 0x20000000, Size: 0x00000e10, Max: 0x00010000, ABSOLUTE)

    Base Addr    Size         Type   Attr      Idx    E Section Name        Object

    0x20000000   0x00000014   Data   RW         3060    .data               system_stm32f10x.o
    0x20000014   0x00000004   Data   RW         3113    .data               clock.o
    0x20000018   0x00000001   Data   RW         3410    .data               irq.o
    0x20000019   0x00000003   PAD
    0x2000001c   0x00000040   Data   RW         3618    .data               object.o
    0x2000005c   0x00000018   Data   RW         3674    .data               scheduler.o
    0x20000074   0x0000000c   Data   RW         3870    .data               timer.o
    0x20000080   0x00000010   Data   RW         3955    .data               cpuport.o
    0x20000090   0x00000278   Zero   RW         3180    .bss                components.o
    0x20000308   0x000000f8   Zero   RW         3256    .bss                idle.o
    0x20000400   0x00000080   Zero   RW         3459    .bss                kservice.o
    0x20000480   0x00000040   Zero   RW         3673    .bss                scheduler.o
    0x200004c0   0x000002f0   Zero   RW         4041    .bss                led.o
    0x200007b0   0x00000060   Zero   RW         4115    .bss                c_w.l(libspace.o)
    0x20000810   0x00000200   Zero   RW         3091    HEAP                startup_stm32f10x_hd.o
    0x20000a10   0x00000400   Zero   RW         3090    STACK               startup_stm32f10x_hd.o


==============================================================================

Image component sizes


      Code (inc. data)   RO Data    RW Data    ZI Data      Debug   Object Name

       120         12          0          0          0      16360   board.o
        60         12          0          4          0       6833   clock.o
       202         38         16          0        632       5804   components.o
       244         26          0          0          0        788   context_rvds.o
       588        328          0         16          0       3274   cpuport.o
       216         32          0          0        248       5474   idle.o
        64         12          0          1          0       1550   irq.o
      1706        164        290          0        128       9191   kservice.o
       304         76          0          0        752       3914   led.o
        22          0          0          0          0        455   main.o
         0          0          0          0          0     216236   misc.o
       198          4          0         64          0       6176   object.o
       526         90          0         24         64       8326   scheduler.o
        64         26        304          0       1536        968   startup_stm32f10x_hd.o
       286          0          0          0          0       3332   stm32f10x_gpio.o
        32          6          0          0          0        637   stm32f10x_rcc.o
       328         28          0         20          0       2705   system_stm32f10x.o
       696         36          0          0          0      10656   thread.o
       732         20          0         12          0      10944   timer.o

    ----------------------------------------------------------------------
      6402        910        644        144       3360     313623   Object Totals
         0          0         32          0          0          0   (incl. Generated)
        14          0          2          3          0          0   (incl. Padding)

    ----------------------------------------------------------------------

      Code (inc. data)   RO Data    RW Data    ZI Data      Debug   Library Member Name

         8          0          0          0          0         68   __main.o
         0          0          0          0          0          0   __rtentry.o
        12          0          0          0          0          0   __rtentry2.o
         6          0          0          0          0          0   __rtentry4.o
        52          8          0          0          0          0   __scatter.o
        26          0          0          0          0          0   __scatter_copy.o
        28          0          0          0          0          0   __scatter_zi.o
        18          0          0          0          0         80   exit.o
         6          0          0          0          0        152   heapauxi.o
         0          0          0          0          0          0   indicate_semi.o
         2          0          0          0          0          0   libinit.o
         2          0          0          0          0          0   libinit2.o
         2          0          0          0          0          0   libshutdown.o
         2          0          0          0          0          0   libshutdown2.o
         8          4          0          0         96         68   libspace.o
         2          0          0          0          0          0   rtexit.o
        10          0          0          0          0          0   rtexit2.o
        12          4          0          0          0         68   sys_exit.o
        74          0          0          0          0         80   sys_stackheap_outer.o
         2          0          0          0          0         68   use_no_semi.o

    ----------------------------------------------------------------------
       278         16          0          0         96        584   Library Totals
         6          0          0          0          0          0   (incl. Padding)

    ----------------------------------------------------------------------

      Code (inc. data)   RO Data    RW Data    ZI Data      Debug   Library Name

       272         16          0          0         96        584   c_w.l

    ----------------------------------------------------------------------
       278         16          0          0         96        584   Library Totals

    ----------------------------------------------------------------------

==============================================================================


      Code (inc. data)   RO Data    RW Data    ZI Data      Debug   

      6680        926        644        144       3456     309835   Grand Totals
      6680        926        644        144       3456     309835   ELF Image Totals
      6680        926        644        144          0          0   ROM Totals

==============================================================================

    Total RO  Size (Code + RO Data)                 7324 (   7.15kB)
    Total RW  Size (RW Data + ZI Data)              3600 (   3.52kB)
    Total ROM Size (Code + RO Data + RW Data)       7468 (   7.29kB)

==============================================================================

