Component: ARM Compiler 5.06 update 4 (build 422) Tool: armlink [4d35d2]

==============================================================================

Section Cross References

    system_stm32f10x.o(i.SetSysClock) refers to system_stm32f10x.o(i.SetSysClockTo72) for SetSysClockTo72
    system_stm32f10x.o(i.SystemCoreClockUpdate) refers to system_stm32f10x.o(.data) for SystemCoreClock
    system_stm32f10x.o(i.SystemInit) refers to system_stm32f10x.o(i.SetSysClock) for SetSysClock
    startup_stm32f10x_hd.o(STACK) refers (Special) to heapauxi.o(.text) for __use_two_region_memory
    startup_stm32f10x_hd.o(HEAP) refers (Special) to heapauxi.o(.text) for __use_two_region_memory
    startup_stm32f10x_hd.o(RESET) refers (Special) to heapauxi.o(.text) for __use_two_region_memory
    startup_stm32f10x_hd.o(RESET) refers to startup_stm32f10x_hd.o(STACK) for __initial_sp
    startup_stm32f10x_hd.o(RESET) refers to startup_stm32f10x_hd.o(.text) for Reset_Handler
    startup_stm32f10x_hd.o(RESET) refers to context_rvds.o(.text) for HardFault_Handler
    startup_stm32f10x_hd.o(RESET) refers to board.o(i.SysTick_Handler) for SysTick_Handler
    startup_stm32f10x_hd.o(RESET) refers to usart.o(i.USART1_IRQHandler) for USART1_IRQHandler
    startup_stm32f10x_hd.o(.text) refers (Special) to heapauxi.o(.text) for __use_two_region_memory
    startup_stm32f10x_hd.o(.text) refers to system_stm32f10x.o(i.SystemInit) for SystemInit
    startup_stm32f10x_hd.o(.text) refers to __main.o(!!!main) for __main
    startup_stm32f10x_hd.o(.text) refers to startup_stm32f10x_hd.o(HEAP) for Heap_Mem
    startup_stm32f10x_hd.o(.text) refers to startup_stm32f10x_hd.o(STACK) for Stack_Mem
    stm32f10x_adc.o(i.ADC_DeInit) refers to stm32f10x_rcc.o(i.RCC_APB2PeriphResetCmd) for RCC_APB2PeriphResetCmd
    stm32f10x_bkp.o(i.BKP_DeInit) refers to stm32f10x_rcc.o(i.RCC_BackupResetCmd) for RCC_BackupResetCmd
    stm32f10x_can.o(i.CAN_DeInit) refers to stm32f10x_rcc.o(i.RCC_APB1PeriphResetCmd) for RCC_APB1PeriphResetCmd
    stm32f10x_can.o(i.CAN_GetITStatus) refers to stm32f10x_can.o(i.CheckITStatus) for CheckITStatus
    stm32f10x_cec.o(i.CEC_DeInit) refers to stm32f10x_rcc.o(i.RCC_APB1PeriphResetCmd) for RCC_APB1PeriphResetCmd
    stm32f10x_dac.o(i.DAC_DeInit) refers to stm32f10x_rcc.o(i.RCC_APB1PeriphResetCmd) for RCC_APB1PeriphResetCmd
    stm32f10x_flash.o(i.FLASH_EnableWriteProtection) refers to stm32f10x_flash.o(i.FLASH_WaitForLastOperation) for FLASH_WaitForLastOperation
    stm32f10x_flash.o(i.FLASH_EraseAllBank1Pages) refers to stm32f10x_flash.o(i.FLASH_WaitForLastBank1Operation) for FLASH_WaitForLastBank1Operation
    stm32f10x_flash.o(i.FLASH_EraseAllPages) refers to stm32f10x_flash.o(i.FLASH_WaitForLastOperation) for FLASH_WaitForLastOperation
    stm32f10x_flash.o(i.FLASH_EraseOptionBytes) refers to stm32f10x_flash.o(i.FLASH_GetReadOutProtectionStatus) for FLASH_GetReadOutProtectionStatus
    stm32f10x_flash.o(i.FLASH_EraseOptionBytes) refers to stm32f10x_flash.o(i.FLASH_WaitForLastOperation) for FLASH_WaitForLastOperation
    stm32f10x_flash.o(i.FLASH_ErasePage) refers to stm32f10x_flash.o(i.FLASH_WaitForLastOperation) for FLASH_WaitForLastOperation
    stm32f10x_flash.o(i.FLASH_ProgramHalfWord) refers to stm32f10x_flash.o(i.FLASH_WaitForLastOperation) for FLASH_WaitForLastOperation
    stm32f10x_flash.o(i.FLASH_ProgramOptionByteData) refers to stm32f10x_flash.o(i.FLASH_WaitForLastOperation) for FLASH_WaitForLastOperation
    stm32f10x_flash.o(i.FLASH_ProgramWord) refers to stm32f10x_flash.o(i.FLASH_WaitForLastOperation) for FLASH_WaitForLastOperation
    stm32f10x_flash.o(i.FLASH_ReadOutProtection) refers to stm32f10x_flash.o(i.FLASH_WaitForLastOperation) for FLASH_WaitForLastOperation
    stm32f10x_flash.o(i.FLASH_UserOptionByteConfig) refers to stm32f10x_flash.o(i.FLASH_WaitForLastOperation) for FLASH_WaitForLastOperation
    stm32f10x_flash.o(i.FLASH_WaitForLastBank1Operation) refers to stm32f10x_flash.o(i.FLASH_GetBank1Status) for FLASH_GetBank1Status
    stm32f10x_flash.o(i.FLASH_WaitForLastOperation) refers to stm32f10x_flash.o(i.FLASH_GetBank1Status) for FLASH_GetBank1Status
    stm32f10x_gpio.o(i.GPIO_AFIODeInit) refers to stm32f10x_rcc.o(i.RCC_APB2PeriphResetCmd) for RCC_APB2PeriphResetCmd
    stm32f10x_gpio.o(i.GPIO_DeInit) refers to stm32f10x_rcc.o(i.RCC_APB2PeriphResetCmd) for RCC_APB2PeriphResetCmd
    stm32f10x_i2c.o(i.I2C_DeInit) refers to stm32f10x_rcc.o(i.RCC_APB1PeriphResetCmd) for RCC_APB1PeriphResetCmd
    stm32f10x_i2c.o(i.I2C_Init) refers to stm32f10x_rcc.o(i.RCC_GetClocksFreq) for RCC_GetClocksFreq
    stm32f10x_pwr.o(i.PWR_DeInit) refers to stm32f10x_rcc.o(i.RCC_APB1PeriphResetCmd) for RCC_APB1PeriphResetCmd
    stm32f10x_rcc.o(i.RCC_GetClocksFreq) refers to stm32f10x_rcc.o(.data) for APBAHBPrescTable
    stm32f10x_rcc.o(i.RCC_WaitForHSEStartUp) refers to stm32f10x_rcc.o(i.RCC_GetFlagStatus) for RCC_GetFlagStatus
[...]
    .ARM.Collect$$libshutdown$$00000000      0x080001a8   Section        2  libshutdown.o(.ARM.Collect$$libshutdown$$00000000)
    .ARM.Collect$$libshutdown$$00000002      0x080001aa   Section        0  libshutdown2.o(.ARM.Collect$$libshutdown$$00000002)
    .ARM.Collect$$libshutdown$$00000004      0x080001aa   Section        0  libshutdown2.o(.ARM.Collect$$libshutdown$$00000004)
    .ARM.Collect$$libshutdown$$00000007      0x080001aa   Section        0  libshutdown2.o(.ARM.Collect$$libshutdown$$00000007)
    .ARM.Collect$$libshutdown$$0000000A      0x080001aa   Section        0  libshutdown2.o(.ARM.Collect$$libshutdown$$0000000A)
    .ARM.Collect$$libshutdown$$0000000C      0x080001aa   Section        0  libshutdown2.o(.ARM.Collect$$libshutdown$$0000000C)
    .ARM.Collect$$libshutdown$$0000000F      0x080001aa   Section        0  libshutdown2.o(.ARM.Collect$$libshutdown$$0000000F)
    .ARM.Collect$$libshutdown$$00000010      0x080001aa   Section        2  libshutdown2.o(.ARM.Collect$$libshutdown$$00000010)
    .ARM.Collect$$rtentry$$00000000          0x080001ac   Section        0  __rtentry.o(.ARM.Collect$$rtentry$$00000000)
    .ARM.Collect$$rtentry$$00000002          0x080001ac   Section        0  __rtentry2.o(.ARM.Collect$$rtentry$$00000002)
    .ARM.Collect$$rtentry$$00000004          0x080001ac   Section        6  __rtentry4.o(.ARM.Collect$$rtentry$$00000004)
    .ARM.Collect$$rtentry$$00000009          0x080001b2   Section        0  __rtentry2.o(.ARM.Collect$$rtentry$$00000009)
    .ARM.Collect$$rtentry$$0000000A          0x080001b2   Section        4  __rtentry2.o(.ARM.Collect$$rtentry$$0000000A)
    .ARM.Collect$$rtentry$$0000000C          0x080001b6   Section        0  __rtentry2.o(.ARM.Collect$$rtentry$$0000000C)
    .ARM.Collect$$rtentry$$0000000D          0x080001b6   Section        8  __rtentry2.o(.ARM.Collect$$rtentry$$0000000D)
    .ARM.Collect$$rtexit$$00000000           0x080001be   Section        2  rtexit.o(.ARM.Collect$$rtexit$$00000000)
    .ARM.Collect$$rtexit$$00000002           0x080001c0   Section        0  rtexit2.o(.ARM.Collect$$rtexit$$00000002)
    .ARM.Collect$$rtexit$$00000003           0x080001c0   Section        4  rtexit2.o(.ARM.Collect$$rtexit$$00000003)
    .ARM.Collect$$rtexit$$00000004           0x080001c4   Section        6  rtexit2.o(.ARM.Collect$$rtexit$$00000004)
    .text                                    0x080001cc   Section       64  startup_stm32f10x_hd.o(.text)
    .text                                    0x0800020c   Section      244  context_rvds.o(.text)
    .text                                    0x08000300   Section        0  strcpy.o(.text)
    .text                                    0x08000348   Section        0  strlen.o(.text)
    .text                                    0x08000386   Section        0  strncmp.o(.text)
    .text                                    0x0800041c   Section        0  strcat.o(.text)
    .text                                    0x08000434   Section      100  rt_memcpy_w.o(.text)
    .text                                    0x08000498   Section       68  rt_memclr.o(.text)
    .text                                    0x080004dc   Section       78  rt_memclr_w.o(.text)
    .text                                    0x0800052a   Section       86  strncpy.o(.text)
    .text                                    0x08000580   Section        0  heapauxi.o(.text)
    .text                                    0x08000586   Section       74  sys_stackheap_outer.o(.text)
    .text                                    0x080005d0   Section        0  exit.o(.text)
    .text                                    0x080005e4   Section        8  libspace.o(.text)
    .text                                    0x080005ec   Section        0  sys_exit.o(.text)
    .text                                    0x080005f8   Section        2  use_no_semi.o(.text)
    .text                                    0x080005fa   Section        0  indicate_semi.o(.text)
    i.$Sub$$main                             0x080005fa   Section        0  components.o(i.$Sub$$main)
    i.GPIO_Init                              0x08000604   Section        0  stm32f10x_gpio.o(i.GPIO_Init)
    i.GPIO_ResetBits                         0x0800071a   Section        0  stm32f10x_gpio.o(i.GPIO_ResetBits)
    i.GPIO_SetBits                           0x0800071e   Section        0  stm32f10x_gpio.o(i.GPIO_SetBits)
    i.LED_GPIO_Config                        0x08000724   Section        0  led.o(i.LED_GPIO_Config)
    i.LED_RED_thread_entry                   0x08000770   Section        0  led.o(i.LED_RED_thread_entry)
    LED_RED_thread_entry                     0x08000771   Thumb Code    36  led.o(i.LED_RED_thread_entry)
    i.LED_RED_thread_init                    0x08000798   Section        0  led.o(i.LED_RED_thread_init)
    i.LED_RED_thread_startup                 0x080007d0   Section        0  led.o(i.LED_RED_thread_startup)
    i.LED_YELLOW_thread_entry                0x080007e0   Section        0  led.o(i.LED_YELLOW_thread_entry)
    LED_YELLOW_thread_entry                  0x080007e1   Thumb Code    36  led.o(i.LED_YELLOW_thread_entry)
    i.LED_YELLOW_thread_init                 0x08000808   Section        0  led.o(i.LED_YELLOW_thread_init)
    i.LED_YELLOW_thread_startup              0x08000844   Section        0  led.o(i.LED_YELLOW_thread_startup)
    i.NVIC_Init                              0x08000854   Section        0  misc.o(i.NVIC_Init)
    i.RCC_APB2PeriphClockCmd                 0x080008c4   Section        0  stm32f10x_rcc.o(i.RCC_APB2PeriphClockCmd)
    i.RCC_GetClocksFreq                      0x080008e4   Section        0  stm32f10x_rcc.o(i.RCC_GetClocksFreq)
    i.SetSysClock                            0x080009b8   Section        0  system_stm32f10x.o(i.SetSysClock)
    SetSysClock                              0x080009b9   Thumb Code     8  system_stm32f10x.o(i.SetSysClock)
    i.SetSysClockTo72                        0x080009c0   Section        0  system_stm32f10x.o(i.SetSysClockTo72)
    SetSysClockTo72                          0x080009c1   Thumb Code   214  system_stm32f10x.o(i.SetSysClockTo72)
    i.SysTick_Handler                        0x08000aa0   Section        0  board.o(i.SysTick_Handler)
    i.SystemInit                             0x08000ab0   Section        0  system_stm32f10x.o(i.SystemInit)
    i.USART1_IRQHandler                      0x08000b10   Section        0  usart.o(i.USART1_IRQHandler)
    i.USART_Cmd                              0x08000b74   Section        0  stm32f10x_usart.o(i.USART_Cmd)
    i.USART_Config                           0x08000b8c   Section        0  usart.o(i.USART_Config)
    i.USART_GetFlagStatus                    0x08000c5c   Section        0  stm32f10x_usart.o(i.USART_GetFlagStatus)
    i.USART_GetITStatus                      0x08000c76   Section        0  stm32f10x_usart.o(i.USART_GetITStatus)
    i.USART_ITConfig                         0x08000cca   Section        0  stm32f10x_usart.o(i.USART_ITConfig)
    i.USART_Init                             0x08000d14   Section        0  stm32f10x_usart.o(i.USART_Init)
    i.USART_SendData                         0x08000dec   Section        0  stm32f10x_usart.o(i.USART_SendData)
    i.__rt_ffs                               0x08000df4   Section        0  kservice.o(i.__rt_ffs)
    i._has_defunct_thread                    0x08000e40   Section        0  idle.o(i._has_defunct_thread)
    _has_defunct_thread                      0x08000e41   Thumb Code    16  idle.o(i._has_defunct_thread)
    i._msh_exec_cmd                          0x08000e54   Section        0  msh.o(i._msh_exec_cmd)
    _msh_exec_cmd                            0x08000e55   Thumb Code   106  msh.o(i._msh_exec_cmd)
    i._rt_thread_init                        0x08000ec0   Section        0  thread.o(i._rt_thread_init)
    _rt_thread_init                          0x08000ec1   Thumb Code   124  thread.o(i._rt_thread_init)
    i._rt_timer_init                         0x08000f44   Section        0  timer.o(i._rt_timer_init)
    _rt_timer_init                           0x08000f45   Thumb Code    66  timer.o(i._rt_timer_init)
    i._rt_timer_remove                       0x08000f86   Section        0  timer.o(i._rt_timer_remove)
    _rt_timer_remove                         0x08000f87   Thumb Code    46  timer.o(i._rt_timer_remove)
    i.bus_fault_track                        0x08000fb4   Section        0  cpuport.o(i.bus_fault_track)
    bus_fault_track                          0x08000fb5   Thumb Code   130  cpuport.o(i.bus_fault_track)
    i.cmd_ps                                 0x080010b0   Section        0  msh.o(i.cmd_ps)
    i.finsh_get_prompt                       0x080010c0   Section        0  shell.o(i.finsh_get_prompt)
    i.finsh_getchar                          0x08001134   Section        0  shell.o(i.finsh_getchar)
    finsh_getchar                            0x08001135   Thumb Code     8  shell.o(i.finsh_getchar)
    i.finsh_set_prompt_mode                  0x0800113c   Section        0  shell.o(i.finsh_set_prompt_mode)
    i.finsh_system_function_init             0x08001158   Section        0  shell.o(i.finsh_system_function_init)
    i.finsh_system_init                      0x0800116c   Section        0  shell.o(i.finsh_system_init)
    i.finsh_thread_entry                     0x080011f0   Section        0  shell.o(i.finsh_thread_entry)
    i.hard_fault_track                       0x080015b8   Section        0  cpuport.o(i.hard_fault_track)
    hard_fault_track                         0x080015b9   Thumb Code    82  cpuport.o(i.hard_fault_track)
    i.hello                                  0x08001638   Section        0  cmd.o(i.hello)
    i.list                                   0x08001658   Section        0  cmd.o(i.list)
    i.list_find_init                         0x080016b0   Section        0  cmd.o(i.list_find_init)
    list_find_init                           0x080016b1   Thumb Code    42  cmd.o(i.list_find_init)
    i.list_get_next                          0x080016da   Section        0  cmd.o(i.list_get_next)
    list_get_next                            0x080016db   Thumb Code   136  cmd.o(i.list_get_next)
    i.list_mailbox                           0x08001764   Section        0  cmd.o(i.list_mailbox)
    i.list_sem                               0x080018c0   Section        0  cmd.o(i.list_sem)
    i.list_thread                            0x080019f8   Section        0  cmd.o(i.list_thread)
    i.list_timer                             0x08001bdc   Section        0  cmd.o(i.list_timer)
    i.main                                   0x08001d3c   Section        0  main.o(i.main)
    i.main_thread_entry                      0x08001d52   Section        0  components.o(i.main_thread_entry)
    i.mem_manage_fault_track                 0x08001d60   Section        0  cpuport.o(i.mem_manage_fault_track)
    mem_manage_fault_track                   0x08001d61   Thumb Code   114  cpuport.o(i.mem_manage_fault_track)
    i.msh_auto_complete                      0x08001e48   Section        0  msh.o(i.msh_auto_complete)
    i.msh_exec                               0x08001ee8   Section        0  msh.o(i.msh_exec)
    i.msh_get_cmd                            0x08001f54   Section        0  msh.o(i.msh_get_cmd)
    msh_get_cmd                              0x08001f55   Thumb Code    76  msh.o(i.msh_get_cmd)
    i.msh_help                               0x08001fb0   Section        0  msh.o(i.msh_help)
    i.msh_is_used                            0x08002024   Section        0  msh.o(i.msh_is_used)
    i.msh_split                              0x08002028   Section        0  msh.o(i.msh_split)
    msh_split                                0x08002029   Thumb Code   202  msh.o(i.msh_split)
    i.object_split                           0x08002118   Section        0  cmd.o(i.object_split)
    object_split                             0x08002119   Thumb Code    22  cmd.o(i.object_split)
    i.print_number                           0x08002134   Section        0  kservice.o(i.print_number)
    print_number                             0x08002135   Thumb Code   400  kservice.o(i.print_number)
    i.rt_application_init                    0x080022cc   Section        0  components.o(i.rt_application_init)
    i.rt_components_board_init               0x0800230c   Section        0  components.o(i.rt_components_board_init)
    i.rt_components_init                     0x08002328   Section        0  components.o(i.rt_components_init)
    i.rt_enter_critical                      0x08002344   Section        0  scheduler.o(i.rt_enter_critical)
    i.rt_exit_critical                       0x08002364   Section        0  scheduler.o(i.rt_exit_critical)
    i.rt_hw_board_init                       0x080023a8   Section        0  board.o(i.rt_hw_board_init)
    i.rt_hw_console_getchar                  0x08002414   Section        0  usart.o(i.rt_hw_console_getchar)
    i.rt_hw_console_output                   0x08002440   Section        0  usart.o(i.rt_hw_console_output)
    i.rt_hw_hard_fault_exception             0x08002490   Section        0  cpuport.o(i.rt_hw_hard_fault_exception)
    i.rt_hw_stack_init                       0x08002698   Section        0  cpuport.o(i.rt_hw_stack_init)
    i.rt_interrupt_enter                     0x080026e4   Section        0  irq.o(i.rt_interrupt_enter)
    i.rt_interrupt_leave                     0x08002704   Section        0  irq.o(i.rt_interrupt_leave)
    i.rt_ipc_list_resume                     0x08002724   Section        0  ipc.o(i.rt_ipc_list_resume)
    rt_ipc_list_resume                       0x08002725   Thumb Code    20  ipc.o(i.rt_ipc_list_resume)
    i.rt_ipc_list_suspend                    0x08002738   Section        0  ipc.o(i.rt_ipc_list_suspend)
    rt_ipc_list_suspend                      0x08002739   Thumb Code   108  ipc.o(i.rt_ipc_list_suspend)
    i.rt_ipc_object_init                     0x080027a4   Section        0  ipc.o(i.rt_ipc_object_init)
    rt_ipc_object_init                       0x080027a5   Thumb Code    16  ipc.o(i.rt_ipc_object_init)
    i.rt_kprintf                             0x080027b4   Section        0  kservice.o(i.rt_kprintf)
    i.rt_list_init                           0x080027e4   Section        0  ipc.o(i.rt_list_init)
    rt_list_init                             0x080027e5   Thumb Code     6  ipc.o(i.rt_list_init)
    i.rt_list_init                           0x080027ea   Section        0  scheduler.o(i.rt_list_init)
    rt_list_init                             0x080027eb   Thumb Code     6  scheduler.o(i.rt_list_init)
    i.rt_list_init                           0x080027f0   Section        0  timer.o(i.rt_list_init)
    rt_list_init                             0x080027f1   Thumb Code     6  timer.o(i.rt_list_init)
    i.rt_list_insert_after                   0x080027f6   Section        0  thread.o(i.rt_list_insert_after)
    rt_list_insert_after                     0x080027f7   Thumb Code    14  thread.o(i.rt_list_insert_after)
    i.rt_list_insert_after                   0x08002804   Section        0  timer.o(i.rt_list_insert_after)
    rt_list_insert_after                     0x08002805   Thumb Code    14  timer.o(i.rt_list_insert_after)
    i.rt_list_insert_before                  0x08002812   Section        0  ipc.o(i.rt_list_insert_before)
    rt_list_insert_before                    0x08002813   Thumb Code    14  ipc.o(i.rt_list_insert_before)
    i.rt_list_isempty                        0x08002820   Section        0  ipc.o(i.rt_list_isempty)
    rt_list_isempty                          0x08002821   Thumb Code    16  ipc.o(i.rt_list_isempty)
    i.rt_list_isempty                        0x08002830   Section        0  timer.o(i.rt_list_isempty)
    rt_list_isempty                          0x08002831   Thumb Code    16  timer.o(i.rt_list_isempty)
    i.rt_list_isempty                        0x08002840   Section        0  cmd.o(i.rt_list_isempty)
    rt_list_isempty                          0x08002841   Thumb Code    16  cmd.o(i.rt_list_isempty)
    i.rt_list_len                            0x08002850   Section        0  cmd.o(i.rt_list_len)
    rt_list_len                              0x08002851   Thumb Code    20  cmd.o(i.rt_list_len)
    i.rt_list_remove                         0x08002864   Section        0  thread.o(i.rt_list_remove)
    rt_list_remove                           0x08002865   Thumb Code    18  thread.o(i.rt_list_remove)
    i.rt_memmove                             0x08002876   Section        0  kservice.o(i.rt_memmove)
    i.rt_memset                              0x080028b8   Section        0  kservice.o(i.rt_memset)
    i.rt_object_detach                       0x08002900   Section        0  object.o(i.rt_object_detach)
    i.rt_object_get_information              0x0800292c   Section        0  object.o(i.rt_object_get_information)
    i.rt_object_init                         0x08002954   Section        0  object.o(i.rt_object_init)
    i.rt_object_is_systemobject              0x080029b4   Section        0  object.o(i.rt_object_is_systemobject)
    i.rt_ringbuffer_data_len                 0x080029c6   Section        0  usart.o(i.rt_ringbuffer_data_len)
    i.rt_ringbuffer_getchar                  0x08002a32   Section        0  usart.o(i.rt_ringbuffer_getchar)
    i.rt_ringbuffer_init                     0x08002a8a   Section        0  usart.o(i.rt_ringbuffer_init)
    i.rt_ringbuffer_putchar                  0x08002aba   Section        0  usart.o(i.rt_ringbuffer_putchar)
    i.rt_schedule                            0x08002b14   Section        0  scheduler.o(i.rt_schedule)
    i.rt_schedule_insert_thread              0x08002b98   Section        0  scheduler.o(i.rt_schedule_insert_thread)
    i.rt_schedule_remove_thread              0x08002be8   Section        0  scheduler.o(i.rt_schedule_remove_thread)
    i.rt_sem_init                            0x08002c3c   Section        0  ipc.o(i.rt_sem_init)
    i.rt_sem_release                         0x08002c62   Section        0  ipc.o(i.rt_sem_release)
    i.rt_sem_take                            0x08002c9c   Section        0  ipc.o(i.rt_sem_take)
    i.rt_show_version                        0x08002d10   Section        0  kservice.o(i.rt_show_version)
    i.rt_strlen                              0x08002dc0   Section        0  kservice.o(i.rt_strlen)
    i.rt_strncpy                             0x08002dd2   Section        0  kservice.o(i.rt_strncpy)
    i.rt_system_scheduler_init               0x08002e08   Section        0  scheduler.o(i.rt_system_scheduler_init)
    i.rt_system_scheduler_start              0x08002e54   Section        0  scheduler.o(i.rt_system_scheduler_start)
    i.rt_system_timer_init                   0x08002e84   Section        0  timer.o(i.rt_system_timer_init)
    i.rt_system_timer_thread_init            0x08002ea0   Section        0  timer.o(i.rt_system_timer_thread_init)
    i.rt_thread_delay                        0x08002ea2   Section        0  thread.o(i.rt_thread_delay)
    i.rt_thread_exit                         0x08002eb0   Section        0  thread.o(i.rt_thread_exit)
    i.rt_thread_idle_entry                   0x08002f04   Section        0  idle.o(i.rt_thread_idle_entry)
    rt_thread_idle_entry                     0x08002f05   Thumb Code     8  idle.o(i.rt_thread_idle_entry)
    i.rt_thread_idle_excute                  0x08002f0c   Section        0  idle.o(i.rt_thread_idle_excute)
    i.rt_thread_idle_init                    0x08002f8c   Section        0  idle.o(i.rt_thread_idle_init)
    i.rt_thread_init                         0x08002fc8   Section        0  thread.o(i.rt_thread_init)
    i.rt_thread_resume                       0x08002ffc   Section        0  thread.o(i.rt_thread_resume)
    i.rt_thread_self                         0x08003038   Section        0  thread.o(i.rt_thread_self)
    i.rt_thread_sleep                        0x08003044   Section        0  thread.o(i.rt_thread_sleep)
    i.rt_thread_startup                      0x08003088   Section        0  thread.o(i.rt_thread_startup)
    i.rt_thread_suspend                      0x080030b4   Section        0  thread.o(i.rt_thread_suspend)
    i.rt_thread_timeout                      0x080030f8   Section        0  thread.o(i.rt_thread_timeout)
    i.rt_thread_yield                        0x08003118   Section        0  thread.o(i.rt_thread_yield)
    i.rt_tick_get                            0x0800317c   Section        0  clock.o(i.rt_tick_get)
    i.rt_tick_increase                       0x08003188   Section        0  clock.o(i.rt_tick_increase)
    i.rt_timer_check                         0x080031b8   Section        0  timer.o(i.rt_timer_check)
    i.rt_timer_control                       0x08003234   Section        0  timer.o(i.rt_timer_control)
    i.rt_timer_detach                        0x0800326c   Section        0  timer.o(i.rt_timer_detach)
    i.rt_timer_init                          0x0800328c   Section        0  timer.o(i.rt_timer_init)
    i.rt_timer_start                         0x080032bc   Section        0  timer.o(i.rt_timer_start)
    i.rt_timer_stop                          0x080033b4   Section        0  timer.o(i.rt_timer_stop)
    i.rt_vsnprintf                           0x080033e4   Section        0  kservice.o(i.rt_vsnprintf)
    i.rti_board_end                          0x08003714   Section        0  components.o(i.rti_board_end)
    rti_board_end                            0x08003715   Thumb Code     4  components.o(i.rti_board_end)
    i.rti_board_start                        0x08003718   Section        0  components.o(i.rti_board_start)
    rti_board_start                          0x08003719   Thumb Code     4  components.o(i.rti_board_start)
    i.rti_end                                0x0800371c   Section        0  components.o(i.rti_end)
    rti_end                                  0x0800371d   Thumb Code     4  components.o(i.rti_end)
    i.rti_start                              0x08003720   Section        0  components.o(i.rti_start)
    rti_start                                0x08003721   Thumb Code     4  components.o(i.rti_start)
    i.rtthread_startup                       0x08003724   Section        0  components.o(i.rtthread_startup)
    i.shell_auto_complete                    0x08003750   Section        0  shell.o(i.shell_auto_complete)
    shell_auto_complete                      0x08003751   Thumb Code    42  shell.o(i.shell_auto_complete)
    i.show_wait_queue                        0x08003788   Section        0  cmd.o(i.show_wait_queue)
    show_wait_queue                          0x08003789   Thumb Code    40  cmd.o(i.show_wait_queue)
    i.skip_atoi                              0x080037b8   Section        0  kservice.o(i.skip_atoi)
    skip_atoi                                0x080037b9   Thumb Code    38  kservice.o(i.skip_atoi)
    i.str_common                             0x080037de   Section        0  msh.o(i.str_common)
    str_common                               0x080037df   Thumb Code    32  msh.o(i.str_common)
    i.usage_fault_track                      0x08003800   Section        0  cpuport.o(i.usage_fault_track)
    usage_fault_track                        0x08003801   Thumb Code   122  cpuport.o(i.usage_fault_track)
    i.version                                0x080038e8   Section        0  cmd.o(i.version)
    .constdata                               0x080038f2   Section      290  kservice.o(.constdata)
    small_digits                             0x080039f2   Data          17  kservice.o(.constdata)
    large_digits                             0x08003a03   Data          17  kservice.o(.constdata)
    .constdata                               0x08003a14   Section      147  cmd.o(.constdata)
    .constdata                               0x08003aa7   Section       20  msh.o(.constdata)
    .conststring                             0x08003abc   Section       68  cmd.o(.conststring)
    .rti_fn.0                                0x08003b00   Section        4  components.o(.rti_fn.0)
    __tagsym$$used                           0x08003b00   Number         0  components.o(.rti_fn.0)
    .rti_fn.0.end                            0x08003b04   Section        4  components.o(.rti_fn.0.end)
    __tagsym$$used                           0x08003b04   Number         0  components.o(.rti_fn.0.end)
    .rti_fn.1.end                            0x08003b08   Section        4  components.o(.rti_fn.1.end)
    __tagsym$$used                           0x08003b08   Number         0  components.o(.rti_fn.1.end)
    .rti_fn.6                                0x08003b0c   Section        4  shell.o(.rti_fn.6)
    __tagsym$$used                           0x08003b0c   Number         0  shell.o(.rti_fn.6)
    .rti_fn.6.end                            0x08003b10   Section        4  components.o(.rti_fn.6.end)
    __tagsym$$used                           0x08003b10   Number         0  components.o(.rti_fn.6.end)
    FSymTab                                  0x08003b14   Section       96  cmd.o(FSymTab)
    __tagsym$$used                           0x08003b14   Number         0  cmd.o(FSymTab)
    __tagsym$$used                           0x08003b1c   Number         0  cmd.o(FSymTab)
    __tagsym$$used                           0x08003b24   Number         0  cmd.o(FSymTab)
    __tagsym$$used                           0x08003b2c   Number         0  cmd.o(FSymTab)
    __tagsym$$used                           0x08003b34   Number         0  cmd.o(FSymTab)
    __tagsym$$used                           0x08003b3c   Number         0  cmd.o(FSymTab)
    __tagsym$$used                           0x08003b44   Number         0  cmd.o(FSymTab)
    __tagsym$$used                           0x08003b4c   Number         0  cmd.o(FSymTab)
    __tagsym$$used                           0x08003b54   Number         0  cmd.o(FSymTab)
    __tagsym$$used                           0x08003b5c   Number         0  cmd.o(FSymTab)
    __tagsym$$used                           0x08003b64   Number         0  cmd.o(FSymTab)
    __tagsym$$used                           0x08003b6c   Number         0  cmd.o(FSymTab)
    FSymTab                                  0x08003b74   Section       16  msh.o(FSymTab)
    __tagsym$$used                           0x08003b74   Number         0  msh.o(FSymTab)
    __tagsym$$used                           0x08003b7c   Number         0  msh.o(FSymTab)
    .data                                    0x20000000   Section       20  system_stm32f10x.o(.data)
    .data                                    0x20000014   Section       20  stm32f10x_rcc.o(.data)
    APBAHBPrescTable                         0x20000014   Data          16  stm32f10x_rcc.o(.data)
    ADCPrescTable                            0x20000024   Data           4  stm32f10x_rcc.o(.data)
    .data                                    0x20000028   Section        4  clock.o(.data)
    rt_tick                                  0x20000028   Data           4  clock.o(.data)
    .data                                    0x2000002c   Section        1  irq.o(.data)
    .data                                    0x20000030   Section       64  object.o(.data)
    rt_object_container                      0x20000030   Data          64  object.o(.data)
    .data                                    0x20000070   Section       24  scheduler.o(.data)
    rt_scheduler_lock_nest                   0x20000070   Data           2  scheduler.o(.data)
    .data                                    0x20000088   Section       12  timer.o(.data)
    rt_timer_list                            0x20000088   Data           8  timer.o(.data)
    random_nr                                0x20000090   Data           4  timer.o(.data)
    .data                                    0x20000094   Section       16  cpuport.o(.data)
    rt_exception_hook                        0x200000a0   Data           4  cpuport.o(.data)
    .data                                    0x200000a4   Section       24  shell.o(.data)
    finsh_prompt_custom                      0x200000b8   Data           4  shell.o(.data)
    .bss                                     0x200000c0   Section      632  components.o(.bss)
    main_stack                               0x200000c0   Data         512  components.o(.bss)
    .bss                                     0x20000338   Section      248  idle.o(.bss)
    idle                                     0x20000338   Data         120  idle.o(.bss)
    rt_thread_stack                          0x200003b0   Data         128  idle.o(.bss)
    .bss                                     0x20000430   Section      128  kservice.o(.bss)
    rt_log_buf                               0x20000430   Data         128  kservice.o(.bss)
    .bss                                     0x200004b0   Section       64  scheduler.o(.bss)
    .bss                                     0x200004f0   Section      881  shell.o(.bss)
    finsh_thread                             0x200004f0   Data         120  shell.o(.bss)
    finsh_thread_stack                       0x20000568   Data         512  shell.o(.bss)
    finsh_prompt                             0x200007e0   Data         129  shell.o(.bss)
    .bss                                     0x20000864   Section      752  led.o(.bss)
    rt_LED_RED_thread_stack                  0x20000864   Data         256  led.o(.bss)
    rt_LED_YELLOW_thread_stack               0x20000964   Data         256  led.o(.bss)
    LED_RED_thread                           0x20000a64   Data         120  led.o(.bss)
    LED_YELLOW_thread                        0x20000adc   Data         120  led.o(.bss)
    .bss                                     0x20000b54   Section       60  usart.o(.bss)
    shell_rx_sem                             0x20000b70   Data          32  usart.o(.bss)
    .bss                                     0x20000b90   Section       96  libspace.o(.bss)
    HEAP                                     0x20000bf0   Section      512  startup_stm32f10x_hd.o(HEAP)
    Heap_Mem                                 0x20000bf0   Data         512  startup_stm32f10x_hd.o(HEAP)
    STACK                                    0x20000df0   Section     1024  startup_stm32f10x_hd.o(STACK)
    Stack_Mem                                0x20000df0   Data        1024  startup_stm32f10x_hd.o(STACK)
    __initial_sp                             0x200011f0   Data           0  startup_stm32f10x_hd.o(STACK)

    Global Symbols

    Symbol Name                              Value     Ov Type        Size  Object(Section)

    BuildAttributes$$THM_ISAv4$P$D$K$B$S$PE$A:L22UL41UL21$X:L11$S22US41US21$IEEE1$IW$USESV6$~STKCKD$USESV7$~SHL$OSPACE$ROPI$EBA8$UX$STANDARDLIB$REQ8$PRES8$EABIv2 0x00000000   Number         0  anon$$obj.o ABSOLUTE
    __ARM_use_no_argv                        0x00000000   Number         0  main.o ABSOLUTE
    __ARM_exceptions_init                     - Undefined Weak Reference
    __alloca_initialize                       - Undefined Weak Reference
    __arm_preinit_                            - Undefined Weak Reference
    __cpp_initialize__aeabi_                  - Undefined Weak Reference
    __cxa_finalize                            - Undefined Weak Reference
    __rt_locale                               - Undefined Weak Reference
    __sigvec_lookup                           - Undefined Weak Reference
    _atexit_init                              - Undefined Weak Reference
    _call_atexit_fns                          - Undefined Weak Reference
    _clock_init                               - Undefined Weak Reference
    _fp_trap_init                             - Undefined Weak Reference
    _fp_trap_shutdown                         - Undefined Weak Reference
    _get_lc_collate                           - Undefined Weak Reference
    _get_lc_ctype                             - Undefined Weak Reference
    _get_lc_monetary                          - Undefined Weak Reference
    _get_lc_numeric                           - Undefined Weak Reference
    _get_lc_time                              - Undefined Weak Reference
    _getenv_init                              - Undefined Weak Reference
    _handle_redirection                       - Undefined Weak Reference
    _init_alloc                               - Undefined Weak Reference
    _init_user_alloc                          - Undefined Weak Reference
    _initio                                   - Undefined Weak Reference
    _rand_init                                - Undefined Weak Reference
    _signal_finish                            - Undefined Weak Reference
    _signal_init                              - Undefined Weak Reference
    _terminate_alloc                          - Undefined Weak Reference
    _terminate_user_alloc                     - Undefined Weak Reference
    _terminateio                              - Undefined Weak Reference
    __Vectors_Size                           0x00000130   Number         0  startup_stm32f10x_hd.o ABSOLUTE
    __Vectors                                0x08000000   Data           4  startup_stm32f10x_hd.o(RESET)
    __Vectors_End                            0x08000130   Data           0  startup_stm32f10x_hd.o(RESET)
    __main                                   0x08000131   Thumb Code     8  __main.o(!!!main)
    __scatterload                            0x08000139   Thumb Code     0  __scatter.o(!!!scatter)
    __scatterload_rt2                        0x08000139   Thumb Code    44  __scatter.o(!!!scatter)
    __scatterload_rt2_thumb_only             0x08000139   Thumb Code     0  __scatter.o(!!!scatter)
    __scatterload_null                       0x08000147   Thumb Code     0  __scatter.o(!!!scatter)
    __scatterload_copy                       0x0800016d   Thumb Code    26  __scatter_copy.o(!!handler_copy)
    __scatterload_zeroinit                   0x08000189   Thumb Code    28  __scatter_zi.o(!!handler_zi)
    __rt_lib_init                            0x080001a5   Thumb Code     0  libinit.o(.ARM.Collect$$libinit$$00000000)
    __rt_lib_init_alloca_1                   0x080001a7   Thumb Code     0  libinit2.o(.ARM.Collect$$libinit$$0000002E)
    __rt_lib_init_argv_1                     0x080001a7   Thumb Code     0  libinit2.o(.ARM.Collect$$libinit$$0000002C)
    __rt_lib_init_atexit_1                   0x080001a7   Thumb Code     0  libinit2.o(.ARM.Collect$$libinit$$0000001B)
    __rt_lib_init_clock_1                    0x080001a7   Thumb Code     0  libinit2.o(.ARM.Collect$$libinit$$00000021)
    __rt_lib_init_cpp_1                      0x080001a7   Thumb Code     0  libinit2.o(.ARM.Collect$$libinit$$00000032)
    __rt_lib_init_exceptions_1               0x080001a7   Thumb Code     0  libinit2.o(.ARM.Collect$$libinit$$00000030)
    __rt_lib_init_fp_1                       0x080001a7   Thumb Code     0  libinit2.o(.ARM.Collect$$libinit$$00000002)
    __rt_lib_init_fp_trap_1                  0x080001a7   Thumb Code     0  libinit2.o(.ARM.Collect$$libinit$$0000001F)
    __rt_lib_init_getenv_1                   0x080001a7   Thumb Code     0  libinit2.o(.ARM.Collect$$libinit$$00000023)
    __rt_lib_init_heap_1                     0x080001a7   Thumb Code     0  libinit2.o(.ARM.Collect$$libinit$$0000000A)
    __rt_lib_init_lc_collate_1               0x080001a7   Thumb Code     0  libinit2.o(.ARM.Collect$$libinit$$00000011)
    __rt_lib_init_lc_ctype_1                 0x080001a7   Thumb Code     0  libinit2.o(.ARM.Collect$$libinit$$00000013)
    __rt_lib_init_lc_monetary_1              0x080001a7   Thumb Code     0  libinit2.o(.ARM.Collect$$libinit$$00000015)
    __rt_lib_init_lc_numeric_1               0x080001a7   Thumb Code     0  libinit2.o(.ARM.Collect$$libinit$$00000017)
    __rt_lib_init_lc_time_1                  0x080001a7   Thumb Code     0  libinit2.o(.ARM.Collect$$libinit$$00000019)
    __rt_lib_init_preinit_1                  0x080001a7   Thumb Code     0  libinit2.o(.ARM.Collect$$libinit$$00000004)
    __rt_lib_init_rand_1                     0x080001a7   Thumb Code     0  libinit2.o(.ARM.Collect$$libinit$$0000000E)
    __rt_lib_init_return                     0x080001a7   Thumb Code     0  libinit2.o(.ARM.Collect$$libinit$$00000033)
    __rt_lib_init_signal_1                   0x080001a7   Thumb Code     0  libinit2.o(.ARM.Collect$$libinit$$0000001D)
    __rt_lib_init_stdio_1                    0x080001a7   Thumb Code     0  libinit2.o(.ARM.Collect$$libinit$$00000025)
    __rt_lib_init_user_alloc_1               0x080001a7   Thumb Code     0  libinit2.o(.ARM.Collect$$libinit$$0000000C)
    __rt_lib_shutdown                        0x080001a9   Thumb Code     0  libshutdown.o(.ARM.Collect$$libshutdown$$00000000)
    __rt_lib_shutdown_cpp_1                  0x080001ab   Thumb Code     0  libshutdown2.o(.ARM.Collect$$libshutdown$$00000002)
    __rt_lib_shutdown_fp_trap_1              0x080001ab   Thumb Code     0  libshutdown2.o(.ARM.Collect$$libshutdown$$00000007)
    __rt_lib_shutdown_heap_1                 0x080001ab   Thumb Code     0  libshutdown2.o(.ARM.Collect$$libshutdown$$0000000F)
    __rt_lib_shutdown_return                 0x080001ab   Thumb Code     0  libshutdown2.o(.ARM.Collect$$libshutdown$$00000010)
    __rt_lib_shutdown_signal_1               0x080001ab   Thumb Code     0  libshutdown2.o(.ARM.Collect$$libshutdown$$0000000A)
    __rt_lib_shutdown_stdio_1                0x080001ab   Thumb Code     0  libshutdown2.o(.ARM.Collect$$libshutdown$$00000004)
    __rt_lib_shutdown_user_alloc_1           0x080001ab   Thumb Code     0  libshutdown2.o(.ARM.Collect$$libshutdown$$0000000C)
    __rt_entry                               0x080001ad   Thumb Code     0  __rtentry.o(.ARM.Collect$$rtentry$$00000000)
    __rt_entry_presh_1                       0x080001ad   Thumb Code     0  __rtentry2.o(.ARM.Collect$$rtentry$$00000002)
    __rt_entry_sh                            0x080001ad   Thumb Code     0  __rtentry4.o(.ARM.Collect$$rtentry$$00000004)
    __rt_entry_li                            0x080001b3   Thumb Code     0  __rtentry2.o(.ARM.Collect$$rtentry$$0000000A)
    __rt_entry_postsh_1                      0x080001b3   Thumb Code     0  __rtentry2.o(.ARM.Collect$$rtentry$$00000009)
    __rt_entry_main                          0x080001b7   Thumb Code     0  __rtentry2.o(.ARM.Collect$$rtentry$$0000000D)
    __rt_entry_postli_1                      0x080001b7   Thumb Code     0  __rtentry2.o(.ARM.Collect$$rtentry$$0000000C)
    __rt_exit                                0x080001bf   Thumb Code     0  rtexit.o(.ARM.Collect$$rtexit$$00000000)
    __rt_exit_ls                             0x080001c1   Thumb Code     0  rtexit2.o(.ARM.Collect$$rtexit$$00000003)
    __rt_exit_prels_1                        0x080001c1   Thumb Code     0  rtexit2.o(.ARM.Collect$$rtexit$$00000002)
    __rt_exit_exit                           0x080001c5   Thumb Code     0  rtexit2.o(.ARM.Collect$$rtexit$$00000004)
    Reset_Handler                            0x080001cd   Thumb Code     8  startup_stm32f10x_hd.o(.text)
    NMI_Handler                              0x080001d5   Thumb Code     2  startup_stm32f10x_hd.o(.text)
    MemManage_Handler                        0x080001d9   Thumb Code     2  startup_stm32f10x_hd.o(.text)
    BusFault_Handler                         0x080001db   Thumb Code     2  startup_stm32f10x_hd.o(.text)
    UsageFault_Handler                       0x080001dd   Thumb Code     2  startup_stm32f10x_hd.o(.text)
    SVC_Handler                              0x080001df   Thumb Code     2  startup_stm32f10x_hd.o(.text)
    DebugMon_Handler                         0x080001e1   Thumb Code     2  startup_stm32f10x_hd.o(.text)
    ADC1_2_IRQHandler                        0x080001e7   Thumb Code     0  startup_stm32f10x_hd.o(.text)
    ADC3_IRQHandler                          0x080001e7   Thumb Code     0  startup_stm32f10x_hd.o(.text)
    CAN1_RX1_IRQHandler                      0x080001e7   Thumb Code     0  startup_stm32f10x_hd.o(.text)
    CAN1_SCE_IRQHandler                      0x080001e7   Thumb Code     0  startup_stm32f10x_hd.o(.text)
    DMA1_Channel1_IRQHandler                 0x080001e7   Thumb Code     0  startup_stm32f10x_hd.o(.text)
    DMA1_Channel2_IRQHandler                 0x080001e7   Thumb Code     0  startup_stm32f10x_hd.o(.text)
    DMA1_Channel3_IRQHandler                 0x080001e7   Thumb Code     0  startup_stm32f10x_hd.o(.text)
    DMA1_Channel4_IRQHandler                 0x080001e7   Thumb Code     0  startup_stm32f10x_hd.o(.text)
    DMA1_Channel5_IRQHandler                 0x080001e7   Thumb Code     0  startup_stm32f10x_hd.o(.text)
    DMA1_Channel6_IRQHandler                 0x080001e7   Thumb Code     0  startup_stm32f10x_hd.o(.text)
    DMA1_Channel7_IRQHandler                 0x080001e7   Thumb Code     0  startup_stm32f10x_hd.o(.text)
    DMA2_Channel1_IRQHandler                 0x080001e7   Thumb Code     0  startup_stm32f10x_hd.o(.text)
    DMA2_Channel2_IRQHandler                 0x080001e7   Thumb Code     0  startup_stm32f10x_hd.o(.text)
    DMA2_Channel3_IRQHandler                 0x080001e7   Thumb Code     0  startup_stm32f10x_hd.o(.text)
    DMA2_Channel4_5_IRQHandler               0x080001e7   Thumb Code     0  startup_stm32f10x_hd.o(.text)
    EXTI0_IRQHandler                         0x080001e7   Thumb Code     0  startup_stm32f10x_hd.o(.text)
    EXTI15_10_IRQHandler                     0x080001e7   Thumb Code     0  startup_stm32f10x_hd.o(.text)
    EXTI1_IRQHandler                         0x080001e7   Thumb Code     0  startup_stm32f10x_hd.o(.text)
    EXTI2_IRQHandler                         0x080001e7   Thumb Code     0  startup_stm32f10x_hd.o(.text)
    EXTI3_IRQHandler                         0x080001e7   Thumb Code     0  startup_stm32f10x_hd.o(.text)
    EXTI4_IRQHandler                         0x080001e7   Thumb Code     0  startup_stm32f10x_hd.o(.text)
    EXTI9_5_IRQHandler                       0x080001e7   Thumb Code     0  startup_stm32f10x_hd.o(.text)
    FLASH_IRQHandler                         0x080001e7   Thumb Code     0  startup_stm32f10x_hd.o(.text)
    FSMC_IRQHandler                          0x080001e7   Thumb Code     0  startup_stm32f10x_hd.o(.text)
    I2C1_ER_IRQHandler                       0x080001e7   Thumb Code     0  startup_stm32f10x_hd.o(.text)
    I2C1_EV_IRQHandler                       0x080001e7   Thumb Code     0  startup_stm32f10x_hd.o(.text)
    I2C2_ER_IRQHandler                       0x080001e7   Thumb Code     0  startup_stm32f10x_hd.o(.text)
    I2C2_EV_IRQHandler                       0x080001e7   Thumb Code     0  startup_stm32f10x_hd.o(.text)
    PVD_IRQHandler                           0x080001e7   Thumb Code     0  startup_stm32f10x_hd.o(.text)
    RCC_IRQHandler                           0x080001e7   Thumb Code     0  startup_stm32f10x_hd.o(.text)
    RTCAlarm_IRQHandler                      0x080001e7   Thumb Code     0  startup_stm32f10x_hd.o(.text)
    RTC_IRQHandler                           0x080001e7   Thumb Code     0  startup_stm32f10x_hd.o(.text)
    SDIO_IRQHandler                          0x080001e7   Thumb Code     0  startup_stm32f10x_hd.o(.text)
    SPI1_IRQHandler                          0x080001e7   Thumb Code     0  startup_stm32f10x_hd.o(.text)
    SPI2_IRQHandler                          0x080001e7   Thumb Code     0  startup_stm32f10x_hd.o(.text)
    SPI3_IRQHandler                          0x080001e7   Thumb Code     0  startup_stm32f10x_hd.o(.text)
    TAMPER_IRQHandler                        0x080001e7   Thumb Code     0  startup_stm32f10x_hd.o(.text)
    TIM1_BRK_IRQHandler                      0x080001e7   Thumb Code     0  startup_stm32f10x_hd.o(.text)
    TIM1_CC_IRQHandler                       0x080001e7   Thumb Code     0  startup_stm32f10x_hd.o(.text)
    TIM1_TRG_COM_IRQHandler                  0x080001e7   Thumb Code     0  startup_stm32f10x_hd.o(.text)
    TIM1_UP_IRQHandler                       0x080001e7   Thumb Code     0  startup_stm32f10x_hd.o(.text)
    TIM2_IRQHandler                          0x080001e7   Thumb Code     0  startup_stm32f10x_hd.o(.text)
    TIM3_IRQHandler                          0x080001e7   Thumb Code     0  startup_stm32f10x_hd.o(.text)
    TIM4_IRQHandler                          0x080001e7   Thumb Code     0  startup_stm32f10x_hd.o(.text)
    TIM5_IRQHandler                          0x080001e7   Thumb Code     0  startup_stm32f10x_hd.o(.text)
    TIM6_IRQHandler                          0x080001e7   Thumb Code     0  startup_stm32f10x_hd.o(.text)
    TIM7_IRQHandler                          0x080001e7   Thumb Code     0  startup_stm32f10x_hd.o(.text)
    TIM8_BRK_IRQHandler                      0x080001e7   Thumb Code     0  startup_stm32f10x_hd.o(.text)
    TIM8_CC_IRQHandler                       0x080001e7   Thumb Code     0  startup_stm32f10x_hd.o(.text)
    TIM8_TRG_COM_IRQHandler                  0x080001e7   Thumb Code     0  startup_stm32f10x_hd.o(.text)
    TIM8_UP_IRQHandler                       0x080001e7   Thumb Code     0  startup_stm32f10x_hd.o(.text)
    UART4_IRQHandler                         0x080001e7   Thumb Code     0  startup_stm32f10x_hd.o(.text)
    UART5_IRQHandler                         0x080001e7   Thumb Code     0  startup_stm32f10x_hd.o(.text)
    USART2_IRQHandler                        0x080001e7   Thumb Code     0  startup_stm32f10x_hd.o(.text)
    USART3_IRQHandler                        0x080001e7   Thumb Code     0  startup_stm32f10x_hd.o(.text)
    USBWakeUp_IRQHandler                     0x080001e7   Thumb Code     0  startup_stm32f10x_hd.o(.text)
    USB_HP_CAN1_TX_IRQHandler                0x080001e7   Thumb Code     0  startup_stm32f10x_hd.o(.text)
    USB_LP_CAN1_RX0_IRQHandler               0x080001e7   Thumb Code     0  startup_stm32f10x_hd.o(.text)
    WWDG_IRQHandler                          0x080001e7   Thumb Code     0  startup_stm32f10x_hd.o(.text)
    __user_initial_stackheap                 0x080001e9   Thumb Code     0  startup_stm32f10x_hd.o(.text)
    rt_hw_interrupt_disable                  0x0800020d   Thumb Code     8  context_rvds.o(.text)
    rt_hw_interrupt_enable                   0x08000215   Thumb Code     6  context_rvds.o(.text)
    rt_hw_context_switch                     0x0800021b   Thumb Code    32  context_rvds.o(.text)
    rt_hw_context_switch_interrupt           0x0800021b   Thumb Code     0  context_rvds.o(.text)
    PendSV_Handler                           0x0800023b   Thumb Code    60  context_rvds.o(.text)
    rt_hw_context_switch_to                  0x08000277   Thumb Code    58  context_rvds.o(.text)
    rt_hw_interrupt_thread_switch            0x080002b1   Thumb Code     2  context_rvds.o(.text)
    HardFault_Handler                        0x080002b3   Thumb Code    52  context_rvds.o(.text)
    strcpy                                   0x08000301   Thumb Code    72  strcpy.o(.text)
    strlen                                   0x08000349   Thumb Code    62  strlen.o(.text)
    strncmp                                  0x08000387   Thumb Code   150  strncmp.o(.text)
    strcat                                   0x0800041d   Thumb Code    24  strcat.o(.text)
    __aeabi_memcpy4                          0x08000435   Thumb Code     0  rt_memcpy_w.o(.text)
    __aeabi_memcpy8                          0x08000435   Thumb Code     0  rt_memcpy_w.o(.text)
    __rt_memcpy_w                            0x08000435   Thumb Code   100  rt_memcpy_w.o(.text)
    _memcpy_lastbytes_aligned                0x0800047d   Thumb Code     0  rt_memcpy_w.o(.text)
    __aeabi_memclr                           0x08000499   Thumb Code     0  rt_memclr.o(.text)
    __rt_memclr                              0x08000499   Thumb Code    68  rt_memclr.o(.text)
    _memset                                  0x0800049d   Thumb Code     0  rt_memclr.o(.text)
    __aeabi_memclr4                          0x080004dd   Thumb Code     0  rt_memclr_w.o(.text)
    __aeabi_memclr8                          0x080004dd   Thumb Code     0  rt_memclr_w.o(.text)
    __rt_memclr_w                            0x080004dd   Thumb Code    78  rt_memclr_w.o(.text)
    _memset_w                                0x080004e1   Thumb Code     0  rt_memclr_w.o(.text)
    strncpy                                  0x0800052b   Thumb Code    86  strncpy.o(.text)
    __use_two_region_memory                  0x08000581   Thumb Code     2  heapauxi.o(.text)
    __rt_heap_escrow$2region                 0x08000583   Thumb Code     2  heapauxi.o(.text)
    __rt_heap_expand$2region                 0x08000585   Thumb Code     2  heapauxi.o(.text)
    __user_setup_stackheap                   0x08000587   Thumb Code    74  sys_stackheap_outer.o(.text)
    exit                                     0x080005d1   Thumb Code    18  exit.o(.text)
    __user_libspace                          0x080005e5   Thumb Code     8  libspace.o(.text)
    __user_perproc_libspace                  0x080005e5   Thumb Code     0  libspace.o(.text)
    __user_perthread_libspace                0x080005e5   Thumb Code     0  libspace.o(.text)
    _sys_exit                                0x080005ed   Thumb Code     8  sys_exit.o(.text)
    __I$use$semihosting                      0x080005f9   Thumb Code     0  use_no_semi.o(.text)
    __use_no_semihosting_swi                 0x080005f9   Thumb Code     2  use_no_semi.o(.text)
    __semihosting_library_function           0x080005fb   Thumb Code     0  indicate_semi.o(.text)
    main                                     0x080005fb   Thumb Code    10  components.o(i.$Sub$$main)
    GPIO_Init                                0x08000605   Thumb Code   278  stm32f10x_gpio.o(i.GPIO_Init)
    GPIO_ResetBits                           0x0800071b   Thumb Code     4  stm32f10x_gpio.o(i.GPIO_ResetBits)
    GPIO_SetBits                             0x0800071f   Thumb Code     4  stm32f10x_gpio.o(i.GPIO_SetBits)
    LED_GPIO_Config                          0x08000725   Thumb Code    68  led.o(i.LED_GPIO_Config)
    LED_RED_thread_init                      0x08000799   Thumb Code    34  led.o(i.LED_RED_thread_init)
    LED_RED_thread_startup                   0x080007d1   Thumb Code    10  led.o(i.LED_RED_thread_startup)
    LED_YELLOW_thread_init                   0x08000809   Thumb Code    34  led.o(i.LED_YELLOW_thread_init)
    LED_YELLOW_thread_startup                0x08000845   Thumb Code    10  led.o(i.LED_YELLOW_thread_startup)
    NVIC_Init                                0x08000855   Thumb Code   100  misc.o(i.NVIC_Init)
    RCC_APB2PeriphClockCmd                   0x080008c5   Thumb Code    26  stm32f10x_rcc.o(i.RCC_APB2PeriphClockCmd)
    RCC_GetClocksFreq                        0x080008e5   Thumb Code   192  stm32f10x_rcc.o(i.RCC_GetClocksFreq)
    SysTick_Handler                          0x08000aa1   Thumb Code    16  board.o(i.SysTick_Handler)
    SystemInit                               0x08000ab1   Thumb Code    78  system_stm32f10x.o(i.SystemInit)
    USART1_IRQHandler                        0x08000b11   Thumb Code    86  usart.o(i.USART1_IRQHandler)
    USART_Cmd                                0x08000b75   Thumb Code    24  stm32f10x_usart.o(i.USART_Cmd)
    USART_Config                             0x08000b8d   Thumb Code   176  usart.o(i.USART_Config)
    USART_GetFlagStatus                      0x08000c5d   Thumb Code    26  stm32f10x_usart.o(i.USART_GetFlagStatus)
    USART_GetITStatus                        0x08000c77   Thumb Code    84  stm32f10x_usart.o(i.USART_GetITStatus)
    USART_ITConfig                           0x08000ccb   Thumb Code    74  stm32f10x_usart.o(i.USART_ITConfig)
    USART_Init                               0x08000d15   Thumb Code   210  stm32f10x_usart.o(i.USART_Init)
    USART_SendData                           0x08000ded   Thumb Code     8  stm32f10x_usart.o(i.USART_SendData)
    __rt_ffs                                 0x08000df5   Thumb Code    70  kservice.o(i.__rt_ffs)
    cmd_ps                                   0x080010b1   Thumb Code    14  msh.o(i.cmd_ps)
    finsh_get_prompt                         0x080010c1   Thumb Code    84  shell.o(i.finsh_get_prompt)
    finsh_set_prompt_mode                    0x0800113d   Thumb Code    22  shell.o(i.finsh_set_prompt_mode)
    finsh_system_function_init               0x08001159   Thumb Code    10  shell.o(i.finsh_system_function_init)
    finsh_system_init                        0x0800116d   Thumb Code    88  shell.o(i.finsh_system_init)
    finsh_thread_entry                       0x080011f1   Thumb Code   936  shell.o(i.finsh_thread_entry)
    hello                                    0x08001639   Thumb Code    12  cmd.o(i.hello)
    list                                     0x08001659   Thumb Code    52  cmd.o(i.list)
    list_mailbox                             0x08001765   Thumb Code   224  cmd.o(i.list_mailbox)
    list_sem                                 0x080018c1   Thumb Code   216  cmd.o(i.list_sem)
    list_thread                              0x080019f9   Thumb Code   294  cmd.o(i.list_thread)
    list_timer                               0x08001bdd   Thumb Code   190  cmd.o(i.list_timer)
    $Super$$main                             0x08001d3d   Thumb Code    22  main.o(i.main)
    main_thread_entry                        0x08001d53   Thumb Code    14  components.o(i.main_thread_entry)
    msh_auto_complete                        0x08001e49   Thumb Code   138  msh.o(i.msh_auto_complete)
    msh_exec                                 0x08001ee9   Thumb Code    82  msh.o(i.msh_exec)
    msh_help                                 0x08001fb1   Thumb Code    64  msh.o(i.msh_help)
    msh_is_used                              0x08002025   Thumb Code     4  msh.o(i.msh_is_used)
    rt_application_init                      0x080022cd   Thumb Code    42  components.o(i.rt_application_init)
    rt_components_board_init                 0x0800230d   Thumb Code    20  components.o(i.rt_components_board_init)
    rt_components_init                       0x08002329   Thumb Code    20  components.o(i.rt_components_init)
    rt_enter_critical                        0x08002345   Thumb Code    28  scheduler.o(i.rt_enter_critical)
    rt_exit_critical                         0x08002365   Thumb Code    60  scheduler.o(i.rt_exit_critical)
    rt_hw_board_init                         0x080023a9   Thumb Code    96  board.o(i.rt_hw_board_init)
    rt_hw_console_getchar                    0x08002415   Thumb Code    36  usart.o(i.rt_hw_console_getchar)
    rt_hw_console_output                     0x08002441   Thumb Code    74  usart.o(i.rt_hw_console_output)
    rt_hw_hard_fault_exception               0x08002491   Thumb Code   198  cpuport.o(i.rt_hw_hard_fault_exception)
    rt_hw_stack_init                         0x08002699   Thumb Code    70  cpuport.o(i.rt_hw_stack_init)
    rt_interrupt_enter                       0x080026e5   Thumb Code    26  irq.o(i.rt_interrupt_enter)
    rt_interrupt_leave                       0x08002705   Thumb Code    26  irq.o(i.rt_interrupt_leave)
    rt_kprintf                               0x080027b5   Thumb Code    44  kservice.o(i.rt_kprintf)
    rt_memmove                               0x08002877   Thumb Code    66  kservice.o(i.rt_memmove)
    rt_memset                                0x080028b9   Thumb Code    72  kservice.o(i.rt_memset)
    rt_object_detach                         0x08002901   Thumb Code    44  object.o(i.rt_object_detach)
    rt_object_get_information                0x0800292d   Thumb Code    36  object.o(i.rt_object_get_information)
    rt_object_init                           0x08002955   Thumb Code    96  object.o(i.rt_object_init)
    rt_object_is_systemobject                0x080029b5   Thumb Code    18  object.o(i.rt_object_is_systemobject)
    rt_ringbuffer_data_len                   0x080029c7   Thumb Code   108  usart.o(i.rt_ringbuffer_data_len)
    rt_ringbuffer_getchar                    0x08002a33   Thumb Code    88  usart.o(i.rt_ringbuffer_getchar)
    rt_ringbuffer_init                       0x08002a8b   Thumb Code    48  usart.o(i.rt_ringbuffer_init)
    rt_ringbuffer_putchar                    0x08002abb   Thumb Code    90  usart.o(i.rt_ringbuffer_putchar)
    rt_schedule                              0x08002b15   Thumb Code   106  scheduler.o(i.rt_schedule)
    rt_schedule_insert_thread                0x08002b99   Thumb Code    72  scheduler.o(i.rt_schedule_insert_thread)
    rt_schedule_remove_thread                0x08002be9   Thumb Code    76  scheduler.o(i.rt_schedule_remove_thread)
    rt_sem_init                              0x08002c3d   Thumb Code    38  ipc.o(i.rt_sem_init)
    rt_sem_release                           0x08002c63   Thumb Code    58  ipc.o(i.rt_sem_release)
    rt_sem_take                              0x08002c9d   Thumb Code   116  ipc.o(i.rt_sem_take)
    rt_show_version                          0x08002d11   Thumb Code    38  kservice.o(i.rt_show_version)
    rt_strlen                                0x08002dc1   Thumb Code    18  kservice.o(i.rt_strlen)
    rt_strncpy                               0x08002dd3   Thumb Code    52  kservice.o(i.rt_strncpy)
    rt_system_scheduler_init                 0x08002e09   Thumb Code    52  scheduler.o(i.rt_system_scheduler_init)
    rt_system_scheduler_start                0x08002e55   Thumb Code    36  scheduler.o(i.rt_system_scheduler_start)
    rt_system_timer_init                     0x08002e85   Thumb Code    24  timer.o(i.rt_system_timer_init)
    rt_system_timer_thread_init              0x08002ea1   Thumb Code     2  timer.o(i.rt_system_timer_thread_init)
    rt_thread_delay                          0x08002ea3   Thumb Code    12  thread.o(i.rt_thread_delay)
    rt_thread_exit                           0x08002eb1   Thumb Code    76  thread.o(i.rt_thread_exit)
    rt_thread_idle_excute                    0x08002f0d   Thumb Code   122  idle.o(i.rt_thread_idle_excute)
    rt_thread_idle_init                      0x08002f8d   Thumb Code    38  idle.o(i.rt_thread_idle_init)
    rt_thread_init                           0x08002fc9   Thumb Code    52  thread.o(i.rt_thread_init)
    rt_thread_resume                         0x08002ffd   Thumb Code    60  thread.o(i.rt_thread_resume)
    rt_thread_self                           0x08003039   Thumb Code     6  thread.o(i.rt_thread_self)
    rt_thread_sleep                          0x08003045   Thumb Code    62  thread.o(i.rt_thread_sleep)
    rt_thread_startup                        0x08003089   Thumb Code    44  thread.o(i.rt_thread_startup)
    rt_thread_suspend                        0x080030b5   Thumb Code    68  thread.o(i.rt_thread_suspend)
    rt_thread_timeout                        0x080030f9   Thumb Code    32  thread.o(i.rt_thread_timeout)
    rt_thread_yield                          0x08003119   Thumb Code    92  thread.o(i.rt_thread_yield)
    rt_tick_get                              0x0800317d   Thumb Code     6  clock.o(i.rt_tick_get)
    rt_tick_increase                         0x08003189   Thumb Code    42  clock.o(i.rt_tick_increase)
    rt_timer_check                           0x080031b9   Thumb Code   118  timer.o(i.rt_timer_check)
    rt_timer_control                         0x08003235   Thumb Code    56  timer.o(i.rt_timer_control)
    rt_timer_detach                          0x0800326d   Thumb Code    32  timer.o(i.rt_timer_detach)
    rt_timer_init                            0x0800328d   Thumb Code    46  timer.o(i.rt_timer_init)
    rt_timer_start                           0x080032bd   Thumb Code   238  timer.o(i.rt_timer_start)
    rt_timer_stop                            0x080033b5   Thumb Code    48  timer.o(i.rt_timer_stop)
    rt_vsnprintf                             0x080033e5   Thumb Code   808  kservice.o(i.rt_vsnprintf)
    rtthread_startup                         0x08003725   Thumb Code    42  components.o(i.rtthread_startup)
    version                                  0x080038e9   Thumb Code    10  cmd.o(i.version)
    __lowest_bit_bitmap                      0x080038f2   Data         256  kservice.o(.constdata)
    __fsym_hello_name                        0x08003a14   Data           6  cmd.o(.constdata)
    __fsym_version_name                      0x08003a1a   Data           8  cmd.o(.constdata)
    __fsym___cmd_version_name                0x08003a22   Data          14  cmd.o(.constdata)
    __fsym_list_thread_name                  0x08003a30   Data          12  cmd.o(.constdata)
    __fsym___cmd_list_thread_name            0x08003a3c   Data          18  cmd.o(.constdata)
    __fsym_list_sem_name                     0x08003a4e   Data           9  cmd.o(.constdata)
    __fsym___cmd_list_sem_name               0x08003a57   Data          15  cmd.o(.constdata)
    __fsym_list_mailbox_name                 0x08003a66   Data          13  cmd.o(.constdata)
    __fsym___cmd_list_mailbox_name           0x08003a73   Data          19  cmd.o(.constdata)
    __fsym_list_timer_name                   0x08003a86   Data          11  cmd.o(.constdata)
    __fsym___cmd_list_timer_name             0x08003a91   Data          17  cmd.o(.constdata)
    __fsym_list_name                         0x08003aa2   Data           5  cmd.o(.constdata)
    __fsym___cmd_help_name                   0x08003aa7   Data          11  msh.o(.constdata)
    __fsym___cmd_ps_name                     0x08003ab2   Data           9  msh.o(.constdata)
    __rt_init_rti_start                      0x08003b00   Data           4  components.o(.rti_fn.0)
    __rt_init_rti_board_start                0x08003b04   Data           4  components.o(.rti_fn.0.end)
    __rt_init_rti_board_end                  0x08003b08   Data           4  components.o(.rti_fn.1.end)
    __rt_init_finsh_system_init              0x08003b0c   Data           4  shell.o(.rti_fn.6)
    __rt_init_rti_end                        0x08003b10   Data           4  components.o(.rti_fn.6.end)
    FSymTab$$Base                            0x08003b14   Number         0  cmd.o(FSymTab)
    __fsym_hello                             0x08003b14   Data           8  cmd.o(FSymTab)
    __fsym_version                           0x08003b1c   Data           8  cmd.o(FSymTab)
    __fsym___cmd_version                     0x08003b24   Data           8  cmd.o(FSymTab)
    __fsym_list_thread                       0x08003b2c   Data           8  cmd.o(FSymTab)
    __fsym___cmd_list_thread                 0x08003b34   Data           8  cmd.o(FSymTab)
    __fsym_list_sem                          0x08003b3c   Data           8  cmd.o(FSymTab)
    __fsym___cmd_list_sem                    0x08003b44   Data           8  cmd.o(FSymTab)
    __fsym_list_mailbox                      0x08003b4c   Data           8  cmd.o(FSymTab)
    __fsym___cmd_list_mailbox                0x08003b54   Data           8  cmd.o(FSymTab)
    __fsym_list_timer                        0x08003b5c   Data           8  cmd.o(FSymTab)
    __fsym___cmd_list_timer                  0x08003b64   Data           8  cmd.o(FSymTab)
    __fsym_list                              0x08003b6c   Data           8  cmd.o(FSymTab)
    __fsym___cmd_help                        0x08003b74   Data           8  msh.o(FSymTab)
    __fsym___cmd_ps                          0x08003b7c   Data           8  msh.o(FSymTab)
    FSymTab$$Limit                           0x08003b84   Number         0  msh.o(FSymTab)
    Region$$Table$$Base                      0x08003b84   Number         0  anon$$obj.o(Region$$Table)
    Region$$Table$$Limit                     0x08003ba4   Number         0  anon$$obj.o(Region$$Table)
    SystemCoreClock                          0x20000000   Data           4  system_stm32f10x.o(.data)
    AHBPrescTable                            0x20000004   Data          16  system_stm32f10x.o(.data)
    rt_interrupt_nest                        0x2000002c   Data           1  irq.o(.data)
    rt_current_thread                        0x20000074   Data           4  scheduler.o(.data)
    rt_current_priority                      0x20000078   Data           1  scheduler.o(.data)
    rt_thread_ready_priority_group           0x2000007c   Data           4  scheduler.o(.data)
    rt_thread_defunct                        0x20000080   Data           8  scheduler.o(.data)
    rt_interrupt_from_thread                 0x20000094   Data           4  cpuport.o(.data)
    rt_interrupt_to_thread                   0x20000098   Data           4  cpuport.o(.data)
    rt_thread_switch_interrupt_flag          0x2000009c   Data           4  cpuport.o(.data)
    _syscall_table_begin                     0x200000a4   Data           4  shell.o(.data)
    _syscall_table_end                       0x200000a8   Data           4  shell.o(.data)
    _sysvar_table_begin                      0x200000ac   Data           4  shell.o(.data)
    _sysvar_table_end                        0x200000b0   Data           4  shell.o(.data)
    shell                                    0x200000b4   Data           4  shell.o(.data)
    main_thread                              0x200002c0   Data         120  components.o(.bss)
    rt_thread_priority_table                 0x200004b0   Data          64  scheduler.o(.bss)
    _shell                                   0x20000768   Data         120  shell.o(.bss)
    uart_rx_buf                              0x20000b54   Data          16  usart.o(.bss)
    uart_rxcb                                0x20000b64   Data          12  usart.o(.bss)
    __libspace_start                         0x20000b90   Data          96  libspace.o(.bss)
    __temporary_stack_top$libspace           0x20000bf0   Data           0  libspace.o(.bss)



==============================================================================

Memory Map of the image

  Image Entry point : 0x08000131

  Load Region LR_IROM1 (Base: 0x08000000, Size: 0x00003c60, Max: 0x00080000, ABSOLUTE)

    Execution Region ER_IROM1 (Base: 0x08000000, Size: 0x00003ba4, Max: 0x00080000, ABSOLUTE)

    Base Addr    Size         Type   Attr      Idx    E Section Name        Object

    0x08000000   0x00000130   Data   RO          132    RESET               startup_stm32f10x_hd.o
    0x08000130   0x00000008   Code   RO         4438  * !!!main             c_w.l(__main.o)
    0x08000138   0x00000034   Code   RO         4595    !!!scatter          c_w.l(__scatter.o)
    0x0800016c   0x0000001a   Code   RO         4597    !!handler_copy      c_w.l(__scatter_copy.o)
    0x08000186   0x00000002   PAD
    0x08000188   0x0000001c   Code   RO         4599    !!handler_zi        c_w.l(__scatter_zi.o)
    0x080001a4   0x00000002   Code   RO         4465    .ARM.Collect$$libinit$$00000000  c_w.l(libinit.o)
    0x080001a6   0x00000000   Code   RO         4472    .ARM.Collect$$libinit$$00000002  c_w.l(libinit2.o)
    0x080001a6   0x00000000   Code   RO         4474    .ARM.Collect$$libinit$$00000004  c_w.l(libinit2.o)
    0x080001a6   0x00000000   Code   RO         4477    .ARM.Collect$$libinit$$0000000A  c_w.l(libinit2.o)
    0x080001a6   0x00000000   Code   RO         4479    .ARM.Collect$$libinit$$0000000C  c_w.l(libinit2.o)
    0x080001a6   0x00000000   Code   RO         4481    .ARM.Collect$$libinit$$0000000E  c_w.l(libinit2.o)
    0x080001a6   0x00000000   Code   RO         4484    .ARM.Collect$$libinit$$00000011  c_w.l(libinit2.o)
    0x080001a6   0x00000000   Code   RO         4486    .ARM.Collect$$libinit$$00000013  c_w.l(libinit2.o)
    0x080001a6   0x00000000   Code   RO         4488    .ARM.Collect$$libinit$$00000015  c_w.l(libinit2.o)
    0x080001a6   0x00000000   Code   RO         4490    .ARM.Collect$$libinit$$00000017  c_w.l(libinit2.o)
    0x080001a6   0x00000000   Code   RO         4492    .ARM.Collect$$libinit$$00000019  c_w.l(libinit2.o)
    0x080001a6   0x00000000   Code   RO         4494    .ARM.Collect$$libinit$$0000001B  c_w.l(libinit2.o)
    0x080001a6   0x00000000   Code   RO         4496    .ARM.Collect$$libinit$$0000001D  c_w.l(libinit2.o)
    0x080001a6   0x00000000   Code   RO         4498    .ARM.Collect$$libinit$$0000001F  c_w.l(libinit2.o)
    0x080001a6   0x00000000   Code   RO         4500    .ARM.Collect$$libinit$$00000021  c_w.l(libinit2.o)
    0x080001a6   0x00000000   Code   RO         4502    .ARM.Collect$$libinit$$00000023  c_w.l(libinit2.o)
    0x080001a6   0x00000000   Code   RO         4504    .ARM.Collect$$libinit$$00000025  c_w.l(libinit2.o)
    0x080001a6   0x00000000   Code   RO         4508    .ARM.Collect$$libinit$$0000002C  c_w.l(libinit2.o)
    0x080001a6   0x00000000   Code   RO         4510    .ARM.Collect$$libinit$$0000002E  c_w.l(libinit2.o)
    0x080001a6   0x00000000   Code   RO         4512    .ARM.Collect$$libinit$$00000030  c_w.l(libinit2.o)
    0x080001a6   0x00000000   Code   RO         4514    .ARM.Collect$$libinit$$00000032  c_w.l(libinit2.o)
    0x080001a6   0x00000002   Code   RO         4515    .ARM.Collect$$libinit$$00000033  c_w.l(libinit2.o)
    0x080001a8   0x00000002   Code   RO         4535    .ARM.Collect$$libshutdown$$00000000  c_w.l(libshutdown.o)
    0x080001aa   0x00000000   Code   RO         4548    .ARM.Collect$$libshutdown$$00000002  c_w.l(libshutdown2.o)
    0x080001aa   0x00000000   Code   RO         4550    .ARM.Collect$$libshutdown$$00000004  c_w.l(libshutdown2.o)
    0x080001aa   0x00000000   Code   RO         4553    .ARM.Collect$$libshutdown$$00000007  c_w.l(libshutdown2.o)
    0x080001aa   0x00000000   Code   RO         4556    .ARM.Collect$$libshutdown$$0000000A  c_w.l(libshutdown2.o)
    0x080001aa   0x00000000   Code   RO         4558    .ARM.Collect$$libshutdown$$0000000C  c_w.l(libshutdown2.o)
    0x080001aa   0x00000000   Code   RO         4561    .ARM.Collect$$libshutdown$$0000000F  c_w.l(libshutdown2.o)
    0x080001aa   0x00000002   Code   RO         4562    .ARM.Collect$$libshutdown$$00000010  c_w.l(libshutdown2.o)
    0x080001ac   0x00000000   Code   RO         4440    .ARM.Collect$$rtentry$$00000000  c_w.l(__rtentry.o)
    0x080001ac   0x00000000   Code   RO         4442    .ARM.Collect$$rtentry$$00000002  c_w.l(__rtentry2.o)
    0x080001ac   0x00000006   Code   RO         4454    .ARM.Collect$$rtentry$$00000004  c_w.l(__rtentry4.o)
    0x080001b2   0x00000000   Code   RO         4444    .ARM.Collect$$rtentry$$00000009  c_w.l(__rtentry2.o)
    0x080001b2   0x00000004   Code   RO         4445    .ARM.Collect$$rtentry$$0000000A  c_w.l(__rtentry2.o)
    0x080001b6   0x00000000   Code   RO         4447    .ARM.Collect$$rtentry$$0000000C  c_w.l(__rtentry2.o)
    0x080001b6   0x00000008   Code   RO         4448    .ARM.Collect$$rtentry$$0000000D  c_w.l(__rtentry2.o)
    0x080001be   0x00000002   Code   RO         4469    .ARM.Collect$$rtexit$$00000000  c_w.l(rtexit.o)
    0x080001c0   0x00000000   Code   RO         4517    .ARM.Collect$$rtexit$$00000002  c_w.l(rtexit2.o)
    0x080001c0   0x00000004   Code   RO         4518    .ARM.Collect$$rtexit$$00000003  c_w.l(rtexit2.o)
    0x080001c4   0x00000006   Code   RO         4519    .ARM.Collect$$rtexit$$00000004  c_w.l(rtexit2.o)
    0x080001ca   0x00000002   PAD
    0x080001cc   0x00000040   Code   RO          133    .text               startup_stm32f10x_hd.o
    0x0800020c   0x000000f4   Code   RO         4013    .text               context_rvds.o
    0x08000300   0x00000048   Code   RO         4420    .text               c_w.l(strcpy.o)
    0x08000348   0x0000003e   Code   RO         4422    .text               c_w.l(strlen.o)
    0x08000386   0x00000096   Code   RO         4424    .text               c_w.l(strncmp.o)
    0x0800041c   0x00000018   Code   RO         4426    .text               c_w.l(strcat.o)
    0x08000434   0x00000064   Code   RO         4428    .text               c_w.l(rt_memcpy_w.o)
    0x08000498   0x00000044   Code   RO         4430    .text               c_w.l(rt_memclr.o)
    0x080004dc   0x0000004e   Code   RO         4432    .text               c_w.l(rt_memclr_w.o)
    0x0800052a   0x00000056   Code   RO         4434    .text               c_w.l(strncpy.o)
    0x08000580   0x00000006   Code   RO         4436    .text               c_w.l(heapauxi.o)
    0x08000586   0x0000004a   Code   RO         4456    .text               c_w.l(sys_stackheap_outer.o)
    0x080005d0   0x00000012   Code   RO         4458    .text               c_w.l(exit.o)
    0x080005e2   0x00000002   PAD
    0x080005e4   0x00000008   Code   RO         4466    .text               c_w.l(libspace.o)
    0x080005ec   0x0000000c   Code   RO         4527    .text               c_w.l(sys_exit.o)
    0x080005f8   0x00000002   Code   RO         4538    .text               c_w.l(use_no_semi.o)
    0x080005fa   0x00000000   Code   RO         4540    .text               c_w.l(indicate_semi.o)
    0x080005fa   0x0000000a   Code   RO         3174    i.$Sub$$main        components.o
    0x08000604   0x00000116   Code   RO         1292    i.GPIO_Init         stm32f10x_gpio.o
    0x0800071a   0x00000004   Code   RO         1299    i.GPIO_ResetBits    stm32f10x_gpio.o
    0x0800071e   0x00000004   Code   RO         1300    i.GPIO_SetBits      stm32f10x_gpio.o
    0x08000722   0x00000002   PAD
    0x08000724   0x0000004c   Code   RO         4301    i.LED_GPIO_Config   led.o
    0x08000770   0x00000028   Code   RO         4302    i.LED_RED_thread_entry  led.o
    0x08000798   0x00000038   Code   RO         4303    i.LED_RED_thread_init  led.o
    0x080007d0   0x00000010   Code   RO         4304    i.LED_RED_thread_startup  led.o
    0x080007e0   0x00000028   Code   RO         4305    i.LED_YELLOW_thread_entry  led.o
    0x08000808   0x0000003c   Code   RO         4306    i.LED_YELLOW_thread_init  led.o
    0x08000844   0x00000010   Code   RO         4307    i.LED_YELLOW_thread_startup  led.o
    0x08000854   0x00000070   Code   RO          137    i.NVIC_Init         misc.o
    0x080008c4   0x00000020   Code   RO         1710    i.RCC_APB2PeriphClockCmd  stm32f10x_rcc.o
    0x080008e4   0x000000d4   Code   RO         1718    i.RCC_GetClocksFreq  stm32f10x_rcc.o
    0x080009b8   0x00000008   Code   RO           17    i.SetSysClock       system_stm32f10x.o
    0x080009c0   0x000000e0   Code   RO           18    i.SetSysClockTo72   system_stm32f10x.o
    0x08000aa0   0x00000010   Code   RO         4269    i.SysTick_Handler   board.o
    0x08000ab0   0x00000060   Code   RO           20    i.SystemInit        system_stm32f10x.o
    0x08000b10   0x00000064   Code   RO         4361    i.USART1_IRQHandler  usart.o
    0x08000b74   0x00000018   Code   RO         2878    i.USART_Cmd         stm32f10x_usart.o
    0x08000b8c   0x000000d0   Code   RO         4362    i.USART_Config      usart.o
    0x08000c5c   0x0000001a   Code   RO         2881    i.USART_GetFlagStatus  stm32f10x_usart.o
    0x08000c76   0x00000054   Code   RO         2882    i.USART_GetITStatus  stm32f10x_usart.o
    0x08000cca   0x0000004a   Code   RO         2884    i.USART_ITConfig    stm32f10x_usart.o
    0x08000d14   0x000000d8   Code   RO         2885    i.USART_Init        stm32f10x_usart.o
    0x08000dec   0x00000008   Code   RO         2895    i.USART_SendData    stm32f10x_usart.o
    0x08000df4   0x0000004c   Code   RO         3438    i.__rt_ffs          kservice.o
    0x08000e40   0x00000014   Code   RO         3255    i._has_defunct_thread  idle.o
    0x08000e54   0x0000006a   Code   RO         4120    i._msh_exec_cmd     msh.o
    0x08000ebe   0x00000002   PAD
    0x08000ec0   0x00000084   Code   RO         3750    i._rt_thread_init   thread.o
    0x08000f44   0x00000042   Code   RO         3859    i._rt_timer_init    timer.o
    0x08000f86   0x0000002e   Code   RO         3860    i._rt_timer_remove  timer.o
    0x08000fb4   0x000000fc   Code   RO         3954    i.bus_fault_track   cpuport.o
    0x080010b0   0x0000000e   Code   RO         4121    i.cmd_ps            msh.o
    0x080010be   0x00000002   PAD
    0x080010c0   0x00000074   Code   RO         4187    i.finsh_get_prompt  shell.o
    0x08001134   0x00000008   Code   RO         4189    i.finsh_getchar     shell.o
    0x0800113c   0x0000001c   Code   RO         4191    i.finsh_set_prompt_mode  shell.o
    0x08001158   0x00000014   Code   RO         4192    i.finsh_system_function_init  shell.o
    0x0800116c   0x00000084   Code   RO         4193    i.finsh_system_init  shell.o
    0x080011f0   0x000003c8   Code   RO         4195    i.finsh_thread_entry  shell.o
    0x080015b8   0x00000080   Code   RO         3955    i.hard_fault_track  cpuport.o
    0x08001638   0x00000020   Code   RO         4017    i.hello             cmd.o
    0x08001658   0x00000058   Code   RO         4018    i.list              cmd.o
    0x080016b0   0x0000002a   Code   RO         4019    i.list_find_init    cmd.o
    0x080016da   0x00000088   Code   RO         4020    i.list_get_next     cmd.o
    0x08001762   0x00000002   PAD
    0x08001764   0x0000015c   Code   RO         4021    i.list_mailbox      cmd.o
    0x080018c0   0x00000138   Code   RO         4022    i.list_sem          cmd.o
    0x080019f8   0x000001e4   Code   RO         4023    i.list_thread       cmd.o
    0x08001bdc   0x00000160   Code   RO         4024    i.list_timer        cmd.o
    0x08001d3c   0x00000016   Code   RO         4349    i.main              main.o
    0x08001d52   0x0000000e   Code   RO         3175    i.main_thread_entry  components.o
    0x08001d60   0x000000e8   Code   RO         3956    i.mem_manage_fault_track  cpuport.o
    0x08001e48   0x000000a0   Code   RO         4122    i.msh_auto_complete  msh.o
    0x08001ee8   0x0000006c   Code   RO         4123    i.msh_exec          msh.o
    0x08001f54   0x0000005c   Code   RO         4124    i.msh_get_cmd       msh.o
    0x08001fb0   0x00000074   Code   RO         4125    i.msh_help          msh.o
    0x08002024   0x00000004   Code   RO         4126    i.msh_is_used       msh.o
    0x08002028   0x000000f0   Code   RO         4127    i.msh_split         msh.o
    0x08002118   0x0000001c   Code   RO         4025    i.object_split      cmd.o
    0x08002134   0x00000198   Code   RO         3440    i.print_number      kservice.o
    0x080022cc   0x00000040   Code   RO         3176    i.rt_application_init  components.o
    0x0800230c   0x0000001c   Code   RO         3177    i.rt_components_board_init  components.o
    0x08002328   0x0000001c   Code   RO         3178    i.rt_components_init  components.o
    0x08002344   0x00000020   Code   RO         3669    i.rt_enter_critical  scheduler.o
    0x08002364   0x00000044   Code   RO         3670    i.rt_exit_critical  scheduler.o
    0x080023a8   0x0000006c   Code   RO         4270    i.rt_hw_board_init  board.o
    0x08002414   0x0000002c   Code   RO         4363    i.rt_hw_console_getchar  usart.o
    0x08002440   0x00000050   Code   RO         4364    i.rt_hw_console_output  usart.o
    0x08002490   0x00000208   Code   RO         3960    i.rt_hw_hard_fault_exception  cpuport.o
    0x08002698   0x0000004c   Code   RO         3961    i.rt_hw_stack_init  cpuport.o
    0x080026e4   0x00000020   Code   RO         3411    i.rt_interrupt_enter  irq.o
    0x08002704   0x00000020   Code   RO         3413    i.rt_interrupt_leave  irq.o
    0x08002724   0x00000014   Code   RO         3295    i.rt_ipc_list_resume  ipc.o
    0x08002738   0x0000006c   Code   RO         3297    i.rt_ipc_list_suspend  ipc.o
    0x080027a4   0x00000010   Code   RO         3298    i.rt_ipc_object_init  ipc.o
    0x080027b4   0x00000030   Code   RO         3443    i.rt_kprintf        kservice.o
    0x080027e4   0x00000006   Code   RO         3299    i.rt_list_init      ipc.o
    0x080027ea   0x00000006   Code   RO         3671    i.rt_list_init      scheduler.o
    0x080027f0   0x00000006   Code   RO         3861    i.rt_list_init      timer.o
    0x080027f6   0x0000000e   Code   RO         3751    i.rt_list_insert_after  thread.o
    0x08002804   0x0000000e   Code   RO         3862    i.rt_list_insert_after  timer.o
    0x08002812   0x0000000e   Code   RO         3300    i.rt_list_insert_before  ipc.o
    0x08002820   0x00000010   Code   RO         3301    i.rt_list_isempty   ipc.o
    0x08002830   0x00000010   Code   RO         3863    i.rt_list_isempty   timer.o
    0x08002840   0x00000010   Code   RO         4026    i.rt_list_isempty   cmd.o
    0x08002850   0x00000014   Code   RO         4027    i.rt_list_len       cmd.o
    0x08002864   0x00000012   Code   RO         3752    i.rt_list_remove    thread.o
    0x08002876   0x00000042   Code   RO         3447    i.rt_memmove        kservice.o
    0x080028b8   0x00000048   Code   RO         3448    i.rt_memset         kservice.o
    0x08002900   0x0000002c   Code   RO         3615    i.rt_object_detach  object.o
    0x0800292c   0x00000028   Code   RO         3617    i.rt_object_get_information  object.o
    0x08002954   0x00000060   Code   RO         3619    i.rt_object_init    object.o
    0x080029b4   0x00000012   Code   RO         3620    i.rt_object_is_systemobject  object.o
    0x080029c6   0x0000006c   Code   RO         4365    i.rt_ringbuffer_data_len  usart.o
    0x08002a32   0x00000058   Code   RO         4366    i.rt_ringbuffer_getchar  usart.o
    0x08002a8a   0x00000030   Code   RO         4367    i.rt_ringbuffer_init  usart.o
    0x08002aba   0x0000005a   Code   RO         4368    i.rt_ringbuffer_putchar  usart.o
    0x08002b14   0x00000084   Code   RO         3672    i.rt_schedule       scheduler.o
    0x08002b98   0x00000050   Code   RO         3673    i.rt_schedule_insert_thread  scheduler.o
    0x08002be8   0x00000054   Code   RO         3674    i.rt_schedule_remove_thread  scheduler.o
    0x08002c3c   0x00000026   Code   RO         3310    i.rt_sem_init       ipc.o
    0x08002c62   0x0000003a   Code   RO         3311    i.rt_sem_release    ipc.o
    0x08002c9c   0x00000074   Code   RO         3312    i.rt_sem_take       ipc.o
    0x08002d10   0x000000b0   Code   RO         3450    i.rt_show_version   kservice.o
    0x08002dc0   0x00000012   Code   RO         3455    i.rt_strlen         kservice.o
    0x08002dd2   0x00000034   Code   RO         3457    i.rt_strncpy        kservice.o
    0x08002e06   0x00000002   PAD
    0x08002e08   0x0000004c   Code   RO         3675    i.rt_system_scheduler_init  scheduler.o
    0x08002e54   0x00000030   Code   RO         3676    i.rt_system_scheduler_start  scheduler.o
    0x08002e84   0x0000001c   Code   RO         3864    i.rt_system_timer_init  timer.o
    0x08002ea0   0x00000002   Code   RO         3865    i.rt_system_timer_thread_init  timer.o
    0x08002ea2   0x0000000c   Code   RO         3754    i.rt_thread_delay   thread.o
    0x08002eae   0x00000002   PAD
    0x08002eb0   0x00000054   Code   RO         3756    i.rt_thread_exit    thread.o
    0x08002f04   0x00000008   Code   RO         3256    i.rt_thread_idle_entry  idle.o
    0x08002f0c   0x00000080   Code   RO         3257    i.rt_thread_idle_excute  idle.o
    0x08002f8c   0x0000003c   Code   RO         3259    i.rt_thread_idle_init  idle.o
    0x08002fc8   0x00000034   Code   RO         3758    i.rt_thread_init    thread.o
    0x08002ffc   0x0000003c   Code   RO         3760    i.rt_thread_resume  thread.o
    0x08003038   0x0000000c   Code   RO         3761    i.rt_thread_self    thread.o
    0x08003044   0x00000044   Code   RO         3762    i.rt_thread_sleep   thread.o
    0x08003088   0x0000002c   Code   RO         3763    i.rt_thread_startup  thread.o
    0x080030b4   0x00000044   Code   RO         3764    i.rt_thread_suspend  thread.o
    0x080030f8   0x00000020   Code   RO         3765    i.rt_thread_timeout  thread.o
    0x08003118   0x00000064   Code   RO         3766    i.rt_thread_yield   thread.o
    0x0800317c   0x0000000c   Code   RO         3110    i.rt_tick_get       clock.o
    0x08003188   0x00000030   Code   RO         3111    i.rt_tick_increase  clock.o
    0x080031b8   0x0000007c   Code   RO         3866    i.rt_timer_check    timer.o
    0x08003234   0x00000038   Code   RO         3867    i.rt_timer_control  timer.o
    0x0800326c   0x00000020   Code   RO         3868    i.rt_timer_detach   timer.o
    0x0800328c   0x0000002e   Code   RO         3869    i.rt_timer_init     timer.o
    0x080032ba   0x00000002   PAD
    0x080032bc   0x000000f8   Code   RO         3872    i.rt_timer_start    timer.o
    0x080033b4   0x00000030   Code   RO         3873    i.rt_timer_stop     timer.o
    0x080033e4   0x00000330   Code   RO         3460    i.rt_vsnprintf      kservice.o
    0x08003714   0x00000004   Code   RO         3179    i.rti_board_end     components.o
    0x08003718   0x00000004   Code   RO         3180    i.rti_board_start   components.o
    0x0800371c   0x00000004   Code   RO         3181    i.rti_end           components.o
    0x08003720   0x00000004   Code   RO         3182    i.rti_start         components.o
    0x08003724   0x0000002a   Code   RO         3183    i.rtthread_startup  components.o
    0x0800374e   0x00000002   PAD
    0x08003750   0x00000038   Code   RO         4196    i.shell_auto_complete  shell.o
    0x08003788   0x00000030   Code   RO         4028    i.show_wait_queue   cmd.o
    0x080037b8   0x00000026   Code   RO         3462    i.skip_atoi         kservice.o
    0x080037de   0x00000020   Code   RO         4128    i.str_common        msh.o
    0x080037fe   0x00000002   PAD
    0x08003800   0x000000e8   Code   RO         3962    i.usage_fault_track  cpuport.o
    0x080038e8   0x0000000a   Code   RO         4029    i.version           cmd.o
    0x080038f2   0x00000122   Data   RO         3464    .constdata          kservice.o
    0x08003a14   0x00000093   Data   RO         4030    .constdata          cmd.o
    0x08003aa7   0x00000014   Data   RO         4129    .constdata          msh.o
    0x08003abb   0x00000001   PAD
    0x08003abc   0x00000044   Data   RO         4031    .conststring        cmd.o
    0x08003b00   0x00000004   Data   RO         3185    .rti_fn.0           components.o
    0x08003b04   0x00000004   Data   RO         3186    .rti_fn.0.end       components.o
    0x08003b08   0x00000004   Data   RO         3187    .rti_fn.1.end       components.o
    0x08003b0c   0x00000004   Data   RO         4199    .rti_fn.6           shell.o
    0x08003b10   0x00000004   Data   RO         3188    .rti_fn.6.end       components.o
    0x08003b14   0x00000060   Data   RO         4032    FSymTab             cmd.o
    0x08003b74   0x00000010   Data   RO         4130    FSymTab             msh.o
    0x08003b84   0x00000020   Data   RO         4593    Region$$Table       anon$$obj.o


    Execution Region RW_IRAM1 (Base: 0x20000000, Size: 0x000011f0, Max: 0x00010000, ABSOLUTE)

    Base Addr    Size         Type   Attr      Idx    E Section Name        Object

    0x20000000   0x00000014   Data   RW           21    .data               system_stm32f10x.o
    0x20000014   0x00000014   Data   RW         1738    .data               stm32f10x_rcc.o
    0x20000028   0x00000004   Data   RW         3113    .data               clock.o
    0x2000002c   0x00000001   Data   RW         3414    .data               irq.o
    0x2000002d   0x00000003   PAD
    0x20000030   0x00000040   Data   RW         3622    .data               object.o
    0x20000070   0x00000018   Data   RW         3678    .data               scheduler.o
    0x20000088   0x0000000c   Data   RW         3874    .data               timer.o
    0x20000094   0x00000010   Data   RW         3963    .data               cpuport.o
    0x200000a4   0x00000018   Data   RW         4198    .data               shell.o
    0x200000bc   0x00000004   PAD
    0x200000c0   0x00000278   Zero   RW         3184    .bss                components.o
    0x20000338   0x000000f8   Zero   RW         3260    .bss                idle.o
    0x20000430   0x00000080   Zero   RW         3463    .bss                kservice.o
    0x200004b0   0x00000040   Zero   RW         3677    .bss                scheduler.o
    0x200004f0   0x00000371   Zero   RW         4197    .bss                shell.o
    0x20000861   0x00000003   PAD
    0x20000864   0x000002f0   Zero   RW         4308    .bss                led.o
    0x20000b54   0x0000003c   Zero   RW         4369    .bss                usart.o
    0x20000b90   0x00000060   Zero   RW         4467    .bss                c_w.l(libspace.o)
    0x20000bf0   0x00000200   Zero   RW          131    HEAP                startup_stm32f10x_hd.o
    0x20000df0   0x00000400   Zero   RW          130    STACK               startup_stm32f10x_hd.o


==============================================================================

Image component sizes


      Code (inc. data)   RO Data    RW Data    ZI Data      Debug   Object Name

       124         12          0          0          0      16964   board.o
        60         12          0          4          0       7867   clock.o
      1916        642        311          0          0      13862   cmd.o
       202         38         16          0        632       5612   components.o
       244         26          0          0          0        772   context_rvds.o
         0          0          0          0          0       4540   core_cm3.o
      1440        724          0         16          0       5302   cpuport.o
       216         32          0          0        248       5362   idle.o
       392          0          0          0          0       7957   ipc.o
        64         12          0          1          0       1486   irq.o
      1770        164        290          0        128       9189   kservice.o
       304         76          0          0        752       3770   led.o
        22          0          0          0          0        439   main.o
       112         12          0          0          0       1156   misc.o
       872        154         36          0          0       8037   msh.o
       198          4          0         64          0       6064   object.o
       526         90          0         24         64       8150   scheduler.o
      1328        138          4         24        881       9803   shell.o
        64         26        304          0       1536        920   startup_stm32f10x_hd.o
       286          0          0          0          0       3268   stm32f10x_gpio.o
       244         26          0         20          0       4065   stm32f10x_rcc.o
       432          6          0          0          0       6009   stm32f10x_usart.o
       328         28          0         20          0     231129   system_stm32f10x.o
       696         36          0          0          0      10432   thread.o
       732         20          0         12          0      10688   timer.o
       766         60          0          0         60       5380   usart.o

    ----------------------------------------------------------------------
     13356       2338        994        188       4308     388223   Object Totals
         0          0         32          0          0          0   (incl. Generated)
        18          0          1          3          7          0   (incl. Padding)

    ----------------------------------------------------------------------

      Code (inc. data)   RO Data    RW Data    ZI Data      Debug   Library Member Name

         8          0          0          0          0         68   __main.o
         0          0          0          0          0          0   __rtentry.o
        12          0          0          0          0          0   __rtentry2.o
         6          0          0          0          0          0   __rtentry4.o
        52          8          0          0          0          0   __scatter.o
        26          0          0          0          0          0   __scatter_copy.o
        28          0          0          0          0          0   __scatter_zi.o
        18          0          0          0          0         80   exit.o
         6          0          0          0          0        152   heapauxi.o
         0          0          0          0          0          0   indicate_semi.o
         2          0          0          0          0          0   libinit.o
         2          0          0          0          0          0   libinit2.o
         2          0          0          0          0          0   libshutdown.o
         2          0          0          0          0          0   libshutdown2.o
         8          4          0          0         96         68   libspace.o
        68          0          0          0          0         68   rt_memclr.o
        78          0          0          0          0         80   rt_memclr_w.o
       100          0          0          0          0         80   rt_memcpy_w.o
         2          0          0          0          0          0   rtexit.o
        10          0          0          0          0          0   rtexit2.o
        24          0          0          0          0         68   strcat.o
        72          0          0          0          0         80   strcpy.o
        62          0          0          0          0         76   strlen.o
       150          0          0          0          0         80   strncmp.o
        86          0          0          0          0         76   strncpy.o
        12          4          0          0          0         68   sys_exit.o
        74          0          0          0          0         80   sys_stackheap_outer.o
         2          0          0          0          0         68   use_no_semi.o

    ----------------------------------------------------------------------
       918         16          0          0         96       1192   Library Totals
         6          0          0          0          0          0   (incl. Padding)

    ----------------------------------------------------------------------

      Code (inc. data)   RO Data    RW Data    ZI Data      Debug   Library Name

       912         16          0          0         96       1192   c_w.l

    ----------------------------------------------------------------------
       918         16          0          0         96       1192   Library Totals

    ----------------------------------------------------------------------

==============================================================================


      Code (inc. data)   RO Data    RW Data    ZI Data      Debug   

     14274       2354        994        188       4404     381611   Grand Totals
     14274       2354        994        188       4404     381611   ELF Image Totals
     14274       2354        994        188          0          0   ROM Totals

==============================================================================

    Total RO  Size (Code + RO Data)                15268 (  14.91kB)
    Total RW  Size (RW Data + ZI Data)              4592 (   4.48kB)
    Total ROM Size (Code + RO Data + RW Data)      15456 (  15.09kB)

==============================================================================

